Quality Gates	Set up job	﻿2026-03-20T21:10:08.2079700Z Current runner version: '2.332.0'
Quality Gates	Set up job	2026-03-20T21:10:08.2106833Z ##[group]Runner Image Provisioner
Quality Gates	Set up job	2026-03-20T21:10:08.2107704Z Hosted Compute Agent
Quality Gates	Set up job	2026-03-20T21:10:08.2108226Z Version: 20260213.493
Quality Gates	Set up job	2026-03-20T21:10:08.2108929Z Commit: 5c115507f6dd24b8de37d8bbe0bb4509d0cc0fa3
Quality Gates	Set up job	2026-03-20T21:10:08.2109636Z Build Date: 2026-02-13T00:28:41Z
Quality Gates	Set up job	2026-03-20T21:10:08.2110291Z Worker ID: {0753679b-7767-4f23-a210-93d57ede61c4}
Quality Gates	Set up job	2026-03-20T21:10:08.2111036Z Azure Region: centralus
Quality Gates	Set up job	2026-03-20T21:10:08.2111735Z ##[endgroup]
Quality Gates	Set up job	2026-03-20T21:10:08.2113152Z ##[group]Operating System
Quality Gates	Set up job	2026-03-20T21:10:08.2113861Z Ubuntu
Quality Gates	Set up job	2026-03-20T21:10:08.2114303Z 24.04.3
Quality Gates	Set up job	2026-03-20T21:10:08.2114811Z LTS
Quality Gates	Set up job	2026-03-20T21:10:08.2115329Z ##[endgroup]
Quality Gates	Set up job	2026-03-20T21:10:08.2115794Z ##[group]Runner Image
Quality Gates	Set up job	2026-03-20T21:10:08.2116353Z Image: ubuntu-24.04
Quality Gates	Set up job	2026-03-20T21:10:08.2116864Z Version: 20260309.50.1
Quality Gates	Set up job	2026-03-20T21:10:08.2117883Z Included Software: https://github.com/actions/runner-images/blob/ubuntu24/20260309.50/images/ubuntu/Ubuntu2404-Readme.md
Quality Gates	Set up job	2026-03-20T21:10:08.2119575Z Image Release: https://github.com/actions/runner-images/releases/tag/ubuntu24%2F20260309.50
Quality Gates	Set up job	2026-03-20T21:10:08.2120488Z ##[endgroup]
Quality Gates	Set up job	2026-03-20T21:10:08.2121914Z ##[group]GITHUB_TOKEN Permissions
Quality Gates	Set up job	2026-03-20T21:10:08.2124035Z Contents: read
Quality Gates	Set up job	2026-03-20T21:10:08.2124596Z Metadata: read
Quality Gates	Set up job	2026-03-20T21:10:08.2125197Z Packages: read
Quality Gates	Set up job	2026-03-20T21:10:08.2125722Z ##[endgroup]
Quality Gates	Set up job	2026-03-20T21:10:08.2127760Z Secret source: Actions
Quality Gates	Set up job	2026-03-20T21:10:08.2128804Z Prepare workflow directory
Quality Gates	Set up job	2026-03-20T21:10:08.2451769Z Prepare all required actions
Quality Gates	Set up job	2026-03-20T21:10:08.2489589Z Getting action download info
Quality Gates	Set up job	2026-03-20T21:10:08.6428590Z Download action repository 'actions/checkout@v4' (SHA:34e114876b0b11c390a56381ad16ebd13914f8d5)
Quality Gates	Set up job	2026-03-20T21:10:08.7648613Z Download action repository 'actions/setup-node@v4' (SHA:49933ea5288caeca8642d1e84afbd3f7d6820020)
Quality Gates	Set up job	2026-03-20T21:10:08.8579358Z Download action repository 'actions/upload-artifact@v4' (SHA:ea165f8d65b6e75b540449e92b4886f43607fa02)
Quality Gates	Set up job	2026-03-20T21:10:09.0772697Z Complete job name: Quality Gates
Quality Gates	Checkout Repository	﻿2026-03-20T21:10:09.1513472Z ##[group]Run actions/checkout@v4
Quality Gates	Checkout Repository	2026-03-20T21:10:09.1514296Z with:
Quality Gates	Checkout Repository	2026-03-20T21:10:09.1514714Z   repository: catcaio/projeto-condstore
Quality Gates	Checkout Repository	2026-03-20T21:10:09.1515387Z   token: ***
Quality Gates	Checkout Repository	2026-03-20T21:10:09.1515749Z   ssh-strict: true
Quality Gates	Checkout Repository	2026-03-20T21:10:09.1516128Z   ssh-user: git
Quality Gates	Checkout Repository	2026-03-20T21:10:09.1516519Z   persist-credentials: true
Quality Gates	Checkout Repository	2026-03-20T21:10:09.1516939Z   clean: true
Quality Gates	Checkout Repository	2026-03-20T21:10:09.1517325Z   sparse-checkout-cone-mode: true
Quality Gates	Checkout Repository	2026-03-20T21:10:09.1517781Z   fetch-depth: 1
Quality Gates	Checkout Repository	2026-03-20T21:10:09.1518153Z   fetch-tags: false
Quality Gates	Checkout Repository	2026-03-20T21:10:09.1518535Z   show-progress: true
Quality Gates	Checkout Repository	2026-03-20T21:10:09.1518910Z   lfs: false
Quality Gates	Checkout Repository	2026-03-20T21:10:09.1519284Z   submodules: false
Quality Gates	Checkout Repository	2026-03-20T21:10:09.1519676Z   set-safe-directory: true
Quality Gates	Checkout Repository	2026-03-20T21:10:09.1520290Z ##[endgroup]
Quality Gates	Checkout Repository	2026-03-20T21:10:09.2681486Z Syncing repository: catcaio/projeto-condstore
Quality Gates	Checkout Repository	2026-03-20T21:10:09.2684022Z ##[group]Getting Git version info
Quality Gates	Checkout Repository	2026-03-20T21:10:09.2685308Z Working directory is '/home/runner/work/projeto-condstore/projeto-condstore'
Quality Gates	Checkout Repository	2026-03-20T21:10:09.2687194Z [command]/usr/bin/git version
Quality Gates	Checkout Repository	2026-03-20T21:10:09.2772017Z git version 2.53.0
Quality Gates	Checkout Repository	2026-03-20T21:10:09.2798533Z ##[endgroup]
Quality Gates	Checkout Repository	2026-03-20T21:10:09.2812831Z Temporarily overriding HOME='/home/runner/work/_temp/47c6ee4f-0290-4ba9-8cb6-3a8a8c15f2e9' before making global git config changes
Quality Gates	Checkout Repository	2026-03-20T21:10:09.2815225Z Adding repository directory to the temporary git global config as a safe directory
Quality Gates	Checkout Repository	2026-03-20T21:10:09.2819062Z [command]/usr/bin/git config --global --add safe.directory /home/runner/work/projeto-condstore/projeto-condstore
Quality Gates	Checkout Repository	2026-03-20T21:10:09.2862331Z Deleting the contents of '/home/runner/work/projeto-condstore/projeto-condstore'
Quality Gates	Checkout Repository	2026-03-20T21:10:09.2865518Z ##[group]Initializing the repository
Quality Gates	Checkout Repository	2026-03-20T21:10:09.2869980Z [command]/usr/bin/git init /home/runner/work/projeto-condstore/projeto-condstore
Quality Gates	Checkout Repository	2026-03-20T21:10:09.2998670Z hint: Using 'master' as the name for the initial branch. This default branch name
Quality Gates	Checkout Repository	2026-03-20T21:10:09.3000534Z hint: will change to "main" in Git 3.0. To configure the initial branch name
Quality Gates	Checkout Repository	2026-03-20T21:10:09.3002643Z hint: to use in all of your new repositories, which will suppress this warning,
Quality Gates	Checkout Repository	2026-03-20T21:10:09.3004267Z hint: call:
Quality Gates	Checkout Repository	2026-03-20T21:10:09.3005089Z hint:
Quality Gates	Checkout Repository	2026-03-20T21:10:09.3005927Z hint: 	git config --global init.defaultBranch <name>
Quality Gates	Checkout Repository	2026-03-20T21:10:09.3006627Z hint:
Quality Gates	Checkout Repository	2026-03-20T21:10:09.3007258Z hint: Names commonly chosen instead of 'master' are 'main', 'trunk' and
Quality Gates	Checkout Repository	2026-03-20T21:10:09.3008325Z hint: 'development'. The just-created branch can be renamed via this command:
Quality Gates	Checkout Repository	2026-03-20T21:10:09.3009155Z hint:
Quality Gates	Checkout Repository	2026-03-20T21:10:09.3009580Z hint: 	git branch -m <name>
Quality Gates	Checkout Repository	2026-03-20T21:10:09.3010080Z hint:
Quality Gates	Checkout Repository	2026-03-20T21:10:09.3010783Z hint: Disable this message with "git config set advice.defaultBranchName false"
Quality Gates	Checkout Repository	2026-03-20T21:10:09.3012423Z Initialized empty Git repository in /home/runner/work/projeto-condstore/projeto-condstore/.git/
Quality Gates	Checkout Repository	2026-03-20T21:10:09.3020588Z [command]/usr/bin/git remote add origin https://github.com/catcaio/projeto-condstore
Quality Gates	Checkout Repository	2026-03-20T21:10:09.3064989Z ##[endgroup]
Quality Gates	Checkout Repository	2026-03-20T21:10:09.3067090Z ##[group]Disabling automatic garbage collection
Quality Gates	Checkout Repository	2026-03-20T21:10:09.3069266Z [command]/usr/bin/git config --local gc.auto 0
Quality Gates	Checkout Repository	2026-03-20T21:10:09.3103880Z ##[endgroup]
Quality Gates	Checkout Repository	2026-03-20T21:10:09.3111538Z ##[group]Setting up auth
Quality Gates	Checkout Repository	2026-03-20T21:10:09.3112746Z [command]/usr/bin/git config --local --name-only --get-regexp core\.sshCommand
Quality Gates	Checkout Repository	2026-03-20T21:10:09.3145313Z [command]/usr/bin/git submodule foreach --recursive sh -c "git config --local --name-only --get-regexp 'core\.sshCommand' && git config --local --unset-all 'core.sshCommand' || :"
Quality Gates	Checkout Repository	2026-03-20T21:10:09.3510237Z [command]/usr/bin/git config --local --name-only --get-regexp http\.https\:\/\/github\.com\/\.extraheader
Quality Gates	Checkout Repository	2026-03-20T21:10:09.3543189Z [command]/usr/bin/git submodule foreach --recursive sh -c "git config --local --name-only --get-regexp 'http\.https\:\/\/github\.com\/\.extraheader' && git config --local --unset-all 'http.https://github.com/.extraheader' || :"
Quality Gates	Checkout Repository	2026-03-20T21:10:09.3774968Z [command]/usr/bin/git config --local --name-only --get-regexp ^includeIf\.gitdir:
Quality Gates	Checkout Repository	2026-03-20T21:10:09.3813790Z [command]/usr/bin/git submodule foreach --recursive git config --local --show-origin --name-only --get-regexp remote.origin.url
Quality Gates	Checkout Repository	2026-03-20T21:10:09.4056287Z [command]/usr/bin/git config --local http.https://github.com/.extraheader AUTHORIZATION: basic ***
Quality Gates	Checkout Repository	2026-03-20T21:10:09.4091130Z ##[endgroup]
Quality Gates	Checkout Repository	2026-03-20T21:10:09.4093027Z ##[group]Fetching the repository
Quality Gates	Checkout Repository	2026-03-20T21:10:09.4101389Z [command]/usr/bin/git -c protocol.version=2 fetch --no-tags --prune --no-recurse-submodules --depth=1 origin +99cc34bcd038f7a879a0b4ba827d14cd44933052:refs/remotes/pull/183/merge
Quality Gates	Checkout Repository	2026-03-20T21:10:10.1697084Z From https://github.com/catcaio/projeto-condstore
Quality Gates	Checkout Repository	2026-03-20T21:10:10.1698758Z  * [new ref]         99cc34bcd038f7a879a0b4ba827d14cd44933052 -> pull/183/merge
Quality Gates	Checkout Repository	2026-03-20T21:10:10.1733377Z ##[endgroup]
Quality Gates	Checkout Repository	2026-03-20T21:10:10.1734593Z ##[group]Determining the checkout info
Quality Gates	Checkout Repository	2026-03-20T21:10:10.1738137Z ##[endgroup]
Quality Gates	Checkout Repository	2026-03-20T21:10:10.1741662Z [command]/usr/bin/git sparse-checkout disable
Quality Gates	Checkout Repository	2026-03-20T21:10:10.1785034Z [command]/usr/bin/git config --local --unset-all extensions.worktreeConfig
Quality Gates	Checkout Repository	2026-03-20T21:10:10.1814683Z ##[group]Checking out the ref
Quality Gates	Checkout Repository	2026-03-20T21:10:10.1819266Z [command]/usr/bin/git checkout --progress --force refs/remotes/pull/183/merge
Quality Gates	Checkout Repository	2026-03-20T21:10:10.3118787Z Note: switching to 'refs/remotes/pull/183/merge'.
Quality Gates	Checkout Repository	2026-03-20T21:10:10.3119877Z 
Quality Gates	Checkout Repository	2026-03-20T21:10:10.3120607Z You are in 'detached HEAD' state. You can look around, make experimental
Quality Gates	Checkout Repository	2026-03-20T21:10:10.3122414Z changes and commit them, and you can discard any commits you make in this
Quality Gates	Checkout Repository	2026-03-20T21:10:10.3123863Z state without impacting any branches by switching back to a branch.
Quality Gates	Checkout Repository	2026-03-20T21:10:10.3124701Z 
Quality Gates	Checkout Repository	2026-03-20T21:10:10.3125315Z If you want to create a new branch to retain commits you create, you may
Quality Gates	Checkout Repository	2026-03-20T21:10:10.3126763Z do so (now or later) by using -c with the switch command. Example:
Quality Gates	Checkout Repository	2026-03-20T21:10:10.3127962Z 
Quality Gates	Checkout Repository	2026-03-20T21:10:10.3128364Z   git switch -c <new-branch-name>
Quality Gates	Checkout Repository	2026-03-20T21:10:10.3128978Z 
Quality Gates	Checkout Repository	2026-03-20T21:10:10.3129344Z Or undo this operation with:
Quality Gates	Checkout Repository	2026-03-20T21:10:10.3129909Z 
Quality Gates	Checkout Repository	2026-03-20T21:10:10.3130232Z   git switch -
Quality Gates	Checkout Repository	2026-03-20T21:10:10.3130811Z 
Quality Gates	Checkout Repository	2026-03-20T21:10:10.3132034Z Turn off this advice by setting config variable advice.detachedHead to false
Quality Gates	Checkout Repository	2026-03-20T21:10:10.3133537Z 
Quality Gates	Checkout Repository	2026-03-20T21:10:10.3134605Z HEAD is now at 99cc34b Merge ee2e6532517a12f59e97204d3ebf3d30906c4f46 into 53e0acefbdc36bcef9b3b213b349295183f39075
Quality Gates	Checkout Repository	2026-03-20T21:10:10.3137896Z ##[endgroup]
Quality Gates	Checkout Repository	2026-03-20T21:10:10.3172585Z [command]/usr/bin/git log -1 --format=%H
Quality Gates	Checkout Repository	2026-03-20T21:10:10.3196357Z 99cc34bcd038f7a879a0b4ba827d14cd44933052
Quality Gates	Setup Node.js	﻿2026-03-20T21:10:10.3582698Z ##[group]Run actions/setup-node@v4
Quality Gates	Setup Node.js	2026-03-20T21:10:10.3583882Z with:
Quality Gates	Setup Node.js	2026-03-20T21:10:10.3584764Z   node-version: 20
Quality Gates	Setup Node.js	2026-03-20T21:10:10.3585685Z   cache: npm
Quality Gates	Setup Node.js	2026-03-20T21:10:10.3586569Z   always-auth: false
Quality Gates	Setup Node.js	2026-03-20T21:10:10.3587550Z   check-latest: false
Quality Gates	Setup Node.js	2026-03-20T21:10:10.3588809Z   token: ***
Quality Gates	Setup Node.js	2026-03-20T21:10:10.3589710Z ##[endgroup]
Quality Gates	Setup Node.js	2026-03-20T21:10:10.5389321Z Found in cache @ /opt/hostedtoolcache/node/20.20.1/x64
Quality Gates	Setup Node.js	2026-03-20T21:10:10.5397037Z ##[group]Environment details
Quality Gates	Setup Node.js	2026-03-20T21:10:10.9161760Z node: v20.20.1
Quality Gates	Setup Node.js	2026-03-20T21:10:10.9163184Z npm: 10.8.2
Quality Gates	Setup Node.js	2026-03-20T21:10:10.9163609Z yarn: 1.22.22
Quality Gates	Setup Node.js	2026-03-20T21:10:10.9164677Z ##[endgroup]
Quality Gates	Setup Node.js	2026-03-20T21:10:10.9183773Z [command]/opt/hostedtoolcache/node/20.20.1/x64/bin/npm config get cache
Quality Gates	Setup Node.js	2026-03-20T21:10:11.0394731Z /home/runner/.npm
Quality Gates	Setup Node.js	2026-03-20T21:10:11.2225556Z Cache hit for: node-cache-Linux-x64-npm-7d42c014d30f5f11c8ebececdc32eacf2ae2e324902963920a68ddb992618007
Quality Gates	Setup Node.js	2026-03-20T21:10:12.3692457Z Received 104857600 of 245320633 (42.7%), 99.4 MBs/sec
Quality Gates	Setup Node.js	2026-03-20T21:10:13.1281449Z Received 245320633 of 245320633 (100.0%), 132.6 MBs/sec
Quality Gates	Setup Node.js	2026-03-20T21:10:13.1284449Z Cache Size: ~234 MB (245320633 B)
Quality Gates	Setup Node.js	2026-03-20T21:10:13.1321050Z [command]/usr/bin/tar -xf /home/runner/work/_temp/dcec7815-7b83-4dcd-a2e7-2f516e40c0cc/cache.tzst -P -C /home/runner/work/projeto-condstore/projeto-condstore --use-compress-program unzstd
Quality Gates	Setup Node.js	2026-03-20T21:10:13.5810738Z Cache restored successfully
Quality Gates	Setup Node.js	2026-03-20T21:10:13.6312554Z Cache restored from key: node-cache-Linux-x64-npm-7d42c014d30f5f11c8ebececdc32eacf2ae2e324902963920a68ddb992618007
Quality Gates	Install dependencies	﻿2026-03-20T21:10:13.6494864Z ##[group]Run npm ci
Quality Gates	Install dependencies	2026-03-20T21:10:13.6495181Z [36;1mnpm ci[0m
Quality Gates	Install dependencies	2026-03-20T21:10:13.6557403Z shell: /usr/bin/bash -e {0}
Quality Gates	Install dependencies	2026-03-20T21:10:13.6557694Z ##[endgroup]
Quality Gates	Install dependencies	2026-03-20T21:10:19.6235242Z npm warn deprecated @esbuild-kit/esm-loader@2.6.5: Merged into tsx: https://tsx.is
Quality Gates	Install dependencies	2026-03-20T21:10:19.8152318Z npm warn deprecated @esbuild-kit/core-utils@3.3.2: Merged into tsx: https://tsx.is
Quality Gates	Install dependencies	2026-03-20T21:10:19.8862470Z npm warn deprecated scmp@2.1.0: Just use Node.js's crypto.timingSafeEqual()
Quality Gates	Install dependencies	2026-03-20T21:10:20.4189220Z npm warn deprecated node-domexception@1.0.0: Use your platform's native DOMException instead
Quality Gates	Install dependencies	2026-03-20T21:10:28.5890473Z 
Quality Gates	Install dependencies	2026-03-20T21:10:28.5891557Z > lojacond-frete-automacao@1.0.0 postinstall
Quality Gates	Install dependencies	2026-03-20T21:10:28.5892113Z > node scripts/patch-next-lint.mjs
Quality Gates	Install dependencies	2026-03-20T21:10:28.5892328Z 
Quality Gates	Install dependencies	2026-03-20T21:10:28.6458957Z [patch-next-lint] Lint command injected into Next CLI.
Quality Gates	Install dependencies	2026-03-20T21:10:28.6594376Z 
Quality Gates	Install dependencies	2026-03-20T21:10:28.6594770Z added 872 packages in 15s
Quality Gates	Env Leak Check	﻿2026-03-20T21:10:28.7590858Z ##[group]Run node scripts/check-env-leak.mjs
Quality Gates	Env Leak Check	2026-03-20T21:10:28.7591479Z [36;1mnode scripts/check-env-leak.mjs[0m
Quality Gates	Env Leak Check	2026-03-20T21:10:28.7650519Z shell: /usr/bin/bash -e {0}
Quality Gates	Env Leak Check	2026-03-20T21:10:28.7650801Z ##[endgroup]
Quality Gates	Env Leak Check	2026-03-20T21:10:28.7989511Z 🔍 Checking git tree for sensitive environment leaks...
Quality Gates	Env Leak Check	2026-03-20T21:10:28.8108139Z ✅ No tracked sensitive .env paths or secret filename signatures found inside git bounds.
Quality Gates	Verify Routes Guardrail	﻿2026-03-20T21:10:28.8178186Z ##[group]Run npm run routes:sync
Quality Gates	Verify Routes Guardrail	2026-03-20T21:10:28.8178494Z [36;1mnpm run routes:sync[0m
Quality Gates	Verify Routes Guardrail	2026-03-20T21:10:28.8227113Z shell: /usr/bin/bash -e {0}
Quality Gates	Verify Routes Guardrail	2026-03-20T21:10:28.8227363Z ##[endgroup]
Quality Gates	Verify Routes Guardrail	2026-03-20T21:10:28.9336073Z 
Quality Gates	Verify Routes Guardrail	2026-03-20T21:10:28.9336696Z > lojacond-frete-automacao@1.0.0 routes:sync
Quality Gates	Verify Routes Guardrail	2026-03-20T21:10:28.9337601Z > npm run routes:inventory && npm run routes:verify
Quality Gates	Verify Routes Guardrail	2026-03-20T21:10:28.9337928Z 
Quality Gates	Verify Routes Guardrail	2026-03-20T21:10:29.0465276Z 
Quality Gates	Verify Routes Guardrail	2026-03-20T21:10:29.0466147Z > lojacond-frete-automacao@1.0.0 routes:inventory
Quality Gates	Verify Routes Guardrail	2026-03-20T21:10:29.0466998Z > node --import tsx scripts/routes-inventory.ts
Quality Gates	Verify Routes Guardrail	2026-03-20T21:10:29.0467424Z 
Quality Gates	Verify Routes Guardrail	2026-03-20T21:10:29.2542375Z 🔍 Scanning src/app for routes...
Quality Gates	Verify Routes Guardrail	2026-03-20T21:10:29.2729111Z ✅ Detected 343 routes.
Quality Gates	Verify Routes Guardrail	2026-03-20T21:10:29.2733715Z 📄 Wrote inventory to docs/_generated/routes-inventory.md
Quality Gates	Verify Routes Guardrail	2026-03-20T21:10:29.3934620Z 
Quality Gates	Verify Routes Guardrail	2026-03-20T21:10:29.3935440Z > lojacond-frete-automacao@1.0.0 routes:verify
Quality Gates	Verify Routes Guardrail	2026-03-20T21:10:29.3936061Z > node --import tsx scripts/routes-verify.ts
Quality Gates	Verify Routes Guardrail	2026-03-20T21:10:29.3936410Z 
Quality Gates	Verify Routes Guardrail	2026-03-20T21:10:29.5839238Z 🛡️ Verifying active routes against registry...
Quality Gates	Verify Routes Guardrail	2026-03-20T21:10:29.5862825Z ✅ All 343 routes are documented in the registry.
Quality Gates	Verify Route Security Guards	﻿2026-03-20T21:10:29.6066183Z ##[group]Run npm run routes:verify-security
Quality Gates	Verify Route Security Guards	2026-03-20T21:10:29.6066563Z [36;1mnpm run routes:verify-security[0m
Quality Gates	Verify Route Security Guards	2026-03-20T21:10:29.6116119Z shell: /usr/bin/bash -e {0}
Quality Gates	Verify Route Security Guards	2026-03-20T21:10:29.6116382Z ##[endgroup]
Quality Gates	Verify Route Security Guards	2026-03-20T21:10:29.7252233Z 
Quality Gates	Verify Route Security Guards	2026-03-20T21:10:29.7253108Z > lojacond-frete-automacao@1.0.0 routes:verify-security
Quality Gates	Verify Route Security Guards	2026-03-20T21:10:29.7253901Z > node --import tsx scripts/routes-verify-security.ts
Quality Gates	Verify Route Security Guards	2026-03-20T21:10:29.7254229Z 
Quality Gates	Verify Route Security Guards	2026-03-20T21:10:29.9130544Z 🔒 Verifying security guardrails on protected routes...
Quality Gates	Verify Route Security Guards	2026-03-20T21:10:29.9349883Z ✅ All 168 protected routes have security guardrails.
Quality Gates	Run typecheck	﻿2026-03-20T21:10:29.9498419Z ##[group]Run npm run typecheck
Quality Gates	Run typecheck	2026-03-20T21:10:29.9498721Z [36;1mnpm run typecheck[0m
Quality Gates	Run typecheck	2026-03-20T21:10:29.9548636Z shell: /usr/bin/bash -e {0}
Quality Gates	Run typecheck	2026-03-20T21:10:29.9548877Z ##[endgroup]
Quality Gates	Run typecheck	2026-03-20T21:10:30.0738343Z 
Quality Gates	Run typecheck	2026-03-20T21:10:30.0738919Z > lojacond-frete-automacao@1.0.0 typecheck
Quality Gates	Run typecheck	2026-03-20T21:10:30.0739703Z > tsc -p tsconfig.build.json --noEmit
Quality Gates	Run typecheck	2026-03-20T21:10:30.0740084Z 
Quality Gates	Run lint	﻿2026-03-20T21:10:53.4043380Z ##[group]Run npm run lint
Quality Gates	Run lint	2026-03-20T21:10:53.4043652Z [36;1mnpm run lint[0m
Quality Gates	Run lint	2026-03-20T21:10:53.4090956Z shell: /usr/bin/bash -e {0}
Quality Gates	Run lint	2026-03-20T21:10:53.4091185Z ##[endgroup]
Quality Gates	Run lint	2026-03-20T21:10:53.5229623Z 
Quality Gates	Run lint	2026-03-20T21:10:53.5230320Z > lojacond-frete-automacao@1.0.0 lint
Quality Gates	Run lint	2026-03-20T21:10:53.5230886Z > next lint
Quality Gates	Run lint	2026-03-20T21:10:53.5231128Z 
Quality Gates	Run coverage gate	﻿2026-03-20T21:11:01.2684391Z ##[group]Run npm run test:coverage
Quality Gates	Run coverage gate	2026-03-20T21:11:01.2684719Z [36;1mnpm run test:coverage[0m
Quality Gates	Run coverage gate	2026-03-20T21:11:01.2732265Z shell: /usr/bin/bash -e {0}
Quality Gates	Run coverage gate	2026-03-20T21:11:01.2732509Z ##[endgroup]
Quality Gates	Run coverage gate	2026-03-20T21:11:01.3995374Z 
Quality Gates	Run coverage gate	2026-03-20T21:11:01.3996037Z > lojacond-frete-automacao@1.0.0 test:coverage
Quality Gates	Run coverage gate	2026-03-20T21:11:01.3998213Z > npm run lint:env && npm run lint:pii && cross-env ESBUILD_BINARY_PATH=node_modules/vite/node_modules/@esbuild/win32-x64/esbuild.exe NODE_OPTIONS=--require=./scripts/vitest-windows-eperm-workaround.cjs VITEST_POOL=forks vitest run --configLoader runner --config vitest.config.mjs --coverage
Quality Gates	Run coverage gate	2026-03-20T21:11:01.3999573Z 
Quality Gates	Run coverage gate	2026-03-20T21:11:01.5123694Z 
Quality Gates	Run coverage gate	2026-03-20T21:11:01.5124294Z > lojacond-frete-automacao@1.0.0 lint:env
Quality Gates	Run coverage gate	2026-03-20T21:11:01.5124991Z > node ./scripts/check-env-leak.mjs
Quality Gates	Run coverage gate	2026-03-20T21:11:01.5125309Z 
Quality Gates	Run coverage gate	2026-03-20T21:11:01.5427310Z 🔍 Checking git tree for sensitive environment leaks...
Quality Gates	Run coverage gate	2026-03-20T21:11:01.5530805Z ✅ No tracked sensitive .env paths or secret filename signatures found inside git bounds.
Quality Gates	Run coverage gate	2026-03-20T21:11:01.6700362Z 
Quality Gates	Run coverage gate	2026-03-20T21:11:01.6700802Z > lojacond-frete-automacao@1.0.0 lint:pii
Quality Gates	Run coverage gate	2026-03-20T21:11:01.6701702Z > node scripts/verify-no-plaintext-pii.mjs
Quality Gates	Run coverage gate	2026-03-20T21:11:01.6702097Z 
Quality Gates	Run coverage gate	2026-03-20T21:11:01.7067319Z 🛡️ [Gate] Iniciando varredura Anti-PII (Zero-Trust)...
Quality Gates	Run coverage gate	2026-03-20T21:11:01.7966155Z ✅ [Gate] Nenhum vazamento lógico de PII (CNPJ/CPF plaintext) encontrado no domínio transacional.
Quality Gates	Run coverage gate	2026-03-20T21:11:02.4990839Z 
Quality Gates	Run coverage gate	2026-03-20T21:11:02.4995082Z [1m[46m RUN [49m[22m [36mv4.0.18 [39m[90m/home/runner/work/projeto-condstore/projeto-condstore[39m
Quality Gates	Run coverage gate	2026-03-20T21:11:02.4996131Z       [2mCoverage enabled with [22m[33mv8[39m
Quality Gates	Run coverage gate	2026-03-20T21:11:02.4996658Z 
Quality Gates	Run coverage gate	2026-03-20T21:11:02.7693631Z [esbuild] Ignoring bad configuration: ESBUILD_BINARY_PATH=node_modules/vite/node_modules/@esbuild/win32-x64/esbuild.exe
Quality Gates	Run coverage gate	2026-03-20T21:11:03.3443882Z  [32m✓[39m src/core/ai/__tests__/tenant-state-resolver.test.ts [2m([22m[2m19 tests[22m[2m)[22m[32m 62[2mms[22m[39m
Quality Gates	Run coverage gate	2026-03-20T21:11:03.4695602Z [90mstdout[2m | src/app/api/webhook/stripe/__tests__/stripe-gates.test.ts
Quality Gates	Run coverage gate	2026-03-20T21:11:03.4699091Z [22m[39m{"timestamp":"2026-03-20T21:11:03.464Z","level":"INFO","message":"TenantRepository initialized","context":{"cacheTtlMinutes":10}}
Quality Gates	Run coverage gate	2026-03-20T21:11:03.4700013Z 
Quality Gates	Run coverage gate	2026-03-20T21:11:03.5682554Z  [32m✓[39m src/app/api/webhook/stripe/__tests__/stripe-gates.test.ts [2m([22m[2m12 tests[22m[2m)[22m[32m 15[2mms[22m[39m
Quality Gates	Run coverage gate	2026-03-20T21:11:03.9543180Z  [32m✓[39m src/modules/frank/whatsapp-orchestrator.test.ts [2m([22m[2m8 tests[22m[2m)[22m[32m 25[2mms[22m[39m
Quality Gates	Run coverage gate	2026-03-20T21:11:04.0124651Z [90mstdout[2m | src/modules/atendimento/__tests__/whatsapp-inbound-orchestrator.service.test.ts[2m > [22m[2mWhatsApp Inbound Orchestrator[2m > [22m[2mShould block duplicate webhooks (Idempotent)
Quality Gates	Run coverage gate	2026-03-20T21:11:04.0133090Z [22m[39m{"timestamp":"2026-03-20T21:11:04.007Z","level":"info","message":"whatsapp_orchestrator_step","context":{"step":"entrada_process","tenantId":"t1","messageSid":"[REDACTED]","requestId":"Req1","fromHash":"hash"}}
Quality Gates	Run coverage gate	2026-03-20T21:11:04.0137632Z 
Quality Gates	Run coverage gate	2026-03-20T21:11:04.0141486Z [90mstdout[2m | src/modules/atendimento/__tests__/whatsapp-inbound-orchestrator.service.test.ts[2m > [22m[2mWhatsApp Inbound Orchestrator[2m > [22m[2mShould block duplicate webhooks (Idempotent)
Quality Gates	Run coverage gate	2026-03-20T21:11:04.0153063Z [22m[39m{"timestamp":"2026-03-20T21:11:04.010Z","level":"info","message":"whatsapp_webhook_dedupe_hit","context":{"tenantId":"t1","messageSid":"[REDACTED]","requestId":"Req1"}}
Quality Gates	Run coverage gate	2026-03-20T21:11:04.0154229Z 
Quality Gates	Run coverage gate	2026-03-20T21:11:04.0156222Z [90mstdout[2m | src/modules/atendimento/__tests__/whatsapp-inbound-orchestrator.service.test.ts[2m > [22m[2mWhatsApp Inbound Orchestrator[2m > [22m[2mShould block without LGPD consent and send warning
Quality Gates	Run coverage gate	2026-03-20T21:11:04.0159543Z [22m[39m{"timestamp":"2026-03-20T21:11:04.012Z","level":"info","message":"whatsapp_orchestrator_step","context":{"step":"entrada_process","tenantId":"t1","messageSid":"[REDACTED]","requestId":"Req1","fromHash":"hash"}}
Quality Gates	Run coverage gate	2026-03-20T21:11:04.0161474Z 
Quality Gates	Run coverage gate	2026-03-20T21:11:04.0163429Z [90mstdout[2m | src/modules/atendimento/__tests__/whatsapp-inbound-orchestrator.service.test.ts[2m > [22m[2mWhatsApp Inbound Orchestrator[2m > [22m[2mShould abort AI processing when operator_active
Quality Gates	Run coverage gate	2026-03-20T21:11:04.0166809Z [22m[39m{"timestamp":"2026-03-20T21:11:04.014Z","level":"info","message":"whatsapp_orchestrator_step","context":{"step":"entrada_process","tenantId":"t1","messageSid":"[REDACTED]","requestId":"Req1","fromHash":"hash"}}
Quality Gates	Run coverage gate	2026-03-20T21:11:04.0168197Z 
Quality Gates	Run coverage gate	2026-03-20T21:11:04.0170114Z [90mstdout[2m | src/modules/atendimento/__tests__/whatsapp-inbound-orchestrator.service.test.ts[2m > [22m[2mWhatsApp Inbound Orchestrator[2m > [22m[2mShould abort AI processing when operator_active
Quality Gates	Run coverage gate	2026-03-20T21:11:04.0184021Z [22m[39m{"timestamp":"2026-03-20T21:11:04.014Z","level":"info","message":"whatsapp_orchestrator_step","context":{"step":"iniciando_resolucao_customer","tenantId":"t1","messageSid":"[REDACTED]","requestId":"Req1","fromHash":"hash"}}
Quality Gates	Run coverage gate	2026-03-20T21:11:04.0185545Z 
Quality Gates	Run coverage gate	2026-03-20T21:11:04.0187547Z [90mstderr[2m | src/modules/atendimento/__tests__/whatsapp-inbound-orchestrator.service.test.ts[2m > [22m[2mWhatsApp Inbound Orchestrator[2m > [22m[2mShould abort AI processing when operator_active
Quality Gates	Run coverage gate	2026-03-20T21:11:04.0189870Z [22m[39m[pii] PII_ENCRYPTION_KEY missing in dev/test; using insecure fallback encryption key
Quality Gates	Run coverage gate	2026-03-20T21:11:04.0190570Z 
Quality Gates	Run coverage gate	2026-03-20T21:11:04.0192718Z [90mstdout[2m | src/modules/atendimento/__tests__/whatsapp-inbound-orchestrator.service.test.ts[2m > [22m[2mWhatsApp Inbound Orchestrator[2m > [22m[2mShould abort AI processing when operator_active
Quality Gates	Run coverage gate	2026-03-20T21:11:04.0239224Z [22m[39m{"timestamp":"2026-03-20T21:11:04.014Z","level":"info","message":"whatsapp_orchestrator_step","context":{"step":"customer_resolvido","tenantId":"t1","messageSid":"[REDACTED]","requestId":"Req1","customerId":"cust1"}}
Quality Gates	Run coverage gate	2026-03-20T21:11:04.0247692Z {"timestamp":"2026-03-20T21:11:04.014Z","level":"info","message":"customer_matched_to_conversation","context":{"tenantId":"t1","phoneHash":"[REDACTED]","contactId":"cnt1","organizationId":"org1","customerId":"cust1","eventType":"customer_matched_to_conversation"}}
Quality Gates	Run coverage gate	2026-03-20T21:11:04.0249415Z 
Quality Gates	Run coverage gate	2026-03-20T21:11:04.0251766Z [90mstdout[2m | src/modules/atendimento/__tests__/whatsapp-inbound-orchestrator.service.test.ts[2m > [22m[2mWhatsApp Inbound Orchestrator[2m > [22m[2mShould abort AI processing when operator_active
Quality Gates	Run coverage gate	2026-03-20T21:11:04.0275269Z [22m[39m{"timestamp":"2026-03-20T21:11:04.015Z","level":"info","message":"whatsapp_orchestrator_step","context":{"step":"iniciando_resolucao_conversation","tenantId":"t1","messageSid":"[REDACTED]","requestId":"Req1","fromHash":"hash"}}
Quality Gates	Run coverage gate	2026-03-20T21:11:04.0276836Z 
Quality Gates	Run coverage gate	2026-03-20T21:11:04.0310689Z [90mstdout[2m | src/modules/atendimento/__tests__/whatsapp-inbound-orchestrator.service.test.ts[2m > [22m[2mWhatsApp Inbound Orchestrator[2m > [22m[2mShould abort AI processing when operator_active
Quality Gates	Run coverage gate	2026-03-20T21:11:04.0314600Z [22m[39m{"timestamp":"2026-03-20T21:11:04.017Z","level":"info","message":"whatsapp_orchestrator_step","context":{"step":"conversation_resolvida","tenantId":"t1","messageSid":"[REDACTED]","requestId":"Req1","conversationId":"c1"}}
Quality Gates	Run coverage gate	2026-03-20T21:11:04.0317873Z {"timestamp":"2026-03-20T21:11:04.017Z","level":"info","message":"whatsapp_orchestrator_step","context":{"step":"iniciando_persist_message_operator","tenantId":"t1","messageSid":"[REDACTED]","requestId":"Req1","conversationId":"c1"}}
Quality Gates	Run coverage gate	2026-03-20T21:11:04.0319373Z 
Quality Gates	Run coverage gate	2026-03-20T21:11:04.0321542Z [90mstdout[2m | src/modules/atendimento/__tests__/whatsapp-inbound-orchestrator.service.test.ts[2m > [22m[2mWhatsApp Inbound Orchestrator[2m > [22m[2mShould allow normal flow and detect products
Quality Gates	Run coverage gate	2026-03-20T21:11:04.0324952Z [22m[39m{"timestamp":"2026-03-20T21:11:04.018Z","level":"info","message":"whatsapp_orchestrator_step","context":{"step":"entrada_process","tenantId":"t1","messageSid":"[REDACTED]","requestId":"Req1","fromHash":"hash"}}
Quality Gates	Run coverage gate	2026-03-20T21:11:04.0326667Z 
Quality Gates	Run coverage gate	2026-03-20T21:11:04.0328584Z [90mstdout[2m | src/modules/atendimento/__tests__/whatsapp-inbound-orchestrator.service.test.ts[2m > [22m[2mWhatsApp Inbound Orchestrator[2m > [22m[2mShould allow normal flow and detect products
Quality Gates	Run coverage gate	2026-03-20T21:11:04.0338316Z [22m[39m{"timestamp":"2026-03-20T21:11:04.019Z","level":"info","message":"whatsapp_orchestrator_step","context":{"step":"iniciando_resolucao_customer","tenantId":"t1","messageSid":"[REDACTED]","requestId":"Req1","fromHash":"hash"}}
Quality Gates	Run coverage gate	2026-03-20T21:11:04.0349240Z 
Quality Gates	Run coverage gate	2026-03-20T21:11:04.0351172Z [90mstdout[2m | src/modules/atendimento/__tests__/whatsapp-inbound-orchestrator.service.test.ts[2m > [22m[2mWhatsApp Inbound Orchestrator[2m > [22m[2mShould allow normal flow and detect products
Quality Gates	Run coverage gate	2026-03-20T21:11:04.0359608Z [22m[39m{"timestamp":"2026-03-20T21:11:04.019Z","level":"info","message":"whatsapp_orchestrator_step","context":{"step":"customer_resolvido","tenantId":"t1","messageSid":"[REDACTED]","requestId":"Req1","customerId":"cust1"}}
Quality Gates	Run coverage gate	2026-03-20T21:11:04.0363400Z {"timestamp":"2026-03-20T21:11:04.019Z","level":"info","message":"customer_matched_to_conversation","context":{"tenantId":"t1","phoneHash":"[REDACTED]","contactId":"cnt1","organizationId":"org1","customerId":"cust1","eventType":"customer_matched_to_conversation"}}
Quality Gates	Run coverage gate	2026-03-20T21:11:04.0365320Z 
Quality Gates	Run coverage gate	2026-03-20T21:11:04.0367241Z [90mstdout[2m | src/modules/atendimento/__tests__/whatsapp-inbound-orchestrator.service.test.ts[2m > [22m[2mWhatsApp Inbound Orchestrator[2m > [22m[2mShould allow normal flow and detect products
Quality Gates	Run coverage gate	2026-03-20T21:11:04.0370778Z [22m[39m{"timestamp":"2026-03-20T21:11:04.020Z","level":"info","message":"whatsapp_orchestrator_step","context":{"step":"iniciando_resolucao_conversation","tenantId":"t1","messageSid":"[REDACTED]","requestId":"Req1","fromHash":"hash"}}
Quality Gates	Run coverage gate	2026-03-20T21:11:04.0372786Z 
Quality Gates	Run coverage gate	2026-03-20T21:11:04.0374707Z [90mstdout[2m | src/modules/atendimento/__tests__/whatsapp-inbound-orchestrator.service.test.ts[2m > [22m[2mWhatsApp Inbound Orchestrator[2m > [22m[2mShould allow normal flow and detect products
Quality Gates	Run coverage gate	2026-03-20T21:11:04.0378219Z [22m[39m{"timestamp":"2026-03-20T21:11:04.020Z","level":"info","message":"whatsapp_orchestrator_step","context":{"step":"conversation_resolvida","tenantId":"t1","messageSid":"[REDACTED]","requestId":"Req1","conversationId":"c1"}}
Quality Gates	Run coverage gate	2026-03-20T21:11:04.0379716Z 
Quality Gates	Run coverage gate	2026-03-20T21:11:04.0381839Z [90mstdout[2m | src/modules/atendimento/__tests__/whatsapp-inbound-orchestrator.service.test.ts[2m > [22m[2mWhatsApp Inbound Orchestrator[2m > [22m[2mShould allow normal flow and detect products
Quality Gates	Run coverage gate	2026-03-20T21:11:04.0385343Z [22m[39m{"timestamp":"2026-03-20T21:11:04.020Z","level":"info","message":"whatsapp_orchestrator_intent_resolved","context":{"tenantId":"t1","messageSid":"[REDACTED]","intent":"SUPPORT","confidence":0.9,"hasSessionContext":false}}
Quality Gates	Run coverage gate	2026-03-20T21:11:04.0388540Z {"timestamp":"2026-03-20T21:11:04.020Z","level":"info","message":"whatsapp_orchestrator_step","context":{"step":"iniciando_persist_message_bot","tenantId":"t1","messageSid":"[REDACTED]","requestId":"Req1","conversationId":"c1"}}
Quality Gates	Run coverage gate	2026-03-20T21:11:04.0390021Z 
Quality Gates	Run coverage gate	2026-03-20T21:11:04.0415844Z [90mstdout[2m | src/modules/atendimento/__tests__/whatsapp-inbound-orchestrator.service.test.ts[2m > [22m[2mWhatsApp Inbound Orchestrator[2m > [22m[2mShould allow normal flow and detect products
Quality Gates	Run coverage gate	2026-03-20T21:11:04.0419217Z [22m[39m{"timestamp":"2026-03-20T21:11:04.021Z","level":"info","message":"whatsapp_orchestrator_message_persisted","context":{"tenantId":"t1","conversationId":"c1","messageSid":"[REDACTED]","intent":"SUPPORT"}}
Quality Gates	Run coverage gate	2026-03-20T21:11:04.0420600Z 
Quality Gates	Run coverage gate	2026-03-20T21:11:04.0456080Z [90mstdout[2m | src/modules/atendimento/__tests__/whatsapp-inbound-orchestrator.service.test.ts[2m > [22m[2mWhatsApp Inbound Orchestrator[2m > [22m[2mShould allow normal flow and detect products
Quality Gates	Run coverage gate	2026-03-20T21:11:04.0460159Z [22m[39m{"timestamp":"2026-03-20T21:11:04.024Z","level":"info","message":"whatsapp_orchestrator_latency","context":{"tenantId":"t1","messageSid":"[REDACTED]","requestId":"Req1","durationMs":5,"intent":"SUPPORT","policy":"SUPERVISED_NO_REPLY","gateMode":"ASSISTED","hasSuggestion":true}}
Quality Gates	Run coverage gate	2026-03-20T21:11:04.0477235Z 
Quality Gates	Run coverage gate	2026-03-20T21:11:04.0479777Z [90mstdout[2m | src/modules/atendimento/__tests__/whatsapp-inbound-orchestrator.service.test.ts[2m > [22m[2mWhatsApp Inbound Orchestrator[2m > [22m[2mShould use contextual intent for ambiguous follow-up when session anchors exist
Quality Gates	Run coverage gate	2026-03-20T21:11:04.0483528Z [22m[39m{"timestamp":"2026-03-20T21:11:04.024Z","level":"info","message":"whatsapp_orchestrator_step","context":{"step":"entrada_process","tenantId":"t1","messageSid":"[REDACTED]","requestId":"Req1","fromHash":"hash"}}
Quality Gates	Run coverage gate	2026-03-20T21:11:04.0484918Z 
Quality Gates	Run coverage gate	2026-03-20T21:11:04.0487084Z [90mstdout[2m | src/modules/atendimento/__tests__/whatsapp-inbound-orchestrator.service.test.ts[2m > [22m[2mWhatsApp Inbound Orchestrator[2m > [22m[2mShould use contextual intent for ambiguous follow-up when session anchors exist
Quality Gates	Run coverage gate	2026-03-20T21:11:04.0490745Z [22m[39m{"timestamp":"2026-03-20T21:11:04.025Z","level":"info","message":"whatsapp_orchestrator_step","context":{"step":"iniciando_resolucao_customer","tenantId":"t1","messageSid":"[REDACTED]","requestId":"Req1","fromHash":"hash"}}
Quality Gates	Run coverage gate	2026-03-20T21:11:04.0492396Z 
Quality Gates	Run coverage gate	2026-03-20T21:11:04.0494570Z [90mstdout[2m | src/modules/atendimento/__tests__/whatsapp-inbound-orchestrator.service.test.ts[2m > [22m[2mWhatsApp Inbound Orchestrator[2m > [22m[2mShould use contextual intent for ambiguous follow-up when session anchors exist
Quality Gates	Run coverage gate	2026-03-20T21:11:04.0498427Z [22m[39m{"timestamp":"2026-03-20T21:11:04.025Z","level":"info","message":"whatsapp_orchestrator_step","context":{"step":"customer_resolvido","tenantId":"t1","messageSid":"[REDACTED]","requestId":"Req1","customerId":"cust1"}}
Quality Gates	Run coverage gate	2026-03-20T21:11:04.0502460Z {"timestamp":"2026-03-20T21:11:04.025Z","level":"info","message":"customer_matched_to_conversation","context":{"tenantId":"t1","phoneHash":"[REDACTED]","contactId":"cnt1","organizationId":"org1","customerId":"cust1","eventType":"customer_matched_to_conversation"}}
Quality Gates	Run coverage gate	2026-03-20T21:11:04.0504007Z 
Quality Gates	Run coverage gate	2026-03-20T21:11:04.0506029Z [90mstdout[2m | src/modules/atendimento/__tests__/whatsapp-inbound-orchestrator.service.test.ts[2m > [22m[2mWhatsApp Inbound Orchestrator[2m > [22m[2mShould use contextual intent for ambiguous follow-up when session anchors exist
Quality Gates	Run coverage gate	2026-03-20T21:11:04.0509427Z [22m[39m{"timestamp":"2026-03-20T21:11:04.025Z","level":"info","message":"whatsapp_orchestrator_step","context":{"step":"iniciando_resolucao_conversation","tenantId":"t1","messageSid":"[REDACTED]","requestId":"Req1","fromHash":"hash"}}
Quality Gates	Run coverage gate	2026-03-20T21:11:04.0510804Z 
Quality Gates	Run coverage gate	2026-03-20T21:11:04.0512999Z [90mstdout[2m | src/modules/atendimento/__tests__/whatsapp-inbound-orchestrator.service.test.ts[2m > [22m[2mWhatsApp Inbound Orchestrator[2m > [22m[2mShould use contextual intent for ambiguous follow-up when session anchors exist
Quality Gates	Run coverage gate	2026-03-20T21:11:04.0516273Z [22m[39m{"timestamp":"2026-03-20T21:11:04.026Z","level":"info","message":"whatsapp_orchestrator_step","context":{"step":"conversation_resolvida","tenantId":"t1","messageSid":"[REDACTED]","requestId":"Req1","conversationId":"c1"}}
Quality Gates	Run coverage gate	2026-03-20T21:11:04.0517656Z 
Quality Gates	Run coverage gate	2026-03-20T21:11:04.0519719Z [90mstdout[2m | src/modules/atendimento/__tests__/whatsapp-inbound-orchestrator.service.test.ts[2m > [22m[2mWhatsApp Inbound Orchestrator[2m > [22m[2mShould use contextual intent for ambiguous follow-up when session anchors exist
Quality Gates	Run coverage gate	2026-03-20T21:11:04.0557201Z [22m[39m{"timestamp":"2026-03-20T21:11:04.026Z","level":"info","message":"whatsapp_orchestrator_intent_resolved","context":{"tenantId":"t1","messageSid":"[REDACTED]","intent":"SHIPMENT_STATUS","confidence":0.9,"hasSessionContext":true}}
Quality Gates	Run coverage gate	2026-03-20T21:11:04.0560442Z {"timestamp":"2026-03-20T21:11:04.026Z","level":"info","message":"whatsapp_orchestrator_step","context":{"step":"iniciando_persist_message_bot","tenantId":"t1","messageSid":"[REDACTED]","requestId":"Req1","conversationId":"c1"}}
Quality Gates	Run coverage gate	2026-03-20T21:11:04.0562319Z 
Quality Gates	Run coverage gate	2026-03-20T21:11:04.0564554Z [90mstdout[2m | src/modules/atendimento/__tests__/whatsapp-inbound-orchestrator.service.test.ts[2m > [22m[2mWhatsApp Inbound Orchestrator[2m > [22m[2mShould use contextual intent for ambiguous follow-up when session anchors exist
Quality Gates	Run coverage gate	2026-03-20T21:11:04.0568102Z [22m[39m{"timestamp":"2026-03-20T21:11:04.026Z","level":"info","message":"whatsapp_orchestrator_message_persisted","context":{"tenantId":"t1","conversationId":"c1","messageSid":"[REDACTED]","intent":"SHIPMENT_STATUS"}}
Quality Gates	Run coverage gate	2026-03-20T21:11:04.0569478Z 
Quality Gates	Run coverage gate	2026-03-20T21:11:04.0571817Z [90mstdout[2m | src/modules/atendimento/__tests__/whatsapp-inbound-orchestrator.service.test.ts[2m > [22m[2mWhatsApp Inbound Orchestrator[2m > [22m[2mShould use contextual intent for ambiguous follow-up when session anchors exist
Quality Gates	Run coverage gate	2026-03-20T21:11:04.0576082Z [22m[39m{"timestamp":"2026-03-20T21:11:04.027Z","level":"info","message":"whatsapp_orchestrator_latency","context":{"tenantId":"t1","messageSid":"[REDACTED]","requestId":"Req1","durationMs":3,"intent":"SHIPMENT_STATUS","policy":"AUTO_REPLY_ALLOWED","gateMode":"ASSISTED","hasSuggestion":false}}
Quality Gates	Run coverage gate	2026-03-20T21:11:04.0577834Z 
Quality Gates	Run coverage gate	2026-03-20T21:11:04.0579867Z [90mstdout[2m | src/modules/atendimento/__tests__/whatsapp-inbound-orchestrator.service.test.ts[2m > [22m[2mWhatsApp Inbound Orchestrator[2m > [22m[2mShould fallback to standard intent when no session state exists
Quality Gates	Run coverage gate	2026-03-20T21:11:04.0583538Z [22m[39m{"timestamp":"2026-03-20T21:11:04.032Z","level":"info","message":"whatsapp_orchestrator_step","context":{"step":"entrada_process","tenantId":"t1","messageSid":"[REDACTED]","requestId":"Req1","fromHash":"hash"}}
Quality Gates	Run coverage gate	2026-03-20T21:11:04.0585160Z 
Quality Gates	Run coverage gate	2026-03-20T21:11:04.0587202Z [90mstdout[2m | src/modules/atendimento/__tests__/whatsapp-inbound-orchestrator.service.test.ts[2m > [22m[2mWhatsApp Inbound Orchestrator[2m > [22m[2mShould fallback to standard intent when no session state exists
Quality Gates	Run coverage gate	2026-03-20T21:11:04.0590698Z [22m[39m{"timestamp":"2026-03-20T21:11:04.032Z","level":"info","message":"whatsapp_orchestrator_step","context":{"step":"iniciando_resolucao_customer","tenantId":"t1","messageSid":"[REDACTED]","requestId":"Req1","fromHash":"hash"}}
Quality Gates	Run coverage gate	2026-03-20T21:11:04.0592361Z 
Quality Gates	Run coverage gate	2026-03-20T21:11:04.0594389Z [90mstdout[2m | src/modules/atendimento/__tests__/whatsapp-inbound-orchestrator.service.test.ts[2m > [22m[2mWhatsApp Inbound Orchestrator[2m > [22m[2mShould fallback to standard intent when no session state exists
Quality Gates	Run coverage gate	2026-03-20T21:11:04.0597819Z [22m[39m{"timestamp":"2026-03-20T21:11:04.033Z","level":"info","message":"whatsapp_orchestrator_step","context":{"step":"customer_resolvido","tenantId":"t1","messageSid":"[REDACTED]","requestId":"Req1","customerId":"cust1"}}
Quality Gates	Run coverage gate	2026-03-20T21:11:04.0601539Z {"timestamp":"2026-03-20T21:11:04.033Z","level":"info","message":"customer_matched_to_conversation","context":{"tenantId":"t1","phoneHash":"[REDACTED]","contactId":"cnt1","organizationId":"org1","customerId":"cust1","eventType":"customer_matched_to_conversation"}}
Quality Gates	Run coverage gate	2026-03-20T21:11:04.0603184Z 
Quality Gates	Run coverage gate	2026-03-20T21:11:04.0605206Z [90mstdout[2m | src/modules/atendimento/__tests__/whatsapp-inbound-orchestrator.service.test.ts[2m > [22m[2mWhatsApp Inbound Orchestrator[2m > [22m[2mShould fallback to standard intent when no session state exists
Quality Gates	Run coverage gate	2026-03-20T21:11:04.0608681Z [22m[39m{"timestamp":"2026-03-20T21:11:04.033Z","level":"info","message":"whatsapp_orchestrator_step","context":{"step":"iniciando_resolucao_conversation","tenantId":"t1","messageSid":"[REDACTED]","requestId":"Req1","fromHash":"hash"}}
Quality Gates	Run coverage gate	2026-03-20T21:11:04.0610157Z 
Quality Gates	Run coverage gate	2026-03-20T21:11:04.0612424Z [90mstdout[2m | src/modules/atendimento/__tests__/whatsapp-inbound-orchestrator.service.test.ts[2m > [22m[2mWhatsApp Inbound Orchestrator[2m > [22m[2mShould fallback to standard intent when no session state exists
Quality Gates	Run coverage gate	2026-03-20T21:11:04.0615984Z [22m[39m{"timestamp":"2026-03-20T21:11:04.034Z","level":"info","message":"whatsapp_orchestrator_step","context":{"step":"conversation_resolvida","tenantId":"t1","messageSid":"[REDACTED]","requestId":"Req1","conversationId":"c1"}}
Quality Gates	Run coverage gate	2026-03-20T21:11:04.0617683Z 
Quality Gates	Run coverage gate	2026-03-20T21:11:04.0619709Z [90mstdout[2m | src/modules/atendimento/__tests__/whatsapp-inbound-orchestrator.service.test.ts[2m > [22m[2mWhatsApp Inbound Orchestrator[2m > [22m[2mShould fallback to standard intent when no session state exists
Quality Gates	Run coverage gate	2026-03-20T21:11:04.0623418Z [22m[39m{"timestamp":"2026-03-20T21:11:04.034Z","level":"info","message":"whatsapp_orchestrator_intent_resolved","context":{"tenantId":"t1","messageSid":"[REDACTED]","intent":"CATALOG","confidence":0.9,"hasSessionContext":false}}
Quality Gates	Run coverage gate	2026-03-20T21:11:04.0626564Z {"timestamp":"2026-03-20T21:11:04.034Z","level":"info","message":"whatsapp_orchestrator_step","context":{"step":"iniciando_persist_message_bot","tenantId":"t1","messageSid":"[REDACTED]","requestId":"Req1","conversationId":"c1"}}
Quality Gates	Run coverage gate	2026-03-20T21:11:04.0627996Z 
Quality Gates	Run coverage gate	2026-03-20T21:11:04.0630043Z [90mstdout[2m | src/modules/atendimento/__tests__/whatsapp-inbound-orchestrator.service.test.ts[2m > [22m[2mWhatsApp Inbound Orchestrator[2m > [22m[2mShould fallback to standard intent when no session state exists
Quality Gates	Run coverage gate	2026-03-20T21:11:04.0633587Z [22m[39m{"timestamp":"2026-03-20T21:11:04.034Z","level":"info","message":"whatsapp_orchestrator_message_persisted","context":{"tenantId":"t1","conversationId":"c1","messageSid":"[REDACTED]","intent":"CATALOG"}}
Quality Gates	Run coverage gate	2026-03-20T21:11:04.0634926Z 
Quality Gates	Run coverage gate	2026-03-20T21:11:04.0636935Z [90mstdout[2m | src/modules/atendimento/__tests__/whatsapp-inbound-orchestrator.service.test.ts[2m > [22m[2mWhatsApp Inbound Orchestrator[2m > [22m[2mShould fallback to standard intent when no session state exists
Quality Gates	Run coverage gate	2026-03-20T21:11:04.0641463Z [22m[39m{"timestamp":"2026-03-20T21:11:04.034Z","level":"info","message":"whatsapp_orchestrator_latency","context":{"tenantId":"t1","messageSid":"[REDACTED]","requestId":"Req1","durationMs":2,"intent":"CATALOG","policy":"AUTO_REPLY_ALLOWED","gateMode":"ASSISTED","hasSuggestion":false}}
Quality Gates	Run coverage gate	2026-03-20T21:11:04.0643281Z 
Quality Gates	Run coverage gate	2026-03-20T21:11:04.0645456Z [90mstdout[2m | src/modules/atendimento/__tests__/whatsapp-inbound-orchestrator.service.test.ts[2m > [22m[2mWhatsApp Inbound Orchestrator[2m > [22m[2mShould override AUTO_REPLY_ALLOWED when conversation mode demands SUPERVISED
Quality Gates	Run coverage gate	2026-03-20T21:11:04.0648967Z [22m[39m{"timestamp":"2026-03-20T21:11:04.036Z","level":"info","message":"whatsapp_orchestrator_step","context":{"step":"entrada_process","tenantId":"t1","messageSid":"[REDACTED]","requestId":"Req1","fromHash":"hash"}}
Quality Gates	Run coverage gate	2026-03-20T21:11:04.0650325Z 
Quality Gates	Run coverage gate	2026-03-20T21:11:04.0652650Z [90mstdout[2m | src/modules/atendimento/__tests__/whatsapp-inbound-orchestrator.service.test.ts[2m > [22m[2mWhatsApp Inbound Orchestrator[2m > [22m[2mShould override AUTO_REPLY_ALLOWED when conversation mode demands SUPERVISED
Quality Gates	Run coverage gate	2026-03-20T21:11:04.0656291Z [22m[39m{"timestamp":"2026-03-20T21:11:04.036Z","level":"info","message":"whatsapp_orchestrator_step","context":{"step":"iniciando_resolucao_customer","tenantId":"t1","messageSid":"[REDACTED]","requestId":"Req1","fromHash":"hash"}}
Quality Gates	Run coverage gate	2026-03-20T21:11:04.0657750Z 
Quality Gates	Run coverage gate	2026-03-20T21:11:04.0659900Z [90mstdout[2m | src/modules/atendimento/__tests__/whatsapp-inbound-orchestrator.service.test.ts[2m > [22m[2mWhatsApp Inbound Orchestrator[2m > [22m[2mShould override AUTO_REPLY_ALLOWED when conversation mode demands SUPERVISED
Quality Gates	Run coverage gate	2026-03-20T21:11:04.0663623Z [22m[39m{"timestamp":"2026-03-20T21:11:04.036Z","level":"info","message":"whatsapp_orchestrator_step","context":{"step":"customer_resolvido","tenantId":"t1","messageSid":"[REDACTED]","requestId":"Req1","customerId":"cust1"}}
Quality Gates	Run coverage gate	2026-03-20T21:11:04.0667021Z {"timestamp":"2026-03-20T21:11:04.036Z","level":"info","message":"customer_matched_to_conversation","context":{"tenantId":"t1","phoneHash":"[REDACTED]","contactId":"cnt1","organizationId":"org1","customerId":"cust1","eventType":"customer_matched_to_conversation"}}
Quality Gates	Run coverage gate	2026-03-20T21:11:04.0668672Z 
Quality Gates	Run coverage gate	2026-03-20T21:11:04.0670821Z [90mstdout[2m | src/modules/atendimento/__tests__/whatsapp-inbound-orchestrator.service.test.ts[2m > [22m[2mWhatsApp Inbound Orchestrator[2m > [22m[2mShould override AUTO_REPLY_ALLOWED when conversation mode demands SUPERVISED
Quality Gates	Run coverage gate	2026-03-20T21:11:04.0674958Z [22m[39m{"timestamp":"2026-03-20T21:11:04.036Z","level":"info","message":"whatsapp_orchestrator_step","context":{"step":"iniciando_resolucao_conversation","tenantId":"t1","messageSid":"[REDACTED]","requestId":"Req1","fromHash":"hash"}}
Quality Gates	Run coverage gate	2026-03-20T21:11:04.0676459Z 
Quality Gates	Run coverage gate	2026-03-20T21:11:04.0678605Z [90mstdout[2m | src/modules/atendimento/__tests__/whatsapp-inbound-orchestrator.service.test.ts[2m > [22m[2mWhatsApp Inbound Orchestrator[2m > [22m[2mShould override AUTO_REPLY_ALLOWED when conversation mode demands SUPERVISED
Quality Gates	Run coverage gate	2026-03-20T21:11:04.0682382Z [22m[39m{"timestamp":"2026-03-20T21:11:04.036Z","level":"info","message":"whatsapp_orchestrator_step","context":{"step":"conversation_resolvida","tenantId":"t1","messageSid":"[REDACTED]","requestId":"Req1","conversationId":"c1"}}
Quality Gates	Run coverage gate	2026-03-20T21:11:04.0683825Z 
Quality Gates	Run coverage gate	2026-03-20T21:11:04.0686004Z [90mstdout[2m | src/modules/atendimento/__tests__/whatsapp-inbound-orchestrator.service.test.ts[2m > [22m[2mWhatsApp Inbound Orchestrator[2m > [22m[2mShould override AUTO_REPLY_ALLOWED when conversation mode demands SUPERVISED
Quality Gates	Run coverage gate	2026-03-20T21:11:04.0689672Z [22m[39m{"timestamp":"2026-03-20T21:11:04.037Z","level":"info","message":"whatsapp_orchestrator_intent_resolved","context":{"tenantId":"t1","messageSid":"[REDACTED]","intent":"SUPPORT","confidence":0.9,"hasSessionContext":false}}
Quality Gates	Run coverage gate	2026-03-20T21:11:04.0693090Z {"timestamp":"2026-03-20T21:11:04.037Z","level":"info","message":"whatsapp_orchestrator_step","context":{"step":"iniciando_persist_message_bot","tenantId":"t1","messageSid":"[REDACTED]","requestId":"Req1","conversationId":"c1"}}
Quality Gates	Run coverage gate	2026-03-20T21:11:04.0694815Z 
Quality Gates	Run coverage gate	2026-03-20T21:11:04.0697010Z [90mstdout[2m | src/modules/atendimento/__tests__/whatsapp-inbound-orchestrator.service.test.ts[2m > [22m[2mWhatsApp Inbound Orchestrator[2m > [22m[2mShould override AUTO_REPLY_ALLOWED when conversation mode demands SUPERVISED
Quality Gates	Run coverage gate	2026-03-20T21:11:04.0700429Z [22m[39m{"timestamp":"2026-03-20T21:11:04.037Z","level":"info","message":"whatsapp_orchestrator_message_persisted","context":{"tenantId":"t1","conversationId":"c1","messageSid":"[REDACTED]","intent":"SUPPORT"}}
Quality Gates	Run coverage gate	2026-03-20T21:11:04.0701986Z 
Quality Gates	Run coverage gate	2026-03-20T21:11:04.0704117Z [90mstdout[2m | src/modules/atendimento/__tests__/whatsapp-inbound-orchestrator.service.test.ts[2m > [22m[2mWhatsApp Inbound Orchestrator[2m > [22m[2mShould override AUTO_REPLY_ALLOWED when conversation mode demands SUPERVISED
Quality Gates	Run coverage gate	2026-03-20T21:11:04.0708144Z [22m[39m{"timestamp":"2026-03-20T21:11:04.037Z","level":"info","message":"whatsapp_orchestrator_latency","context":{"tenantId":"t1","messageSid":"[REDACTED]","requestId":"Req1","durationMs":1,"intent":"SUPPORT","policy":"SUPERVISED_NO_REPLY","gateMode":"SUPERVISED","hasSuggestion":false}}
Quality Gates	Run coverage gate	2026-03-20T21:11:04.0709901Z 
Quality Gates	Run coverage gate	2026-03-20T21:11:04.0712127Z [90mstdout[2m | src/modules/atendimento/__tests__/whatsapp-inbound-orchestrator.service.test.ts[2m > [22m[2mWhatsApp Inbound Orchestrator[2m > [22m[2mShould persist order and shipment anchors when resolved successfully
Quality Gates	Run coverage gate	2026-03-20T21:11:04.0715523Z [22m[39m{"timestamp":"2026-03-20T21:11:04.038Z","level":"info","message":"whatsapp_orchestrator_step","context":{"step":"entrada_process","tenantId":"t1","messageSid":"[REDACTED]","requestId":"Req1","fromHash":"hash"}}
Quality Gates	Run coverage gate	2026-03-20T21:11:04.0716834Z 
Quality Gates	Run coverage gate	2026-03-20T21:11:04.0718857Z [90mstdout[2m | src/modules/atendimento/__tests__/whatsapp-inbound-orchestrator.service.test.ts[2m > [22m[2mWhatsApp Inbound Orchestrator[2m > [22m[2mShould persist order and shipment anchors when resolved successfully
Quality Gates	Run coverage gate	2026-03-20T21:11:04.0722633Z [22m[39m{"timestamp":"2026-03-20T21:11:04.039Z","level":"info","message":"whatsapp_orchestrator_step","context":{"step":"iniciando_resolucao_customer","tenantId":"t1","messageSid":"[REDACTED]","requestId":"Req1","fromHash":"hash"}}
Quality Gates	Run coverage gate	2026-03-20T21:11:04.0724152Z 
Quality Gates	Run coverage gate	2026-03-20T21:11:04.0726251Z [90mstdout[2m | src/modules/atendimento/__tests__/whatsapp-inbound-orchestrator.service.test.ts[2m > [22m[2mWhatsApp Inbound Orchestrator[2m > [22m[2mShould persist order and shipment anchors when resolved successfully
Quality Gates	Run coverage gate	2026-03-20T21:11:04.0730240Z [22m[39m{"timestamp":"2026-03-20T21:11:04.039Z","level":"info","message":"whatsapp_orchestrator_step","context":{"step":"customer_resolvido","tenantId":"t1","messageSid":"[REDACTED]","requestId":"Req1","customerId":"cust1"}}
Quality Gates	Run coverage gate	2026-03-20T21:11:04.0733795Z {"timestamp":"2026-03-20T21:11:04.039Z","level":"info","message":"customer_matched_to_conversation","context":{"tenantId":"t1","phoneHash":"[REDACTED]","contactId":"cnt1","organizationId":"org1","customerId":"cust1","eventType":"customer_matched_to_conversation"}}
Quality Gates	Run coverage gate	2026-03-20T21:11:04.0735493Z 
Quality Gates	Run coverage gate	2026-03-20T21:11:04.0737597Z [90mstdout[2m | src/modules/atendimento/__tests__/whatsapp-inbound-orchestrator.service.test.ts[2m > [22m[2mWhatsApp Inbound Orchestrator[2m > [22m[2mShould persist order and shipment anchors when resolved successfully
Quality Gates	Run coverage gate	2026-03-20T21:11:04.0741187Z [22m[39m{"timestamp":"2026-03-20T21:11:04.039Z","level":"info","message":"whatsapp_orchestrator_step","context":{"step":"iniciando_resolucao_conversation","tenantId":"t1","messageSid":"[REDACTED]","requestId":"Req1","fromHash":"hash"}}
Quality Gates	Run coverage gate	2026-03-20T21:11:04.0742873Z 
Quality Gates	Run coverage gate	2026-03-20T21:11:04.0744893Z [90mstdout[2m | src/modules/atendimento/__tests__/whatsapp-inbound-orchestrator.service.test.ts[2m > [22m[2mWhatsApp Inbound Orchestrator[2m > [22m[2mShould persist order and shipment anchors when resolved successfully
Quality Gates	Run coverage gate	2026-03-20T21:11:04.0748499Z [22m[39m{"timestamp":"2026-03-20T21:11:04.040Z","level":"info","message":"whatsapp_orchestrator_step","context":{"step":"conversation_resolvida","tenantId":"t1","messageSid":"[REDACTED]","requestId":"Req1","conversationId":"c1"}}
Quality Gates	Run coverage gate	2026-03-20T21:11:04.0750320Z 
Quality Gates	Run coverage gate	2026-03-20T21:11:04.0752663Z [90mstdout[2m | src/modules/atendimento/__tests__/whatsapp-inbound-orchestrator.service.test.ts[2m > [22m[2mWhatsApp Inbound Orchestrator[2m > [22m[2mShould persist order and shipment anchors when resolved successfully
Quality Gates	Run coverage gate	2026-03-20T21:11:04.0756325Z [22m[39m{"timestamp":"2026-03-20T21:11:04.040Z","level":"info","message":"whatsapp_orchestrator_intent_resolved","context":{"tenantId":"t1","messageSid":"[REDACTED]","intent":"SUPPORT","confidence":0.9,"hasSessionContext":false}}
Quality Gates	Run coverage gate	2026-03-20T21:11:04.0759108Z {"timestamp":"2026-03-20T21:11:04.040Z","level":"info","message":"whatsapp_orchestrator_step","context":{"step":"iniciando_persist_message_bot","tenantId":"t1","messageSid":"[REDACTED]","requestId":"Req1","conversationId":"c1"}}
Quality Gates	Run coverage gate	2026-03-20T21:11:04.0759905Z 
Quality Gates	Run coverage gate	2026-03-20T21:11:04.0761036Z [90mstdout[2m | src/modules/atendimento/__tests__/whatsapp-inbound-orchestrator.service.test.ts[2m > [22m[2mWhatsApp Inbound Orchestrator[2m > [22m[2mShould persist order and shipment anchors when resolved successfully
Quality Gates	Run coverage gate	2026-03-20T21:11:04.0764389Z [22m[39m{"timestamp":"2026-03-20T21:11:04.040Z","level":"info","message":"whatsapp_orchestrator_message_persisted","context":{"tenantId":"t1","conversationId":"c1","messageSid":"[REDACTED]","intent":"SUPPORT"}}
Quality Gates	Run coverage gate	2026-03-20T21:11:04.0765646Z 
Quality Gates	Run coverage gate	2026-03-20T21:11:04.0767735Z [90mstdout[2m | src/modules/atendimento/__tests__/whatsapp-inbound-orchestrator.service.test.ts[2m > [22m[2mWhatsApp Inbound Orchestrator[2m > [22m[2mShould persist order and shipment anchors when resolved successfully
Quality Gates	Run coverage gate	2026-03-20T21:11:04.0771618Z [22m[39m{"timestamp":"2026-03-20T21:11:04.041Z","level":"info","message":"whatsapp_orchestrator_latency","context":{"tenantId":"t1","messageSid":"[REDACTED]","requestId":"Req1","durationMs":3,"intent":"SUPPORT","policy":"AUTO_REPLY_ALLOWED","gateMode":"ASSISTED","hasSuggestion":false}}
Quality Gates	Run coverage gate	2026-03-20T21:11:04.0773336Z 
Quality Gates	Run coverage gate	2026-03-20T21:11:04.0775447Z [90mstdout[2m | src/modules/atendimento/__tests__/whatsapp-inbound-orchestrator.service.test.ts[2m > [22m[2mWhatsApp Inbound Orchestrator[2m > [22m[2mShould safely ignore invalid order without crashing and not persist anchor
Quality Gates	Run coverage gate	2026-03-20T21:11:04.0778807Z [22m[39m{"timestamp":"2026-03-20T21:11:04.041Z","level":"info","message":"whatsapp_orchestrator_step","context":{"step":"entrada_process","tenantId":"t1","messageSid":"[REDACTED]","requestId":"Req1","fromHash":"hash"}}
Quality Gates	Run coverage gate	2026-03-20T21:11:04.0780396Z 
Quality Gates	Run coverage gate	2026-03-20T21:11:04.0782615Z [90mstdout[2m | src/modules/atendimento/__tests__/whatsapp-inbound-orchestrator.service.test.ts[2m > [22m[2mWhatsApp Inbound Orchestrator[2m > [22m[2mShould safely ignore invalid order without crashing and not persist anchor
Quality Gates	Run coverage gate	2026-03-20T21:11:04.0786154Z [22m[39m{"timestamp":"2026-03-20T21:11:04.042Z","level":"info","message":"whatsapp_orchestrator_step","context":{"step":"iniciando_resolucao_customer","tenantId":"t1","messageSid":"[REDACTED]","requestId":"Req1","fromHash":"hash"}}
Quality Gates	Run coverage gate	2026-03-20T21:11:04.0787816Z 
Quality Gates	Run coverage gate	2026-03-20T21:11:04.0789973Z [90mstdout[2m | src/modules/atendimento/__tests__/whatsapp-inbound-orchestrator.service.test.ts[2m > [22m[2mWhatsApp Inbound Orchestrator[2m > [22m[2mShould safely ignore invalid order without crashing and not persist anchor
Quality Gates	Run coverage gate	2026-03-20T21:11:04.0793804Z [22m[39m{"timestamp":"2026-03-20T21:11:04.042Z","level":"info","message":"whatsapp_orchestrator_step","context":{"step":"customer_resolvido","tenantId":"t1","messageSid":"[REDACTED]","requestId":"Req1","customerId":"cust1"}}
Quality Gates	Run coverage gate	2026-03-20T21:11:04.0797228Z {"timestamp":"2026-03-20T21:11:04.042Z","level":"info","message":"customer_matched_to_conversation","context":{"tenantId":"t1","phoneHash":"[REDACTED]","contactId":"cnt1","organizationId":"org1","customerId":"cust1","eventType":"customer_matched_to_conversation"}}
Quality Gates	Run coverage gate	2026-03-20T21:11:04.0798939Z 
Quality Gates	Run coverage gate	2026-03-20T21:11:04.0801138Z [90mstdout[2m | src/modules/atendimento/__tests__/whatsapp-inbound-orchestrator.service.test.ts[2m > [22m[2mWhatsApp Inbound Orchestrator[2m > [22m[2mShould safely ignore invalid order without crashing and not persist anchor
Quality Gates	Run coverage gate	2026-03-20T21:11:04.0805308Z [22m[39m{"timestamp":"2026-03-20T21:11:04.042Z","level":"info","message":"whatsapp_orchestrator_step","context":{"step":"iniciando_resolucao_conversation","tenantId":"t1","messageSid":"[REDACTED]","requestId":"Req1","fromHash":"hash"}}
Quality Gates	Run coverage gate	2026-03-20T21:11:04.0806866Z 
Quality Gates	Run coverage gate	2026-03-20T21:11:04.0808881Z [90mstdout[2m | src/modules/atendimento/__tests__/whatsapp-inbound-orchestrator.service.test.ts[2m > [22m[2mWhatsApp Inbound Orchestrator[2m > [22m[2mShould safely ignore invalid order without crashing and not persist anchor
Quality Gates	Run coverage gate	2026-03-20T21:11:04.0812451Z [22m[39m{"timestamp":"2026-03-20T21:11:04.043Z","level":"info","message":"whatsapp_orchestrator_step","context":{"step":"conversation_resolvida","tenantId":"t1","messageSid":"[REDACTED]","requestId":"Req1","conversationId":"c1"}}
Quality Gates	Run coverage gate	2026-03-20T21:11:04.0814186Z 
Quality Gates	Run coverage gate	2026-03-20T21:11:04.0816427Z [90mstdout[2m | src/modules/atendimento/__tests__/whatsapp-inbound-orchestrator.service.test.ts[2m > [22m[2mWhatsApp Inbound Orchestrator[2m > [22m[2mShould safely ignore invalid order without crashing and not persist anchor
Quality Gates	Run coverage gate	2026-03-20T21:11:04.0820317Z [22m[39m{"timestamp":"2026-03-20T21:11:04.043Z","level":"info","message":"whatsapp_orchestrator_intent_resolved","context":{"tenantId":"t1","messageSid":"[REDACTED]","intent":"SUPPORT","confidence":0.9,"hasSessionContext":false}}
Quality Gates	Run coverage gate	2026-03-20T21:11:04.0823986Z {"timestamp":"2026-03-20T21:11:04.043Z","level":"info","message":"whatsapp_orchestrator_step","context":{"step":"iniciando_persist_message_bot","tenantId":"t1","messageSid":"[REDACTED]","requestId":"Req1","conversationId":"c1"}}
Quality Gates	Run coverage gate	2026-03-20T21:11:04.0825411Z 
Quality Gates	Run coverage gate	2026-03-20T21:11:04.0827512Z [90mstdout[2m | src/modules/atendimento/__tests__/whatsapp-inbound-orchestrator.service.test.ts[2m > [22m[2mWhatsApp Inbound Orchestrator[2m > [22m[2mShould safely ignore invalid order without crashing and not persist anchor
Quality Gates	Run coverage gate	2026-03-20T21:11:04.0831950Z [22m[39m{"timestamp":"2026-03-20T21:11:04.043Z","level":"info","message":"whatsapp_orchestrator_message_persisted","context":{"tenantId":"t1","conversationId":"c1","messageSid":"[REDACTED]","intent":"SUPPORT"}}
Quality Gates	Run coverage gate	2026-03-20T21:11:04.0833721Z 
Quality Gates	Run coverage gate	2026-03-20T21:11:04.0836617Z [90mstdout[2m | src/modules/atendimento/__tests__/whatsapp-inbound-orchestrator.service.test.ts[2m > [22m[2mWhatsApp Inbound Orchestrator[2m > [22m[2mShould safely ignore invalid order without crashing and not persist anchor
Quality Gates	Run coverage gate	2026-03-20T21:11:04.0840719Z [22m[39m{"timestamp":"2026-03-20T21:11:04.044Z","level":"info","message":"whatsapp_orchestrator_latency","context":{"tenantId":"t1","messageSid":"[REDACTED]","requestId":"Req1","durationMs":3,"intent":"SUPPORT","policy":"AUTO_REPLY_ALLOWED","gateMode":"ASSISTED","hasSuggestion":false}}
Quality Gates	Run coverage gate	2026-03-20T21:11:04.0842710Z 
Quality Gates	Run coverage gate	2026-03-20T21:11:04.0844961Z [90mstdout[2m | src/modules/atendimento/__tests__/whatsapp-inbound-orchestrator.service.test.ts[2m > [22m[2mWhatsApp Inbound Orchestrator[2m > [22m[2mShould block auto-response when autoResponsesCount limits are reached (Loop Guard)
Quality Gates	Run coverage gate	2026-03-20T21:11:04.0848491Z [22m[39m{"timestamp":"2026-03-20T21:11:04.045Z","level":"info","message":"whatsapp_orchestrator_step","context":{"step":"entrada_process","tenantId":"t1","messageSid":"[REDACTED]","requestId":"Req1","fromHash":"hash"}}
Quality Gates	Run coverage gate	2026-03-20T21:11:04.0849815Z 
Quality Gates	Run coverage gate	2026-03-20T21:11:04.0852141Z [90mstdout[2m | src/modules/atendimento/__tests__/whatsapp-inbound-orchestrator.service.test.ts[2m > [22m[2mWhatsApp Inbound Orchestrator[2m > [22m[2mShould block auto-response when autoResponsesCount limits are reached (Loop Guard)
Quality Gates	Run coverage gate	2026-03-20T21:11:04.0855664Z [22m[39m{"timestamp":"2026-03-20T21:11:04.046Z","level":"info","message":"whatsapp_orchestrator_step","context":{"step":"iniciando_resolucao_customer","tenantId":"t1","messageSid":"[REDACTED]","requestId":"Req1","fromHash":"hash"}}
Quality Gates	Run coverage gate	2026-03-20T21:11:04.0857286Z 
Quality Gates	Run coverage gate	2026-03-20T21:11:04.0859401Z [90mstdout[2m | src/modules/atendimento/__tests__/whatsapp-inbound-orchestrator.service.test.ts[2m > [22m[2mWhatsApp Inbound Orchestrator[2m > [22m[2mShould block auto-response when autoResponsesCount limits are reached (Loop Guard)
Quality Gates	Run coverage gate	2026-03-20T21:11:04.0863010Z [22m[39m{"timestamp":"2026-03-20T21:11:04.046Z","level":"info","message":"whatsapp_orchestrator_step","context":{"step":"customer_resolvido","tenantId":"t1","messageSid":"[REDACTED]","requestId":"Req1","customerId":"cust1"}}
Quality Gates	Run coverage gate	2026-03-20T21:11:04.0866293Z {"timestamp":"2026-03-20T21:11:04.046Z","level":"info","message":"customer_matched_to_conversation","context":{"tenantId":"t1","phoneHash":"[REDACTED]","contactId":"cnt1","organizationId":"org1","customerId":"cust1","eventType":"customer_matched_to_conversation"}}
Quality Gates	Run coverage gate	2026-03-20T21:11:04.0867878Z 
Quality Gates	Run coverage gate	2026-03-20T21:11:04.0869988Z [90mstdout[2m | src/modules/atendimento/__tests__/whatsapp-inbound-orchestrator.service.test.ts[2m > [22m[2mWhatsApp Inbound Orchestrator[2m > [22m[2mShould block auto-response when autoResponsesCount limits are reached (Loop Guard)
Quality Gates	Run coverage gate	2026-03-20T21:11:04.0873737Z [22m[39m{"timestamp":"2026-03-20T21:11:04.046Z","level":"info","message":"whatsapp_orchestrator_step","context":{"step":"iniciando_resolucao_conversation","tenantId":"t1","messageSid":"[REDACTED]","requestId":"Req1","fromHash":"hash"}}
Quality Gates	Run coverage gate	2026-03-20T21:11:04.0875299Z 
Quality Gates	Run coverage gate	2026-03-20T21:11:04.0877491Z [90mstdout[2m | src/modules/atendimento/__tests__/whatsapp-inbound-orchestrator.service.test.ts[2m > [22m[2mWhatsApp Inbound Orchestrator[2m > [22m[2mShould block auto-response when autoResponsesCount limits are reached (Loop Guard)
Quality Gates	Run coverage gate	2026-03-20T21:11:04.0881126Z [22m[39m{"timestamp":"2026-03-20T21:11:04.047Z","level":"info","message":"whatsapp_orchestrator_step","context":{"step":"conversation_resolvida","tenantId":"t1","messageSid":"[REDACTED]","requestId":"Req1","conversationId":"c1"}}
Quality Gates	Run coverage gate	2026-03-20T21:11:04.0882792Z 
Quality Gates	Run coverage gate	2026-03-20T21:11:04.0884935Z [90mstderr[2m | src/modules/atendimento/__tests__/whatsapp-inbound-orchestrator.service.test.ts[2m > [22m[2mWhatsApp Inbound Orchestrator[2m > [22m[2mShould pass entitiesComplete signal to resolveConversationMode gate
Quality Gates	Run coverage gate	2026-03-20T21:11:04.0888791Z [22m[39m{"timestamp":"2026-03-20T21:11:04.056Z","level":"WARN","message":"whatsapp_freight_simulation_failed","context":{"requestId":"Req1","tenantId":"t1","destinationZip":"12345678","error":"Cannot read properties of undefined (reading 'freightPrice')"}}
Quality Gates	Run coverage gate	2026-03-20T21:11:04.0890712Z 
Quality Gates	Run coverage gate	2026-03-20T21:11:04.0893158Z [90mstdout[2m | src/modules/atendimento/__tests__/whatsapp-inbound-orchestrator.service.test.ts[2m > [22m[2mWhatsApp Inbound Orchestrator[2m > [22m[2mShould block auto-response when autoResponsesCount limits are reached (Loop Guard)
Quality Gates	Run coverage gate	2026-03-20T21:11:04.0896862Z [22m[39m{"timestamp":"2026-03-20T21:11:04.047Z","level":"info","message":"whatsapp_orchestrator_intent_resolved","context":{"tenantId":"t1","messageSid":"[REDACTED]","intent":"SUPPORT","confidence":0.9,"hasSessionContext":true}}
Quality Gates	Run coverage gate	2026-03-20T21:11:04.0900027Z {"timestamp":"2026-03-20T21:11:04.047Z","level":"info","message":"whatsapp_orchestrator_step","context":{"step":"iniciando_persist_message_bot","tenantId":"t1","messageSid":"[REDACTED]","requestId":"Req1","conversationId":"c1"}}
Quality Gates	Run coverage gate	2026-03-20T21:11:04.0901697Z 
Quality Gates	Run coverage gate	2026-03-20T21:11:04.0904047Z [90mstdout[2m | src/modules/atendimento/__tests__/whatsapp-inbound-orchestrator.service.test.ts[2m > [22m[2mWhatsApp Inbound Orchestrator[2m > [22m[2mShould block auto-response when autoResponsesCount limits are reached (Loop Guard)
Quality Gates	Run coverage gate	2026-03-20T21:11:04.0907639Z [22m[39m{"timestamp":"2026-03-20T21:11:04.047Z","level":"info","message":"whatsapp_orchestrator_message_persisted","context":{"tenantId":"t1","conversationId":"c1","messageSid":"[REDACTED]","intent":"SUPPORT"}}
Quality Gates	Run coverage gate	2026-03-20T21:11:04.0909019Z 
Quality Gates	Run coverage gate	2026-03-20T21:11:04.0911466Z [90mstdout[2m | src/modules/atendimento/__tests__/whatsapp-inbound-orchestrator.service.test.ts[2m > [22m[2mWhatsApp Inbound Orchestrator[2m > [22m[2mShould block auto-response when autoResponsesCount limits are reached (Loop Guard)
Quality Gates	Run coverage gate	2026-03-20T21:11:04.0915389Z [22m[39m{"timestamp":"2026-03-20T21:11:04.048Z","level":"info","message":"whatsapp_auto_response_blocked","context":{"tenantId":"t1","conversationId":"c1","reason":"auto_response_limit","autoResponsesCount":3,"requestId":"Req1"}}
Quality Gates	Run coverage gate	2026-03-20T21:11:04.0916889Z 
Quality Gates	Run coverage gate	2026-03-20T21:11:04.0919087Z [90mstdout[2m | src/modules/atendimento/__tests__/whatsapp-inbound-orchestrator.service.test.ts[2m > [22m[2mWhatsApp Inbound Orchestrator[2m > [22m[2mShould block auto-response when autoResponsesCount limits are reached (Loop Guard)
Quality Gates	Run coverage gate	2026-03-20T21:11:04.0923501Z [22m[39m{"timestamp":"2026-03-20T21:11:04.048Z","level":"info","message":"whatsapp_orchestrator_latency","context":{"tenantId":"t1","messageSid":"[REDACTED]","requestId":"Req1","durationMs":3,"intent":"SUPPORT","policy":"SUPERVISED_NO_REPLY","gateMode":"SUPERVISED","hasSuggestion":false}}
Quality Gates	Run coverage gate	2026-03-20T21:11:04.0924859Z 
Quality Gates	Run coverage gate	2026-03-20T21:11:04.0926111Z [90mstdout[2m | src/modules/atendimento/__tests__/whatsapp-inbound-orchestrator.service.test.ts[2m > [22m[2mWhatsApp Inbound Orchestrator[2m > [22m[2mShould reset autoResponsesCount if operator responded recently
Quality Gates	Run coverage gate	2026-03-20T21:11:04.0928216Z [22m[39m{"timestamp":"2026-03-20T21:11:04.049Z","level":"info","message":"whatsapp_orchestrator_step","context":{"step":"entrada_process","tenantId":"t1","messageSid":"[REDACTED]","requestId":"Req1","fromHash":"hash"}}
Quality Gates	Run coverage gate	2026-03-20T21:11:04.0929049Z 
Quality Gates	Run coverage gate	2026-03-20T21:11:04.0930200Z [90mstdout[2m | src/modules/atendimento/__tests__/whatsapp-inbound-orchestrator.service.test.ts[2m > [22m[2mWhatsApp Inbound Orchestrator[2m > [22m[2mShould reset autoResponsesCount if operator responded recently
Quality Gates	Run coverage gate	2026-03-20T21:11:04.0933163Z [22m[39m{"timestamp":"2026-03-20T21:11:04.049Z","level":"info","message":"whatsapp_orchestrator_step","context":{"step":"iniciando_resolucao_customer","tenantId":"t1","messageSid":"[REDACTED]","requestId":"Req1","fromHash":"hash"}}
Quality Gates	Run coverage gate	2026-03-20T21:11:04.0934143Z 
Quality Gates	Run coverage gate	2026-03-20T21:11:04.0935340Z [90mstdout[2m | src/modules/atendimento/__tests__/whatsapp-inbound-orchestrator.service.test.ts[2m > [22m[2mWhatsApp Inbound Orchestrator[2m > [22m[2mShould reset autoResponsesCount if operator responded recently
Quality Gates	Run coverage gate	2026-03-20T21:11:04.0937429Z [22m[39m{"timestamp":"2026-03-20T21:11:04.049Z","level":"info","message":"whatsapp_orchestrator_step","context":{"step":"customer_resolvido","tenantId":"t1","messageSid":"[REDACTED]","requestId":"Req1","customerId":"cust1"}}
Quality Gates	Run coverage gate	2026-03-20T21:11:04.0940686Z {"timestamp":"2026-03-20T21:11:04.049Z","level":"info","message":"customer_matched_to_conversation","context":{"tenantId":"t1","phoneHash":"[REDACTED]","contactId":"cnt1","organizationId":"org1","customerId":"cust1","eventType":"customer_matched_to_conversation"}}
Quality Gates	Run coverage gate	2026-03-20T21:11:04.0942436Z 
Quality Gates	Run coverage gate	2026-03-20T21:11:04.0943642Z [90mstdout[2m | src/modules/atendimento/__tests__/whatsapp-inbound-orchestrator.service.test.ts[2m > [22m[2mWhatsApp Inbound Orchestrator[2m > [22m[2mShould reset autoResponsesCount if operator responded recently
Quality Gates	Run coverage gate	2026-03-20T21:11:04.0945857Z [22m[39m{"timestamp":"2026-03-20T21:11:04.049Z","level":"info","message":"whatsapp_orchestrator_step","context":{"step":"iniciando_resolucao_conversation","tenantId":"t1","messageSid":"[REDACTED]","requestId":"Req1","fromHash":"hash"}}
Quality Gates	Run coverage gate	2026-03-20T21:11:04.0946992Z 
Quality Gates	Run coverage gate	2026-03-20T21:11:04.0948328Z [90mstdout[2m | src/modules/atendimento/__tests__/whatsapp-inbound-orchestrator.service.test.ts[2m > [22m[2mWhatsApp Inbound Orchestrator[2m > [22m[2mShould reset autoResponsesCount if operator responded recently
Quality Gates	Run coverage gate	2026-03-20T21:11:04.0951573Z [22m[39m{"timestamp":"2026-03-20T21:11:04.050Z","level":"info","message":"whatsapp_orchestrator_step","context":{"step":"conversation_resolvida","tenantId":"t1","messageSid":"[REDACTED]","requestId":"Req1","conversationId":"c1"}}
Quality Gates	Run coverage gate	2026-03-20T21:11:04.0952879Z 
Quality Gates	Run coverage gate	2026-03-20T21:11:04.0954223Z [90mstdout[2m | src/modules/atendimento/__tests__/whatsapp-inbound-orchestrator.service.test.ts[2m > [22m[2mWhatsApp Inbound Orchestrator[2m > [22m[2mShould reset autoResponsesCount if operator responded recently
Quality Gates	Run coverage gate	2026-03-20T21:11:04.0956622Z [22m[39m{"timestamp":"2026-03-20T21:11:04.050Z","level":"info","message":"whatsapp_orchestrator_intent_resolved","context":{"tenantId":"t1","messageSid":"[REDACTED]","intent":"SUPPORT","confidence":0.9,"hasSessionContext":true}}
Quality Gates	Run coverage gate	2026-03-20T21:11:04.0959386Z {"timestamp":"2026-03-20T21:11:04.050Z","level":"info","message":"whatsapp_orchestrator_step","context":{"step":"iniciando_persist_message_bot","tenantId":"t1","messageSid":"[REDACTED]","requestId":"Req1","conversationId":"c1"}}
Quality Gates	Run coverage gate	2026-03-20T21:11:04.0960850Z 
Quality Gates	Run coverage gate	2026-03-20T21:11:04.0963062Z [90mstdout[2m | src/modules/atendimento/__tests__/whatsapp-inbound-orchestrator.service.test.ts[2m > [22m[2mWhatsApp Inbound Orchestrator[2m > [22m[2mShould reset autoResponsesCount if operator responded recently
Quality Gates	Run coverage gate	2026-03-20T21:11:04.0966372Z [22m[39m{"timestamp":"2026-03-20T21:11:04.050Z","level":"info","message":"whatsapp_orchestrator_message_persisted","context":{"tenantId":"t1","conversationId":"c1","messageSid":"[REDACTED]","intent":"SUPPORT"}}
Quality Gates	Run coverage gate	2026-03-20T21:11:04.0967742Z 
Quality Gates	Run coverage gate	2026-03-20T21:11:04.0969830Z [90mstdout[2m | src/modules/atendimento/__tests__/whatsapp-inbound-orchestrator.service.test.ts[2m > [22m[2mWhatsApp Inbound Orchestrator[2m > [22m[2mShould reset autoResponsesCount if operator responded recently
Quality Gates	Run coverage gate	2026-03-20T21:11:04.0973528Z [22m[39m{"timestamp":"2026-03-20T21:11:04.051Z","level":"info","message":"whatsapp_auto_response_blocked","context":{"tenantId":"t1","conversationId":"c1","reason":"operator_present","autoResponsesCount":0,"requestId":"Req1"}}
Quality Gates	Run coverage gate	2026-03-20T21:11:04.0975072Z 
Quality Gates	Run coverage gate	2026-03-20T21:11:04.0977132Z [90mstdout[2m | src/modules/atendimento/__tests__/whatsapp-inbound-orchestrator.service.test.ts[2m > [22m[2mWhatsApp Inbound Orchestrator[2m > [22m[2mShould reset autoResponsesCount if operator responded recently
Quality Gates	Run coverage gate	2026-03-20T21:11:04.0981513Z [22m[39m{"timestamp":"2026-03-20T21:11:04.051Z","level":"info","message":"whatsapp_orchestrator_latency","context":{"tenantId":"t1","messageSid":"[REDACTED]","requestId":"Req1","durationMs":2,"intent":"SUPPORT","policy":"SUPERVISED_NO_REPLY","gateMode":"SUPERVISED","hasSuggestion":false}}
Quality Gates	Run coverage gate	2026-03-20T21:11:04.0983387Z 
Quality Gates	Run coverage gate	2026-03-20T21:11:04.0985789Z [90mstdout[2m | src/modules/atendimento/__tests__/whatsapp-inbound-orchestrator.service.test.ts[2m > [22m[2mWhatsApp Inbound Orchestrator[2m > [22m[2mShould pass entitiesComplete signal to resolveConversationMode gate
Quality Gates	Run coverage gate	2026-03-20T21:11:04.0989226Z [22m[39m{"timestamp":"2026-03-20T21:11:04.052Z","level":"info","message":"whatsapp_orchestrator_step","context":{"step":"entrada_process","tenantId":"t1","messageSid":"[REDACTED]","requestId":"Req1","fromHash":"hash"}}
Quality Gates	Run coverage gate	2026-03-20T21:11:04.0990577Z 
Quality Gates	Run coverage gate	2026-03-20T21:11:04.0992757Z [90mstdout[2m | src/modules/atendimento/__tests__/whatsapp-inbound-orchestrator.service.test.ts[2m > [22m[2mWhatsApp Inbound Orchestrator[2m > [22m[2mShould pass entitiesComplete signal to resolveConversationMode gate
Quality Gates	Run coverage gate	2026-03-20T21:11:04.0996314Z [22m[39m{"timestamp":"2026-03-20T21:11:04.053Z","level":"info","message":"whatsapp_orchestrator_step","context":{"step":"iniciando_resolucao_customer","tenantId":"t1","messageSid":"[REDACTED]","requestId":"Req1","fromHash":"hash"}}
Quality Gates	Run coverage gate	2026-03-20T21:11:04.0997744Z 
Quality Gates	Run coverage gate	2026-03-20T21:11:04.0999844Z [90mstdout[2m | src/modules/atendimento/__tests__/whatsapp-inbound-orchestrator.service.test.ts[2m > [22m[2mWhatsApp Inbound Orchestrator[2m > [22m[2mShould pass entitiesComplete signal to resolveConversationMode gate
Quality Gates	Run coverage gate	2026-03-20T21:11:04.1003606Z [22m[39m{"timestamp":"2026-03-20T21:11:04.053Z","level":"info","message":"whatsapp_orchestrator_step","context":{"step":"customer_resolvido","tenantId":"t1","messageSid":"[REDACTED]","requestId":"Req1","customerId":"cust1"}}
Quality Gates	Run coverage gate	2026-03-20T21:11:04.1007035Z {"timestamp":"2026-03-20T21:11:04.053Z","level":"info","message":"customer_matched_to_conversation","context":{"tenantId":"t1","phoneHash":"[REDACTED]","contactId":"cnt1","organizationId":"org1","customerId":"cust1","eventType":"customer_matched_to_conversation"}}
Quality Gates	Run coverage gate	2026-03-20T21:11:04.1008930Z 
Quality Gates	Run coverage gate	2026-03-20T21:11:04.1011060Z [90mstdout[2m | src/modules/atendimento/__tests__/whatsapp-inbound-orchestrator.service.test.ts[2m > [22m[2mWhatsApp Inbound Orchestrator[2m > [22m[2mShould pass entitiesComplete signal to resolveConversationMode gate
Quality Gates	Run coverage gate	2026-03-20T21:11:04.1014949Z [22m[39m{"timestamp":"2026-03-20T21:11:04.053Z","level":"info","message":"whatsapp_orchestrator_step","context":{"step":"iniciando_resolucao_conversation","tenantId":"t1","messageSid":"[REDACTED]","requestId":"Req1","fromHash":"hash"}}
Quality Gates	Run coverage gate	2026-03-20T21:11:04.1016416Z 
Quality Gates	Run coverage gate	2026-03-20T21:11:04.1018477Z [90mstdout[2m | src/modules/atendimento/__tests__/whatsapp-inbound-orchestrator.service.test.ts[2m > [22m[2mWhatsApp Inbound Orchestrator[2m > [22m[2mShould pass entitiesComplete signal to resolveConversationMode gate
Quality Gates	Run coverage gate	2026-03-20T21:11:04.1022029Z [22m[39m{"timestamp":"2026-03-20T21:11:04.054Z","level":"info","message":"whatsapp_orchestrator_step","context":{"step":"conversation_resolvida","tenantId":"t1","messageSid":"[REDACTED]","requestId":"Req1","conversationId":"c1"}}
Quality Gates	Run coverage gate	2026-03-20T21:11:04.1023326Z 
Quality Gates	Run coverage gate	2026-03-20T21:11:04.1025240Z [90mstdout[2m | src/modules/atendimento/__tests__/whatsapp-inbound-orchestrator.service.test.ts[2m > [22m[2mWhatsApp Inbound Orchestrator[2m > [22m[2mShould pass entitiesComplete signal to resolveConversationMode gate
Quality Gates	Run coverage gate	2026-03-20T21:11:04.1028541Z [22m[39m{"timestamp":"2026-03-20T21:11:04.054Z","level":"info","message":"whatsapp_orchestrator_intent_resolved","context":{"tenantId":"t1","messageSid":"[REDACTED]","intent":"SUPPORT","confidence":0.9,"hasSessionContext":true}}
Quality Gates	Run coverage gate	2026-03-20T21:11:04.1031467Z {"timestamp":"2026-03-20T21:11:04.054Z","level":"info","message":"whatsapp_orchestrator_step","context":{"step":"iniciando_persist_message_bot","tenantId":"t1","messageSid":"[REDACTED]","requestId":"Req1","conversationId":"c1"}}
Quality Gates	Run coverage gate	2026-03-20T21:11:04.1032701Z 
Quality Gates	Run coverage gate	2026-03-20T21:11:04.1034440Z [90mstdout[2m | src/modules/atendimento/__tests__/whatsapp-inbound-orchestrator.service.test.ts[2m > [22m[2mWhatsApp Inbound Orchestrator[2m > [22m[2mShould pass entitiesComplete signal to resolveConversationMode gate
Quality Gates	Run coverage gate	2026-03-20T21:11:04.1037807Z [22m[39m{"timestamp":"2026-03-20T21:11:04.054Z","level":"info","message":"whatsapp_orchestrator_message_persisted","context":{"tenantId":"t1","conversationId":"c1","messageSid":"[REDACTED]","intent":"SUPPORT"}}
Quality Gates	Run coverage gate	2026-03-20T21:11:04.1039587Z 
Quality Gates	Run coverage gate	2026-03-20T21:11:04.1041705Z [90mstdout[2m | src/modules/atendimento/__tests__/whatsapp-inbound-orchestrator.service.test.ts[2m > [22m[2mWhatsApp Inbound Orchestrator[2m > [22m[2mShould pass entitiesComplete signal to resolveConversationMode gate
Quality Gates	Run coverage gate	2026-03-20T21:11:04.1045306Z [22m[39m{"timestamp":"2026-03-20T21:11:04.056Z","level":"INFO","message":"whatsapp_incomplete_entities","context":{"tenantId":"t1","conversationId":"c1","intent":"SUPPORT","destinationZip":"12345678","productQuery":"de uma mesa","quantity":678}}
Quality Gates	Run coverage gate	2026-03-20T21:11:04.1048557Z {"timestamp":"2026-03-20T21:11:04.056Z","level":"info","message":"whatsapp_auto_response_blocked","context":{"tenantId":"t1","conversationId":"c1","reason":"auto_response_limit","autoResponsesCount":3,"requestId":"Req1"}}
Quality Gates	Run coverage gate	2026-03-20T21:11:04.1049979Z 
Quality Gates	Run coverage gate	2026-03-20T21:11:04.1052266Z [90mstdout[2m | src/modules/atendimento/__tests__/whatsapp-inbound-orchestrator.service.test.ts[2m > [22m[2mWhatsApp Inbound Orchestrator[2m > [22m[2mShould pass entitiesComplete signal to resolveConversationMode gate
Quality Gates	Run coverage gate	2026-03-20T21:11:04.1056617Z [22m[39m{"timestamp":"2026-03-20T21:11:04.057Z","level":"info","message":"whatsapp_orchestrator_latency","context":{"tenantId":"t1","messageSid":"[REDACTED]","requestId":"Req1","durationMs":5,"intent":"SUPPORT","policy":"SUPERVISED_NO_REPLY","gateMode":"SUPERVISED","hasSuggestion":true}}
Quality Gates	Run coverage gate	2026-03-20T21:11:04.1058496Z 
Quality Gates	Run coverage gate	2026-03-20T21:11:04.1060109Z  [32m✓[39m src/modules/atendimento/__tests__/whatsapp-inbound-orchestrator.service.test.ts [2m([22m[2m12 tests[22m[2m)[22m[32m 55[2mms[22m[39m
Quality Gates	Run coverage gate	2026-03-20T21:11:04.1260350Z [90mstdout[2m | src/modules/atendimento/__tests__/order.service.test.ts[2m > [22m[2mOrder Service Implementation[2m > [22m[2mshould successfully create an order from a given quote and update conversation stage to WON
Quality Gates	Run coverage gate	2026-03-20T21:11:04.1263695Z [22m[39m{"timestamp":"2026-03-20T21:11:04.122Z","level":"INFO","message":"[OrderService] Lock adquirido para quote quote-456","context":{"lockKey":"lock:quote-to-order:tenant-1:quote-456"}}
Quality Gates	Run coverage gate	2026-03-20T21:11:04.1264928Z 
Quality Gates	Run coverage gate	2026-03-20T21:11:04.1268708Z [90mstdout[2m | src/modules/atendimento/__tests__/order.service.test.ts[2m > [22m[2mOrder Service Implementation[2m > [22m[2mshould successfully create an order from a given quote and update conversation stage to WON
Quality Gates	Run coverage gate	2026-03-20T21:11:04.1281087Z [22m[39m{"timestamp":"2026-03-20T21:11:04.125Z","level":"INFO","message":"[OrderService] Order inserida no banco de dados. orderId=1789ac77-804e-4269-88df-63cbfea62f58 para quoteId=quote-456"}
Quality Gates	Run coverage gate	2026-03-20T21:11:04.1282605Z 
Quality Gates	Run coverage gate	2026-03-20T21:11:04.1284714Z [90mstdout[2m | src/modules/atendimento/__tests__/order.service.test.ts[2m > [22m[2mOrder Service Implementation[2m > [22m[2mshould successfully create an order from a given quote and update conversation stage to WON
Quality Gates	Run coverage gate	2026-03-20T21:11:04.1287822Z [22m[39m{"timestamp":"2026-03-20T21:11:04.126Z","level":"INFO","message":"[OrderService] Lock release tentado para quote quote-456","context":{"lockKey":"lock:quote-to-order:tenant-1:quote-456"}}
Quality Gates	Run coverage gate	2026-03-20T21:11:04.1289034Z 
Quality Gates	Run coverage gate	2026-03-20T21:11:04.1347455Z [90mstdout[2m | src/modules/atendimento/__tests__/order.service.test.ts[2m > [22m[2mOrder Service Implementation[2m > [22m[2mshould return existing order if one is already created from the same quote (Idempotency)
Quality Gates	Run coverage gate	2026-03-20T21:11:04.1360009Z [22m[39m{"timestamp":"2026-03-20T21:11:04.134Z","level":"INFO","message":"[OrderService] Lock adquirido para quote quote-456","context":{"lockKey":"lock:quote-to-order:tenant-1:quote-456"}}
Quality Gates	Run coverage gate	2026-03-20T21:11:04.1363449Z 
Quality Gates	Run coverage gate	2026-03-20T21:11:04.1365384Z [90mstdout[2m | src/modules/atendimento/__tests__/order.service.test.ts[2m > [22m[2mOrder Service Implementation[2m > [22m[2mshould return existing order if one is already created from the same quote (Idempotency)
Quality Gates	Run coverage gate	2026-03-20T21:11:04.1369155Z [22m[39m{"timestamp":"2026-03-20T21:11:04.134Z","level":"INFO","message":"[OrderService] Ordem existente validada com o lock, protegendo duplicidade. Idempotência cumprida.","context":{"quoteId":"quote-456"}}
Quality Gates	Run coverage gate	2026-03-20T21:11:04.1370523Z 
Quality Gates	Run coverage gate	2026-03-20T21:11:04.1373544Z [90mstdout[2m | src/modules/atendimento/__tests__/order.service.test.ts[2m > [22m[2mOrder Service Implementation[2m > [22m[2mshould return existing order if one is already created from the same quote (Idempotency)
Quality Gates	Run coverage gate	2026-03-20T21:11:04.1376875Z [22m[39m{"timestamp":"2026-03-20T21:11:04.134Z","level":"INFO","message":"[OrderService] Lock release tentado para quote quote-456","context":{"lockKey":"lock:quote-to-order:tenant-1:quote-456"}}
Quality Gates	Run coverage gate	2026-03-20T21:11:04.1378183Z 
Quality Gates	Run coverage gate	2026-03-20T21:11:04.1380663Z [90mstderr[2m | src/modules/atendimento/__tests__/order.service.test.ts[2m > [22m[2mOrder Service Implementation[2m > [22m[2mConcurrency and Lock mechanisms[2m > [22m[2mshould throw Error if quote lock is currently held by another worker
Quality Gates	Run coverage gate	2026-03-20T21:11:04.1392394Z [22m[39m{"timestamp":"2026-03-20T21:11:04.136Z","level":"WARN","message":"[OrderService] Falha ao adquirir lock para quote quote-456. Possível double click ou concorrência.","context":{"lockKey":"lock:quote-to-order:t1:quote-456"}}
Quality Gates	Run coverage gate	2026-03-20T21:11:04.1393961Z 
Quality Gates	Run coverage gate	2026-03-20T21:11:04.1415323Z [90mstderr[2m | src/modules/atendimento/__tests__/order.service.test.ts[2m > [22m[2mOrder Service Implementation[2m > [22m[2mConcurrency and Lock mechanisms[2m > [22m[2mshould return existing order if quote lock is held but order was already created (Double click bypass)
Quality Gates	Run coverage gate	2026-03-20T21:11:04.1427243Z [22m[39m{"timestamp":"2026-03-20T21:11:04.139Z","level":"WARN","message":"[OrderService] Falha ao adquirir lock para quote quote-456. Possível double click ou concorrência.","context":{"lockKey":"lock:quote-to-order:t1:quote-456"}}
Quality Gates	Run coverage gate	2026-03-20T21:11:04.1428792Z 
Quality Gates	Run coverage gate	2026-03-20T21:11:04.1431397Z [90mstderr[2m | src/modules/atendimento/__tests__/order.service.test.ts[2m > [22m[2mOrder Service Implementation[2m > [22m[2mConcurrency and Lock mechanisms[2m > [22m[2mshould handle ER_DUP_ENTRY fallback by returning the newly created concurrent order
Quality Gates	Run coverage gate	2026-03-20T21:11:04.1434779Z [22m[39m{"timestamp":"2026-03-20T21:11:04.141Z","level":"WARN","message":"[OrderService] Interceptada ER_DUP_ENTRY (Unique key violation) ao rodar db.insert para quote quote-123"}
Quality Gates	Run coverage gate	2026-03-20T21:11:04.1435964Z 
Quality Gates	Run coverage gate	2026-03-20T21:11:04.1438430Z [90mstdout[2m | src/modules/atendimento/__tests__/order.service.test.ts[2m > [22m[2mOrder Service Implementation[2m > [22m[2mConcurrency and Lock mechanisms[2m > [22m[2mshould return existing order if quote lock is held but order was already created (Double click bypass)
Quality Gates	Run coverage gate	2026-03-20T21:11:04.1442220Z [22m[39m{"timestamp":"2026-03-20T21:11:04.139Z","level":"INFO","message":"[OrderService] Ordem pré-existente capturada na recuperação do lock para quote quote-456"}
Quality Gates	Run coverage gate	2026-03-20T21:11:04.1443360Z 
Quality Gates	Run coverage gate	2026-03-20T21:11:04.1445718Z [90mstdout[2m | src/modules/atendimento/__tests__/order.service.test.ts[2m > [22m[2mOrder Service Implementation[2m > [22m[2mConcurrency and Lock mechanisms[2m > [22m[2mshould handle ER_DUP_ENTRY fallback by returning the newly created concurrent order
Quality Gates	Run coverage gate	2026-03-20T21:11:04.1449061Z [22m[39m{"timestamp":"2026-03-20T21:11:04.140Z","level":"INFO","message":"[OrderService] Lock adquirido para quote quote-123","context":{"lockKey":"lock:quote-to-order:t1:quote-123"}}
Quality Gates	Run coverage gate	2026-03-20T21:11:04.1450266Z 
Quality Gates	Run coverage gate	2026-03-20T21:11:04.1452838Z [90mstdout[2m | src/modules/atendimento/__tests__/order.service.test.ts[2m > [22m[2mOrder Service Implementation[2m > [22m[2mConcurrency and Lock mechanisms[2m > [22m[2mshould handle ER_DUP_ENTRY fallback by returning the newly created concurrent order
Quality Gates	Run coverage gate	2026-03-20T21:11:04.1456163Z [22m[39m{"timestamp":"2026-03-20T21:11:04.141Z","level":"INFO","message":"[OrderService] Abortando side-effects de winner pois o banco já possuía a order (Fallback concluído)"}
Quality Gates	Run coverage gate	2026-03-20T21:11:04.1457975Z 
Quality Gates	Run coverage gate	2026-03-20T21:11:04.1460918Z [90mstdout[2m | src/modules/atendimento/__tests__/order.service.test.ts[2m > [22m[2mOrder Service Implementation[2m > [22m[2mConcurrency and Lock mechanisms[2m > [22m[2mshould handle ER_DUP_ENTRY fallback by returning the newly created concurrent order
Quality Gates	Run coverage gate	2026-03-20T21:11:04.1464620Z [22m[39m{"timestamp":"2026-03-20T21:11:04.141Z","level":"INFO","message":"[OrderService] Lock release tentado para quote quote-123","context":{"lockKey":"lock:quote-to-order:t1:quote-123"}}
Quality Gates	Run coverage gate	2026-03-20T21:11:04.1465852Z 
Quality Gates	Run coverage gate	2026-03-20T21:11:04.1734023Z  [32m✓[39m src/modules/atendimento/__tests__/order.service.test.ts [2m([22m[2m11 tests[22m[2m)[22m[32m 35[2mms[22m[39m
Quality Gates	Run coverage gate	2026-03-20T21:11:04.5423695Z [90mstderr[2m | src/__tests__/proxy.test.ts[2m > [22m[2mGlobal Edge Middleware Enforcement[2m > [22m[2mGeneral Header Stripping[2m > [22m[2mshould strip spoofable headers before passing to next
Quality Gates	Run coverage gate	2026-03-20T21:11:04.5427300Z [22m[39m{"level":"WARN","message":"edge_security_telemetry","context":{"reason":"header_spoof_detected","route":"/api/internal/test","requestId":"unknown","ipHash":null,"tenantClaim":null,"userClaim":null,"timestamp":"2026-03-20T21:11:04.539Z"}}
Quality Gates	Run coverage gate	2026-03-20T21:11:04.5428930Z 
Quality Gates	Run coverage gate	2026-03-20T21:11:04.5469653Z [90mstderr[2m | src/__tests__/proxy.test.ts[2m > [22m[2mGlobal Edge Middleware Enforcement[2m > [22m[2mRULE 1: /api/internal/*[2m > [22m[2mshould block if no internal token is provided
Quality Gates	Run coverage gate	2026-03-20T21:11:04.5476983Z [22m[39m{"level":"WARN","message":"edge_security_telemetry","context":{"reason":"unauthorized_access","route":"/api/internal/jobs","requestId":"unknown","ipHash":null,"tenantClaim":null,"userClaim":null,"timestamp":"2026-03-20T21:11:04.546Z"}}
Quality Gates	Run coverage gate	2026-03-20T21:11:04.5478953Z 
Quality Gates	Run coverage gate	2026-03-20T21:11:04.5566663Z [90mstderr[2m | src/__tests__/proxy.test.ts[2m > [22m[2mGlobal Edge Middleware Enforcement[2m > [22m[2mRULE 1: /api/internal/*[2m > [22m[2mshould reject token in query string as it is no longer supported
Quality Gates	Run coverage gate	2026-03-20T21:11:04.5570203Z [22m[39m{"level":"WARN","message":"edge_security_telemetry","context":{"reason":"unauthorized_access","route":"/api/internal/tasks","requestId":"unknown","ipHash":null,"tenantClaim":null,"userClaim":null,"timestamp":"2026-03-20T21:11:04.556Z"}}
Quality Gates	Run coverage gate	2026-03-20T21:11:04.5572013Z 
Quality Gates	Run coverage gate	2026-03-20T21:11:04.5615017Z [90mstderr[2m | src/__tests__/proxy.test.ts[2m > [22m[2mGlobal Edge Middleware Enforcement[2m > [22m[2mTargeted Matcher rules: Health & Debug[2m > [22m[2mshould allow exactly /api/health and strip spoofed headers
Quality Gates	Run coverage gate	2026-03-20T21:11:04.5623069Z [22m[39m{"level":"WARN","message":"edge_security_telemetry","context":{"reason":"header_spoof_detected","route":"/api/health","requestId":"unknown","ipHash":null,"tenantClaim":null,"userClaim":null,"timestamp":"2026-03-20T21:11:04.559Z"}}
Quality Gates	Run coverage gate	2026-03-20T21:11:04.5624608Z 
Quality Gates	Run coverage gate	2026-03-20T21:11:04.5681454Z [90mstderr[2m | src/__tests__/proxy.test.ts[2m > [22m[2mGlobal Edge Middleware Enforcement[2m > [22m[2mTargeted Matcher rules: Health & Debug[2m > [22m[2mshould NOT allow /api/healthcheck (matcher bypass)
Quality Gates	Run coverage gate	2026-03-20T21:11:04.5695894Z [22m[39m{"level":"WARN","message":"edge_security_telemetry","context":{"reason":"unauthorized_access","route":"/api/healthcheck","requestId":"unknown","ipHash":null,"tenantClaim":null,"userClaim":null,"timestamp":"2026-03-20T21:11:04.567Z"}}
Quality Gates	Run coverage gate	2026-03-20T21:11:04.5698529Z 
Quality Gates	Run coverage gate	2026-03-20T21:11:04.5701827Z [90mstderr[2m | src/__tests__/proxy.test.ts[2m > [22m[2mGlobal Edge Middleware Enforcement[2m > [22m[2mTargeted Matcher rules: Health & Debug[2m > [22m[2mshould block /api/debug without Auth
Quality Gates	Run coverage gate	2026-03-20T21:11:04.5705838Z [22m[39m{"level":"WARN","message":"edge_security_telemetry","context":{"reason":"unauthorized_access","route":"/api/debug","requestId":"unknown","ipHash":null,"tenantClaim":null,"userClaim":null,"timestamp":"2026-03-20T21:11:04.568Z"}}
Quality Gates	Run coverage gate	2026-03-20T21:11:04.5707654Z 
Quality Gates	Run coverage gate	2026-03-20T21:11:04.5709545Z [90mstderr[2m | src/__tests__/proxy.test.ts[2m > [22m[2mGlobal Edge Middleware Enforcement[2m > [22m[2mTargeted Matcher rules: Health & Debug[2m > [22m[2mshould block /api/debug with INVALID token
Quality Gates	Run coverage gate	2026-03-20T21:11:04.5713835Z [22m[39m{"level":"WARN","message":"edge_security_telemetry","context":{"reason":"unauthorized_access","route":"/api/debug","requestId":"unknown","ipHash":null,"tenantClaim":null,"userClaim":null,"timestamp":"2026-03-20T21:11:04.569Z"}}
Quality Gates	Run coverage gate	2026-03-20T21:11:04.5716217Z 
Quality Gates	Run coverage gate	2026-03-20T21:11:04.5718743Z [90mstderr[2m | src/__tests__/proxy.test.ts[2m > [22m[2mGlobal Edge Middleware Enforcement[2m > [22m[2mTargeted Matcher rules: Health & Debug[2m > [22m[2mshould allow exactly /api/debug with VALID token and strip spoofed headers
Quality Gates	Run coverage gate	2026-03-20T21:11:04.5723687Z [22m[39m{"level":"WARN","message":"edge_security_telemetry","context":{"reason":"header_spoof_detected","route":"/api/debug","requestId":"unknown","ipHash":null,"tenantClaim":null,"userClaim":null,"timestamp":"2026-03-20T21:11:04.570Z"}}
Quality Gates	Run coverage gate	2026-03-20T21:11:04.5731751Z 
Quality Gates	Run coverage gate	2026-03-20T21:11:04.5733881Z [90mstderr[2m | src/__tests__/proxy.test.ts[2m > [22m[2mGlobal Edge Middleware Enforcement[2m > [22m[2mTargeted Matcher rules: Health & Debug[2m > [22m[2mshould NOT allow /api/debugger (matcher bypass)
Quality Gates	Run coverage gate	2026-03-20T21:11:04.5737523Z [22m[39m{"level":"WARN","message":"edge_security_telemetry","context":{"reason":"unauthorized_access","route":"/api/debugger","requestId":"unknown","ipHash":null,"tenantClaim":null,"userClaim":null,"timestamp":"2026-03-20T21:11:04.571Z"}}
Quality Gates	Run coverage gate	2026-03-20T21:11:04.5739333Z 
Quality Gates	Run coverage gate	2026-03-20T21:11:04.5741714Z [90mstderr[2m | src/__tests__/proxy.test.ts[2m > [22m[2mGlobal Edge Middleware Enforcement[2m > [22m[2mRULE 2 & 3: Session Check & Tenant Authorization[2m > [22m[2mshould block /api/cockpit/* if session is missing
Quality Gates	Run coverage gate	2026-03-20T21:11:04.5746059Z [22m[39m{"level":"WARN","message":"edge_security_telemetry","context":{"reason":"unauthorized_access","route":"/api/cockpit/dashboard","requestId":"unknown","ipHash":null,"tenantClaim":null,"userClaim":null,"timestamp":"2026-03-20T21:11:04.572Z"}}
Quality Gates	Run coverage gate	2026-03-20T21:11:04.5748064Z 
Quality Gates	Run coverage gate	2026-03-20T21:11:04.5750891Z [90mstderr[2m | src/__tests__/proxy.test.ts[2m > [22m[2mGlobal Edge Middleware Enforcement[2m > [22m[2mRULE 2 & 3: Session Check & Tenant Authorization[2m > [22m[2mshould block /api/simulate if session is missing
Quality Gates	Run coverage gate	2026-03-20T21:11:04.5783749Z [22m[39m{"level":"WARN","message":"edge_security_telemetry","context":{"reason":"unauthorized_access","route":"/api/simulate","requestId":"unknown","ipHash":null,"tenantClaim":null,"userClaim":null,"timestamp":"2026-03-20T21:11:04.573Z"}}
Quality Gates	Run coverage gate	2026-03-20T21:11:04.5785498Z 
Quality Gates	Run coverage gate	2026-03-20T21:11:04.5787904Z [90mstderr[2m | src/__tests__/proxy.test.ts[2m > [22m[2mGlobal Edge Middleware Enforcement[2m > [22m[2mRULE 2 & 3: Session Check & Tenant Authorization[2m > [22m[2mshould block representative global route /api/events/track if session missing
Quality Gates	Run coverage gate	2026-03-20T21:11:04.5792081Z [22m[39m{"level":"WARN","message":"edge_security_telemetry","context":{"reason":"unauthorized_access","route":"/api/events/track","requestId":"unknown","ipHash":null,"tenantClaim":null,"userClaim":null,"timestamp":"2026-03-20T21:11:04.574Z"}}
Quality Gates	Run coverage gate	2026-03-20T21:11:04.5793884Z 
Quality Gates	Run coverage gate	2026-03-20T21:11:04.5796222Z [90mstderr[2m | src/__tests__/proxy.test.ts[2m > [22m[2mGlobal Edge Middleware Enforcement[2m > [22m[2mRULE 2 & 3: Session Check & Tenant Authorization[2m > [22m[2mshould strip spoofed headers and allow /api/simulate with valid session
Quality Gates	Run coverage gate	2026-03-20T21:11:04.5800230Z [22m[39m{"level":"WARN","message":"edge_security_telemetry","context":{"reason":"header_spoof_detected","route":"/api/simulate","requestId":"unknown","ipHash":null,"tenantClaim":null,"userClaim":null,"timestamp":"2026-03-20T21:11:04.576Z"}}
Quality Gates	Run coverage gate	2026-03-20T21:11:04.5802246Z 
Quality Gates	Run coverage gate	2026-03-20T21:11:04.5804478Z [90mstderr[2m | src/__tests__/proxy.test.ts[2m > [22m[2mGlobal Edge Middleware Enforcement[2m > [22m[2mRULE 2 & 3: Session Check & Tenant Authorization[2m > [22m[2mshould block /api/cockpit/* if session JWT is invalid
Quality Gates	Run coverage gate	2026-03-20T21:11:04.5808248Z [22m[39m{"level":"WARN","message":"edge_security_telemetry","context":{"reason":"invalid_jwt","route":"/api/cockpit/dashboard","requestId":"unknown","ipHash":null,"tenantClaim":null,"userClaim":null,"timestamp":"2026-03-20T21:11:04.578Z"}}
Quality Gates	Run coverage gate	2026-03-20T21:11:04.5810079Z 
Quality Gates	Run coverage gate	2026-03-20T21:11:04.5812353Z [90mstderr[2m | src/__tests__/proxy.test.ts[2m > [22m[2mGlobal Edge Middleware Enforcement[2m > [22m[2mRULE 2 & 3: Session Check & Tenant Authorization[2m > [22m[2mshould block /api/tenants/* if JWT tenant does not match route tenant
Quality Gates	Run coverage gate	2026-03-20T21:11:04.5816267Z [22m[39m{"level":"WARN","message":"edge_security_telemetry","context":{"reason":"tenant_mismatch","route":"/api/tenants/tnt_999/settings","requestId":"unknown","ipHash":null,"tenantClaim":"tnt_2","userClaim":"usr_1","timestamp":"2026-03-20T21:11:04.580Z"}}
Quality Gates	Run coverage gate	2026-03-20T21:11:04.5818822Z 
Quality Gates	Run coverage gate	2026-03-20T21:11:04.6093272Z  [32m✓[39m src/__tests__/proxy.test.ts [2m([22m[2m21 tests[22m[2m)[22m[32m 54[2mms[22m[39m
Quality Gates	Run coverage gate	2026-03-20T21:11:04.8128933Z  [32m✓[39m src/modules/metrics/__tests__/rollup-daily.service.test.ts [2m([22m[2m7 tests[22m[2m)[22m[32m 111[2mms[22m[39m
Quality Gates	Run coverage gate	2026-03-20T21:11:04.9200355Z  [32m✓[39m src/app/api/cockpit/billing/__tests__/stripe.test.ts [2m([22m[2m8 tests[22m[2m)[22m[32m 40[2mms[22m[39m
Quality Gates	Run coverage gate	2026-03-20T21:11:05.1083391Z  [32m✓[39m src/tests/recovery-readiness.test.ts [2m([22m[2m7 tests[22m[2m)[22m[32m 212[2mms[22m[39m
Quality Gates	Run coverage gate	2026-03-20T21:11:05.3959100Z [90mstdout[2m | src/app/api/webhook/stripe/__tests__/stripe-lifecycle.test.ts
Quality Gates	Run coverage gate	2026-03-20T21:11:05.3965461Z [22m[39m{"timestamp":"2026-03-20T21:11:05.390Z","level":"INFO","message":"TenantRepository initialized","context":{"cacheTtlMinutes":10}}
Quality Gates	Run coverage gate	2026-03-20T21:11:05.3967624Z 
Quality Gates	Run coverage gate	2026-03-20T21:11:05.4416303Z  [32m✓[39m src/app/api/webhook/stripe/__tests__/stripe-lifecycle.test.ts [2m([22m[2m6 tests[22m[2m)[22m[32m 7[2mms[22m[39m
Quality Gates	Run coverage gate	2026-03-20T21:11:05.4516014Z  [32m✓[39m src/tests/frank-supremo-analyzer.test.ts [2m([22m[2m6 tests[22m[2m)[22m[32m 274[2mms[22m[39m
Quality Gates	Run coverage gate	2026-03-20T21:11:05.6137087Z  [32m✓[39m src/modules/atendimento/__tests__/whatsapp-crm-e2e.test.ts [2m([22m[2m5 tests[22m[2m)[22m[32m 260[2mms[22m[39m
Quality Gates	Run coverage gate	2026-03-20T21:11:05.6867822Z  [32m✓[39m src/modules/finops/workers/__tests__/finops-reconciliation.worker.test.ts [2m([22m[2m4 tests[22m[2m)[22m[32m 7[2mms[22m[39m
Quality Gates	Run coverage gate	2026-03-20T21:11:05.8396875Z [90mstdout[2m | src/domine/processor/__tests__/processor.test.ts[2m > [22m[2mDispatcher[2m > [22m[2mreturns ok:true when no handler is registered for event type
Quality Gates	Run coverage gate	2026-03-20T21:11:05.8423318Z [22m[39m{"timestamp":"2026-03-20T21:11:05.837Z","level":"INFO","message":"domine_event_no_handler","context":{"eventId":"evt-1","eventType":"unknown_event_type","tenantId":"tenant-1"}}
Quality Gates	Run coverage gate	2026-03-20T21:11:05.8424752Z 
Quality Gates	Run coverage gate	2026-03-20T21:11:05.8426248Z [90mstdout[2m | src/domine/processor/__tests__/processor.test.ts[2m > [22m[2mDispatcher[2m > [22m[2mdispatches to registered handler
Quality Gates	Run coverage gate	2026-03-20T21:11:05.8429579Z [22m[39m{"timestamp":"2026-03-20T21:11:05.840Z","level":"INFO","message":"domine_handler_registered","context":{"eventType":"test.success"}}
Quality Gates	Run coverage gate	2026-03-20T21:11:05.8430487Z 
Quality Gates	Run coverage gate	2026-03-20T21:11:05.8444337Z [90mstdout[2m | src/domine/processor/__tests__/processor.test.ts[2m > [22m[2mDispatcher[2m > [22m[2mreturns failure from handler
Quality Gates	Run coverage gate	2026-03-20T21:11:05.8447409Z [22m[39m{"timestamp":"2026-03-20T21:11:05.841Z","level":"INFO","message":"domine_handler_registered","context":{"eventType":"test.fail"}}
Quality Gates	Run coverage gate	2026-03-20T21:11:05.8448898Z 
Quality Gates	Run coverage gate	2026-03-20T21:11:05.8462247Z [90mstdout[2m | src/domine/processor/__tests__/processor.test.ts[2m > [22m[2mprocessEvent with mock DB[2m > [22m[2mprocesses event successfully when handler returns ok
Quality Gates	Run coverage gate	2026-03-20T21:11:05.8465974Z [22m[39m{"timestamp":"2026-03-20T21:11:05.845Z","level":"INFO","message":"domine_event_processed","context":{"eventId":"evt-ok","tenantId":"tenant-1","eventType":"test.success","processor":"domine_processor_v1","durationMs":0,"status":"completed"}}
Quality Gates	Run coverage gate	2026-03-20T21:11:05.8467862Z 
Quality Gates	Run coverage gate	2026-03-20T21:11:05.8472885Z [90mstdout[2m | src/domine/processor/__tests__/processor.test.ts[2m > [22m[2mprocessEvent with mock DB[2m > [22m[2mschedules retry when handler fails and retryCount < MAX
Quality Gates	Run coverage gate	2026-03-20T21:11:05.8476423Z [22m[39m{"timestamp":"2026-03-20T21:11:05.846Z","level":"INFO","message":"domine_handler_registered","context":{"eventType":"test.retry_me"}}
Quality Gates	Run coverage gate	2026-03-20T21:11:05.8477831Z 
Quality Gates	Run coverage gate	2026-03-20T21:11:05.8483310Z [90mstdout[2m | src/domine/processor/__tests__/processor.test.ts[2m > [22m[2mprocessEvent with mock DB[2m > [22m[2mschedules retry when handler fails and retryCount < MAX
Quality Gates	Run coverage gate	2026-03-20T21:11:05.8486865Z [22m[39m{"timestamp":"2026-03-20T21:11:05.847Z","level":"INFO","message":"domine_event_retry_scheduled","context":{"eventId":"evt-retry","tenantId":"tenant-1","eventType":"test.retry_me","retryCount":1,"nextRetryAt":"2026-03-20T21:16:05.847Z","durationMs":0}}
Quality Gates	Run coverage gate	2026-03-20T21:11:05.8488508Z 
Quality Gates	Run coverage gate	2026-03-20T21:11:05.8491169Z [90mstdout[2m | src/domine/processor/__tests__/processor.test.ts[2m > [22m[2mprocessEvent with mock DB[2m > [22m[2mmoves to DLQ when handler fails and retryCount >= MAX
Quality Gates	Run coverage gate	2026-03-20T21:11:05.8495116Z [22m[39m{"timestamp":"2026-03-20T21:11:05.848Z","level":"INFO","message":"domine_handler_registered","context":{"eventType":"test.dlq_me"}}
Quality Gates	Run coverage gate	2026-03-20T21:11:05.8496262Z 
Quality Gates	Run coverage gate	2026-03-20T21:11:05.8530898Z [90mstderr[2m | src/domine/processor/__tests__/processor.test.ts[2m > [22m[2mprocessEvent with mock DB[2m > [22m[2mmoves to DLQ when handler fails and retryCount >= MAX
Quality Gates	Run coverage gate	2026-03-20T21:11:05.8534067Z [22m[39m{"timestamp":"2026-03-20T21:11:05.852Z","level":"WARN","message":"domine_event_dlq","context":{"eventId":"evt-dlq","tenantId":"tenant-1","eventType":"test.dlq_me","retryCount":5}}
Quality Gates	Run coverage gate	2026-03-20T21:11:05.8541988Z 
Quality Gates	Run coverage gate	2026-03-20T21:11:05.8544899Z [90mstderr[2m | src/domine/processor/__tests__/processor.test.ts[2m > [22m[2mprocessEvent with mock DB[2m > [22m[2mmoves to DLQ when handler fails and retryCount >= MAX
Quality Gates	Run coverage gate	2026-03-20T21:11:05.8548205Z [22m[39m{"timestamp":"2026-03-20T21:11:05.852Z","level":"WARN","message":"domine_event_dlq","context":{"eventId":"evt-dlq","tenantId":"tenant-1","eventType":"test.dlq_me","retryCount":5,"durationMs":3}}
Quality Gates	Run coverage gate	2026-03-20T21:11:05.8549784Z 
Quality Gates	Run coverage gate	2026-03-20T21:11:05.8668481Z  [32m✓[39m src/domine/processor/__tests__/processor.test.ts [2m([22m[2m14 tests[22m[2m)[22m[32m 23[2mms[22m[39m
Quality Gates	Run coverage gate	2026-03-20T21:11:05.9753443Z  [32m✓[39m src/modules/frank/__tests__/conversation-control.test.ts [2m([22m[2m25 tests[22m[2m)[22m[32m 38[2mms[22m[39m
Quality Gates	Run coverage gate	2026-03-20T21:11:05.9930898Z  [32m✓[39m src/tests/supreme-permissions.test.ts [2m([22m[2m9 tests[22m[2m)[22m[32m 55[2mms[22m[39m
Quality Gates	Run coverage gate	2026-03-20T21:11:06.5570400Z [90mstdout[2m | src/app/api/internal/billing/__tests__/reconcile-stripe.test.ts
Quality Gates	Run coverage gate	2026-03-20T21:11:06.5574001Z [22m[39m{"timestamp":"2026-03-20T21:11:06.553Z","level":"INFO","message":"TenantRepository initialized","context":{"cacheTtlMinutes":10}}
Quality Gates	Run coverage gate	2026-03-20T21:11:06.5576369Z 
Quality Gates	Run coverage gate	2026-03-20T21:11:06.5648950Z  [32m✓[39m src/tests/tenant-data-contract.test.ts [2m([22m[2m7 tests[22m[2m)[22m[32m 275[2mms[22m[39m
Quality Gates	Run coverage gate	2026-03-20T21:11:06.6193825Z  [32m✓[39m src/app/api/webhook/stripe/__tests__/stripe-idempotency.test.ts [2m([22m[2m7 tests[22m[2m)[22m[32m 241[2mms[22m[39m
Quality Gates	Run coverage gate	2026-03-20T21:11:06.7111933Z  [32m✓[39m src/app/api/internal/billing/__tests__/reconcile-stripe.test.ts [2m([22m[2m6 tests[22m[2m)[22m[32m 24[2mms[22m[39m
Quality Gates	Run coverage gate	2026-03-20T21:11:06.9422864Z  [32m✓[39m src/infra/__tests__/context-cache.test.ts [2m([22m[2m11 tests[22m[2m)[22m[32m 14[2mms[22m[39m
Quality Gates	Run coverage gate	2026-03-20T21:11:06.9856187Z  [32m✓[39m src/tests/action-engine.test.ts [2m([22m[2m6 tests[22m[2m)[22m[32m 199[2mms[22m[39m
Quality Gates	Run coverage gate	2026-03-20T21:11:07.2508328Z [90mstdout[2m | src/app/api/cockpit/metrics/acquisition/__tests__/route.test.ts[2m > [22m[2mGET /api/cockpit/metrics/acquisition[2m > [22m[2mreturns grouped acquisition metrics with conversion rates
Quality Gates	Run coverage gate	2026-03-20T21:11:07.2521789Z [22m[39m{"timestamp":"2026-03-20T21:11:07.244Z","level":"info","message":"cockpit_metrics_acquisition_start","context":{"requestId":"82905ded-7091-4c6d-b975-43039addfd23","route":"/api/cockpit/metrics/acquisition","eventType":"route_start"}}
Quality Gates	Run coverage gate	2026-03-20T21:11:07.2523695Z 
Quality Gates	Run coverage gate	2026-03-20T21:11:07.2630911Z [90mstdout[2m | src/app/api/cockpit/metrics/acquisition/__tests__/route.test.ts[2m > [22m[2mGET /api/cockpit/metrics/acquisition[2m > [22m[2mreturns grouped acquisition metrics with conversion rates
Quality Gates	Run coverage gate	2026-03-20T21:11:07.2643257Z [22m[39m{"timestamp":"2026-03-20T21:11:07.261Z","level":"info","message":"cockpit_metrics_acquisition_end","context":{"requestId":"82905ded-7091-4c6d-b975-43039addfd23","tenantId":"tenant-1","route":"/api/cockpit/metrics/acquisition","eventType":"route_end","durationMs":18,"status":200,"outcome":"ok","timezone":"America/Sao_Paulo"}}
Quality Gates	Run coverage gate	2026-03-20T21:11:07.2645404Z 
Quality Gates	Run coverage gate	2026-03-20T21:11:07.2695260Z [90mstdout[2m | src/app/api/cockpit/metrics/acquisition/__tests__/route.test.ts[2m > [22m[2mGET /api/cockpit/metrics/acquisition[2m > [22m[2muses rollup table for 7d window when data exists
Quality Gates	Run coverage gate	2026-03-20T21:11:07.2698799Z [22m[39m{"timestamp":"2026-03-20T21:11:07.268Z","level":"info","message":"cockpit_metrics_acquisition_start","context":{"requestId":"abab1a0f-2e8e-4e81-aa15-fa879d81a70b","route":"/api/cockpit/metrics/acquisition","eventType":"route_start"}}
Quality Gates	Run coverage gate	2026-03-20T21:11:07.2702447Z 
Quality Gates	Run coverage gate	2026-03-20T21:11:07.2716518Z [90mstdout[2m | src/app/api/cockpit/metrics/acquisition/__tests__/route.test.ts[2m > [22m[2mGET /api/cockpit/metrics/acquisition[2m > [22m[2muses rollup table for 7d window when data exists
Quality Gates	Run coverage gate	2026-03-20T21:11:07.2729833Z [22m[39m{"timestamp":"2026-03-20T21:11:07.270Z","level":"info","message":"cockpit_metrics_acquisition_end","context":{"requestId":"abab1a0f-2e8e-4e81-aa15-fa879d81a70b","tenantId":"tenant-1","route":"/api/cockpit/metrics/acquisition","eventType":"route_end","durationMs":2,"status":200,"outcome":"ok","timezone":"America/Sao_Paulo"}}
Quality Gates	Run coverage gate	2026-03-20T21:11:07.2732433Z 
Quality Gates	Run coverage gate	2026-03-20T21:11:07.2734345Z [90mstdout[2m | src/app/api/cockpit/metrics/acquisition/__tests__/route.test.ts[2m > [22m[2mGET /api/cockpit/metrics/acquisition[2m > [22m[2mkeeps rollup and raw responses coherent for a 7d dataset
Quality Gates	Run coverage gate	2026-03-20T21:11:07.2738251Z [22m[39m{"timestamp":"2026-03-20T21:11:07.272Z","level":"info","message":"cockpit_metrics_acquisition_start","context":{"requestId":"d559240c-9530-4fcf-a0c2-72b5fd82bcdb","route":"/api/cockpit/metrics/acquisition","eventType":"route_start"}}
Quality Gates	Run coverage gate	2026-03-20T21:11:07.2740354Z 
Quality Gates	Run coverage gate	2026-03-20T21:11:07.2752615Z [90mstdout[2m | src/app/api/cockpit/metrics/acquisition/__tests__/route.test.ts[2m > [22m[2mGET /api/cockpit/metrics/acquisition[2m > [22m[2mkeeps rollup and raw responses coherent for a 7d dataset
Quality Gates	Run coverage gate	2026-03-20T21:11:07.2772243Z [22m[39m{"timestamp":"2026-03-20T21:11:07.274Z","level":"info","message":"cockpit_metrics_acquisition_end","context":{"requestId":"d559240c-9530-4fcf-a0c2-72b5fd82bcdb","tenantId":"tenant-1","route":"/api/cockpit/metrics/acquisition","eventType":"route_end","durationMs":2,"status":200,"outcome":"ok","timezone":"America/Sao_Paulo"}}
Quality Gates	Run coverage gate	2026-03-20T21:11:07.2774701Z 
Quality Gates	Run coverage gate	2026-03-20T21:11:07.2776498Z [90mstdout[2m | src/app/api/cockpit/metrics/acquisition/__tests__/route.test.ts[2m > [22m[2mGET /api/cockpit/metrics/acquisition[2m > [22m[2mkeeps rollup and raw responses coherent for a 7d dataset
Quality Gates	Run coverage gate	2026-03-20T21:11:07.2786418Z [22m[39m{"timestamp":"2026-03-20T21:11:07.274Z","level":"info","message":"cockpit_metrics_acquisition_start","context":{"requestId":"36224d56-0de7-4ad8-aeba-33cac78a7d38","route":"/api/cockpit/metrics/acquisition","eventType":"route_start"}}
Quality Gates	Run coverage gate	2026-03-20T21:11:07.2787946Z 
Quality Gates	Run coverage gate	2026-03-20T21:11:07.2789679Z [90mstdout[2m | src/app/api/cockpit/metrics/acquisition/__tests__/route.test.ts[2m > [22m[2mGET /api/cockpit/metrics/acquisition[2m > [22m[2mkeeps rollup and raw responses coherent for a 7d dataset
Quality Gates	Run coverage gate	2026-03-20T21:11:07.2793902Z [22m[39m{"timestamp":"2026-03-20T21:11:07.276Z","level":"info","message":"cockpit_metrics_acquisition_end","context":{"requestId":"36224d56-0de7-4ad8-aeba-33cac78a7d38","tenantId":"tenant-1","route":"/api/cockpit/metrics/acquisition","eventType":"route_end","durationMs":2,"status":200,"outcome":"ok","timezone":"America/Sao_Paulo"}}
Quality Gates	Run coverage gate	2026-03-20T21:11:07.2800740Z 
Quality Gates	Run coverage gate	2026-03-20T21:11:07.2802645Z [90mstdout[2m | src/app/api/cockpit/metrics/acquisition/__tests__/route.test.ts[2m > [22m[2mGET /api/cockpit/metrics/acquisition[2m > [22m[2mincludes timezone in cache key and response header
Quality Gates	Run coverage gate	2026-03-20T21:11:07.2805984Z [22m[39m{"timestamp":"2026-03-20T21:11:07.277Z","level":"info","message":"cockpit_metrics_acquisition_start","context":{"requestId":"945bb98e-95e9-4785-bed3-c6b97730f50b","route":"/api/cockpit/metrics/acquisition","eventType":"route_start"}}
Quality Gates	Run coverage gate	2026-03-20T21:11:07.2807584Z 
Quality Gates	Run coverage gate	2026-03-20T21:11:07.2810079Z [90mstdout[2m | src/app/api/cockpit/metrics/acquisition/__tests__/route.test.ts[2m > [22m[2mGET /api/cockpit/metrics/acquisition[2m > [22m[2mincludes timezone in cache key and response header
Quality Gates	Run coverage gate	2026-03-20T21:11:07.2814783Z [22m[39m{"timestamp":"2026-03-20T21:11:07.279Z","level":"info","message":"cockpit_metrics_acquisition_end","context":{"requestId":"945bb98e-95e9-4785-bed3-c6b97730f50b","tenantId":"tenant-1","route":"/api/cockpit/metrics/acquisition","eventType":"route_end","durationMs":2,"status":200,"outcome":"ok","timezone":"America/Sao_Paulo"}}
Quality Gates	Run coverage gate	2026-03-20T21:11:07.2828014Z 
Quality Gates	Run coverage gate	2026-03-20T21:11:07.3183687Z  [32m✓[39m src/app/api/cockpit/metrics/acquisition/__tests__/route.test.ts [2m([22m[2m4 tests[22m[2m)[22m[32m 44[2mms[22m[39m
Quality Gates	Run coverage gate	2026-03-20T21:11:07.5049722Z [90mstderr[2m | src/infra/__tests__/webhook-context-flow.test.ts[2m > [22m[2mE2E: webhook → persist → cache append → getContext[2m > [22m[2mcontext is empty before any message is appended (cold cache, empty DB)
Quality Gates	Run coverage gate	2026-03-20T21:11:07.5052492Z [22m[39m[pii] AUTH_SECRET missing in dev/test; using insecure fallback for phone hashing
Quality Gates	Run coverage gate	2026-03-20T21:11:07.5053125Z 
Quality Gates	Run coverage gate	2026-03-20T21:11:07.5277154Z  [32m✓[39m src/tests/cockpit-metrics-engine.test.ts [2m([22m[2m7 tests[22m[2m)[22m[32m 196[2mms[22m[39m
Quality Gates	Run coverage gate	2026-03-20T21:11:07.5410458Z  [32m✓[39m src/infra/__tests__/webhook-context-flow.test.ts [2m([22m[2m8 tests[22m[2m)[22m[32m 20[2mms[22m[39m
Quality Gates	Run coverage gate	2026-03-20T21:11:07.7291925Z [90mstderr[2m | src/infra/repositories/__tests__/message.repository.test.ts[2m > [22m[2mMessageRepository.getLastMessages[2m > [22m[2missues a single query and respects limit
Quality Gates	Run coverage gate	2026-03-20T21:11:07.7294101Z [22m[39m[pii] AUTH_SECRET missing in dev/test; using insecure fallback for phone hashing
Quality Gates	Run coverage gate	2026-03-20T21:11:07.7294736Z 
Quality Gates	Run coverage gate	2026-03-20T21:11:07.7384227Z [90mstderr[2m | src/infra/repositories/__tests__/message.repository.test.ts[2m > [22m[2mMessageRepository.getLastMessages[2m > [22m[2minvalidates cockpit metrics cache after successful inbound insert
Quality Gates	Run coverage gate	2026-03-20T21:11:07.7386501Z [22m[39m[pii] PII_ENCRYPTION_KEY missing in dev/test; using insecure fallback encryption key
Quality Gates	Run coverage gate	2026-03-20T21:11:07.7387172Z 
Quality Gates	Run coverage gate	2026-03-20T21:11:07.7608780Z  [32m✓[39m src/infra/repositories/__tests__/message.repository.test.ts [2m([22m[2m13 tests[22m[2m)[22m[32m 21[2mms[22m[39m
Quality Gates	Run coverage gate	2026-03-20T21:11:08.0631917Z  [32m✓[39m src/tests/operational-event-bus.test.ts [2m([22m[2m7 tests[22m[2m)[22m[32m 213[2mms[22m[39m
Quality Gates	Run coverage gate	2026-03-20T21:11:08.2888405Z  [32m✓[39m src/modules/frank/__tests__/frank-assistant-responses.test.ts [2m([22m[2m3 tests[22m[2m)[22m[32m 21[2mms[22m[39m
Quality Gates	Run coverage gate	2026-03-20T21:11:08.3424383Z [90mstderr[2m | src/app/api/cockpit/conversations/[id]/__tests__/crm.test.ts[2m > [22m[2mOperational CRM Actions & Integration[2m > [22m[2mreturns 409 when service reports optimistic locking conflict
Quality Gates	Run coverage gate	2026-03-20T21:11:08.3427522Z [22m[39m{"timestamp":"2026-03-20T21:11:08.339Z","level":"WARN","message":"Conversation stage conflict detected","context":{"requestId":"e60b39f5-0eed-4ae5-b56c-44a106fb46a9"}}
Quality Gates	Run coverage gate	2026-03-20T21:11:08.3428828Z 
Quality Gates	Run coverage gate	2026-03-20T21:11:08.3896482Z  [32m✓[39m src/app/api/cockpit/conversations/[id]/__tests__/crm.test.ts [2m([22m[2m6 tests[22m[2m)[22m[32m 31[2mms[22m[39m
Quality Gates	Run coverage gate	2026-03-20T21:11:08.5003508Z  [32m✓[39m src/modules/finops/services/__tests__/finops-budget.service.test.ts [2m([22m[2m20 tests[22m[2m)[22m[32m 7[2mms[22m[39m
Quality Gates	Run coverage gate	2026-03-20T21:11:08.6895795Z [90mstdout[2m | src/app/api/supreme/ecosystem/__tests__/ecosystem.test.ts[2m > [22m[2mGET /api/supreme/ecosystem[2m > [22m[2mreturns 401 when no token and no super_admin session
Quality Gates	Run coverage gate	2026-03-20T21:11:08.6899604Z [22m[39m{"timestamp":"2026-03-20T21:11:08.682Z","level":"info","message":"supreme_ecosystem_start","context":{"requestId":"req-supreme-test","route":"/api/supreme/ecosystem","eventType":"SUPREME_VIEW"}}
Quality Gates	Run coverage gate	2026-03-20T21:11:08.6901483Z 
Quality Gates	Run coverage gate	2026-03-20T21:11:08.6909452Z [90mstdout[2m | src/app/api/supreme/ecosystem/__tests__/ecosystem.test.ts[2m > [22m[2mGET /api/supreme/ecosystem[2m > [22m[2mreturns 401 when no token and no super_admin session
Quality Gates	Run coverage gate	2026-03-20T21:11:08.6913372Z [22m[39m{"timestamp":"2026-03-20T21:11:08.685Z","level":"warn","message":"supreme_ecosystem_unauthorized","context":{"requestId":"req-supreme-test","route":"/api/supreme/ecosystem","eventType":"SUPREME_VIEW"}}
Quality Gates	Run coverage gate	2026-03-20T21:11:08.6915199Z 
Quality Gates	Run coverage gate	2026-03-20T21:11:08.6952344Z [90mstdout[2m | src/app/api/supreme/ecosystem/__tests__/ecosystem.test.ts[2m > [22m[2mGET /api/supreme/ecosystem[2m > [22m[2mreturns 401 when token is wrong
Quality Gates	Run coverage gate	2026-03-20T21:11:08.6957329Z [22m[39m{"timestamp":"2026-03-20T21:11:08.694Z","level":"info","message":"supreme_ecosystem_start","context":{"requestId":"req-supreme-test","route":"/api/supreme/ecosystem","eventType":"SUPREME_VIEW"}}
Quality Gates	Run coverage gate	2026-03-20T21:11:08.6958641Z 
Quality Gates	Run coverage gate	2026-03-20T21:11:08.6960119Z [90mstdout[2m | src/app/api/supreme/ecosystem/__tests__/ecosystem.test.ts[2m > [22m[2mGET /api/supreme/ecosystem[2m > [22m[2mreturns 401 when token is wrong
Quality Gates	Run coverage gate	2026-03-20T21:11:08.6963808Z [22m[39m{"timestamp":"2026-03-20T21:11:08.694Z","level":"warn","message":"supreme_ecosystem_unauthorized","context":{"requestId":"req-supreme-test","route":"/api/supreme/ecosystem","eventType":"SUPREME_VIEW"}}
Quality Gates	Run coverage gate	2026-03-20T21:11:08.6965167Z 
Quality Gates	Run coverage gate	2026-03-20T21:11:08.7014628Z [90mstdout[2m | src/app/api/supreme/ecosystem/__tests__/ecosystem.test.ts[2m > [22m[2mGET /api/supreme/ecosystem[2m > [22m[2mreturns 200 with correct shape when x-internal-token is valid
Quality Gates	Run coverage gate	2026-03-20T21:11:08.7017949Z [22m[39m{"timestamp":"2026-03-20T21:11:08.698Z","level":"info","message":"supreme_ecosystem_start","context":{"requestId":"req-supreme-test","route":"/api/supreme/ecosystem","eventType":"SUPREME_VIEW"}}
Quality Gates	Run coverage gate	2026-03-20T21:11:08.7019524Z 
Quality Gates	Run coverage gate	2026-03-20T21:11:08.7021691Z [90mstdout[2m | src/app/api/supreme/ecosystem/__tests__/ecosystem.test.ts[2m > [22m[2mGET /api/supreme/ecosystem[2m > [22m[2mreturns 200 with correct shape when x-internal-token is valid
Quality Gates	Run coverage gate	2026-03-20T21:11:08.7025450Z [22m[39m{"timestamp":"2026-03-20T21:11:08.698Z","level":"info","message":"supreme_ecosystem_end","context":{"requestId":"req-supreme-test","route":"/api/supreme/ecosystem","eventType":"SUPREME_VIEW","latencyMs":0,"tenantTotal":5,"finopsLocked":1}}
Quality Gates	Run coverage gate	2026-03-20T21:11:08.7032373Z 
Quality Gates	Run coverage gate	2026-03-20T21:11:08.7039325Z [90mstdout[2m | src/app/api/supreme/ecosystem/__tests__/ecosystem.test.ts[2m > [22m[2mGET /api/supreme/ecosystem[2m > [22m[2mreturns 200 when session role is super_admin
Quality Gates	Run coverage gate	2026-03-20T21:11:08.7053121Z [22m[39m{"timestamp":"2026-03-20T21:11:08.703Z","level":"info","message":"supreme_ecosystem_start","context":{"requestId":"req-supreme-test","route":"/api/supreme/ecosystem","eventType":"SUPREME_VIEW"}}
Quality Gates	Run coverage gate	2026-03-20T21:11:08.7054263Z 
Quality Gates	Run coverage gate	2026-03-20T21:11:08.7055745Z [90mstdout[2m | src/app/api/supreme/ecosystem/__tests__/ecosystem.test.ts[2m > [22m[2mGET /api/supreme/ecosystem[2m > [22m[2mreturns 200 when session role is super_admin
Quality Gates	Run coverage gate	2026-03-20T21:11:08.7082296Z [22m[39m{"timestamp":"2026-03-20T21:11:08.703Z","level":"info","message":"supreme_ecosystem_end","context":{"requestId":"req-supreme-test","route":"/api/supreme/ecosystem","eventType":"SUPREME_VIEW","latencyMs":0,"tenantTotal":5,"finopsLocked":1}}
Quality Gates	Run coverage gate	2026-03-20T21:11:08.7084292Z 
Quality Gates	Run coverage gate	2026-03-20T21:11:08.7085996Z [90mstdout[2m | src/app/api/supreme/ecosystem/__tests__/ecosystem.test.ts[2m > [22m[2mGET /api/supreme/ecosystem[2m > [22m[2mtopBurn is returned ordered by burnRatePerDay descending
Quality Gates	Run coverage gate	2026-03-20T21:11:08.7088964Z [22m[39m{"timestamp":"2026-03-20T21:11:08.704Z","level":"info","message":"supreme_ecosystem_start","context":{"requestId":"req-supreme-test","route":"/api/supreme/ecosystem","eventType":"SUPREME_VIEW"}}
Quality Gates	Run coverage gate	2026-03-20T21:11:08.7090228Z 
Quality Gates	Run coverage gate	2026-03-20T21:11:08.7092046Z [90mstdout[2m | src/app/api/supreme/ecosystem/__tests__/ecosystem.test.ts[2m > [22m[2mGET /api/supreme/ecosystem[2m > [22m[2mtopBurn is returned ordered by burnRatePerDay descending
Quality Gates	Run coverage gate	2026-03-20T21:11:08.7095365Z [22m[39m{"timestamp":"2026-03-20T21:11:08.704Z","level":"info","message":"supreme_ecosystem_end","context":{"requestId":"req-supreme-test","route":"/api/supreme/ecosystem","eventType":"SUPREME_VIEW","latencyMs":0,"tenantTotal":5,"finopsLocked":1}}
Quality Gates	Run coverage gate	2026-03-20T21:11:08.7096889Z 
Quality Gates	Run coverage gate	2026-03-20T21:11:08.7098946Z [90mstdout[2m | src/app/api/supreme/ecosystem/__tests__/ecosystem.test.ts[2m > [22m[2mGET /api/supreme/ecosystem[2m > [22m[2mreturns 500 when getEcosystemMap throws
Quality Gates	Run coverage gate	2026-03-20T21:11:08.7101931Z [22m[39m{"timestamp":"2026-03-20T21:11:08.705Z","level":"info","message":"supreme_ecosystem_start","context":{"requestId":"req-supreme-test","route":"/api/supreme/ecosystem","eventType":"SUPREME_VIEW"}}
Quality Gates	Run coverage gate	2026-03-20T21:11:08.7103183Z 
Quality Gates	Run coverage gate	2026-03-20T21:11:08.7104935Z [90mstdout[2m | src/app/api/supreme/ecosystem/__tests__/ecosystem.test.ts[2m > [22m[2mGET /api/supreme/ecosystem[2m > [22m[2mreturns 500 when getEcosystemMap throws
Quality Gates	Run coverage gate	2026-03-20T21:11:08.7110694Z [22m[39m{"timestamp":"2026-03-20T21:11:08.706Z","level":"error","message":"supreme_ecosystem_error","context":{"requestId":"req-supreme-test","route":"/api/supreme/ecosystem","eventType":"SUPREME_VIEW","latencyMs":1,"errorCode":"UNKNOWN","error":{"name":"Error","message":"DB unavailable"}}}
Quality Gates	Run coverage gate	2026-03-20T21:11:08.7112702Z 
Quality Gates	Run coverage gate	2026-03-20T21:11:08.7371163Z [90mstdout[2m | src/server/twilio/__tests__/verifyWebhook.test.ts[2m > [22m[2mverifyTwilioRequest[2m > [22m[2mreturns false when X-Twilio-Signature header is missing
Quality Gates	Run coverage gate	2026-03-20T21:11:08.7375463Z [22m[39m{"timestamp":"2026-03-20T21:11:08.733Z","level":"INFO","message":"twilio_signature_diagnostic","context":{"pathname":"/api/webhook","hostHeader":null,"xForwardedHost":null,"xForwardedProto":null,"validationUrl":"https://localhost:3000/api/webhook","hasTwilioSignature":false,"contentType":""}}
Quality Gates	Run coverage gate	2026-03-20T21:11:08.7377439Z 
Quality Gates	Run coverage gate	2026-03-20T21:11:08.7387900Z [90mstderr[2m | src/server/twilio/__tests__/verifyWebhook.test.ts[2m > [22m[2mverifyTwilioRequest[2m > [22m[2mreturns false and logs warning when TWILIO_AUTH_TOKEN is not set
Quality Gates	Run coverage gate	2026-03-20T21:11:08.7390878Z [22m[39m{"timestamp":"2026-03-20T21:11:08.736Z","level":"WARN","message":"TWILIO_AUTH_TOKEN not set — cannot verify webhook signature","context":{"event":"TWILIO_VERIFY_MISCONFIGURED"}}
Quality Gates	Run coverage gate	2026-03-20T21:11:08.7392305Z 
Quality Gates	Run coverage gate	2026-03-20T21:11:08.7393356Z  [32m✓[39m src/app/api/supreme/ecosystem/__tests__/ecosystem.test.ts [2m([22m[2m6 tests[22m[2m)[22m[32m 29[2mms[22m[39m
Quality Gates	Run coverage gate	2026-03-20T21:11:08.7395639Z [90mstdout[2m | src/server/twilio/__tests__/verifyWebhook.test.ts[2m > [22m[2mverifyTwilioRequest[2m > [22m[2mreturns false for a mismatched signature on form body
Quality Gates	Run coverage gate	2026-03-20T21:11:08.7399803Z [22m[39m{"timestamp":"2026-03-20T21:11:08.737Z","level":"INFO","message":"twilio_signature_diagnostic","context":{"pathname":"/api/webhook","hostHeader":null,"xForwardedHost":null,"xForwardedProto":null,"validationUrl":"https://example.com/api/webhook","hasTwilioSignature":true,"contentType":"application/x-www-form-urlencoded"}}
Quality Gates	Run coverage gate	2026-03-20T21:11:08.7402165Z 
Quality Gates	Run coverage gate	2026-03-20T21:11:08.7405515Z [90mstdout[2m | src/server/twilio/__tests__/verifyWebhook.test.ts[2m > [22m[2mverifyTwilioRequest[2m > [22m[2mreturns false for a mismatched signature on JSON body
Quality Gates	Run coverage gate	2026-03-20T21:11:08.7409942Z [22m[39m{"timestamp":"2026-03-20T21:11:08.739Z","level":"INFO","message":"twilio_signature_diagnostic","context":{"pathname":"/api/webhook","hostHeader":null,"xForwardedHost":null,"xForwardedProto":null,"validationUrl":"https://example.com/api/webhook","hasTwilioSignature":true,"contentType":"application/json"}}
Quality Gates	Run coverage gate	2026-03-20T21:11:08.7415915Z 
Quality Gates	Run coverage gate	2026-03-20T21:11:08.7424915Z [90mstdout[2m | src/server/twilio/__tests__/verifyWebhook.test.ts[2m > [22m[2mverifyTwilioRequest[2m > [22m[2mdoes not throw when the twilio library throws internally (returns false)
Quality Gates	Run coverage gate	2026-03-20T21:11:08.7429514Z [22m[39m{"timestamp":"2026-03-20T21:11:08.741Z","level":"INFO","message":"twilio_signature_diagnostic","context":{"pathname":"/api/webhook","hostHeader":null,"xForwardedHost":null,"xForwardedProto":null,"validationUrl":"https://example.com/api/webhook","hasTwilioSignature":true,"contentType":"application/x-www-form-urlencoded"}}
Quality Gates	Run coverage gate	2026-03-20T21:11:08.7432299Z 
Quality Gates	Run coverage gate	2026-03-20T21:11:08.7443193Z [90mstdout[2m | src/server/twilio/__tests__/verifyWebhook.test.ts[2m > [22m[2mverifyTwilioRequest[2m > [22m[2maccepts call with no rawBody or formParams (uses defaults)
Quality Gates	Run coverage gate	2026-03-20T21:11:08.7447356Z [22m[39m{"timestamp":"2026-03-20T21:11:08.742Z","level":"INFO","message":"twilio_signature_diagnostic","context":{"pathname":"/api/webhook","hostHeader":null,"xForwardedHost":null,"xForwardedProto":null,"validationUrl":"https://localhost:3000/api/webhook","hasTwilioSignature":false,"contentType":""}}
Quality Gates	Run coverage gate	2026-03-20T21:11:08.7455029Z {"timestamp":"2026-03-20T21:11:08.743Z","level":"INFO","message":"twilio_signature_diagnostic","context":{"pathname":"/api/webhook","hostHeader":null,"xForwardedHost":null,"xForwardedProto":null,"validationUrl":"https://localhost:3000/api/webhook","hasTwilioSignature":false,"contentType":""}}
Quality Gates	Run coverage gate	2026-03-20T21:11:08.7456908Z 
Quality Gates	Run coverage gate	2026-03-20T21:11:08.7810151Z  [32m✓[39m src/server/twilio/__tests__/verifyWebhook.test.ts [2m([22m[2m13 tests[22m[2m)[22m[32m 20[2mms[22m[39m
Quality Gates	Run coverage gate	2026-03-20T21:11:08.7834992Z  [32m✓[39m src/domine/processor/__tests__/domine-processor.test.ts [2m([22m[2m9 tests[22m[2m)[22m[32m 13[2mms[22m[39m
Quality Gates	Run coverage gate	2026-03-20T21:11:09.0079963Z  [32m✓[39m src/modules/frank/intent-resolver.test.ts [2m([22m[2m16 tests[22m[2m)[22m[32m 11[2mms[22m[39m
Quality Gates	Run coverage gate	2026-03-20T21:11:09.2063851Z  [32m✓[39m src/tests/playbook-engine.test.ts [2m([22m[2m4 tests[22m[2m)[22m[32m 182[2mms[22m[39m
Quality Gates	Run coverage gate	2026-03-20T21:11:09.4745852Z  [32m✓[39m src/core/ai/__tests__/llm-gateway.test.ts [2m([22m[2m5 tests[22m[2m)[22m[33m 484[2mms[22m[39m
Quality Gates	Run coverage gate	2026-03-20T21:11:09.4747823Z      [33m[2m✓[22m[39m uses fallback env config when tenant config is missing [33m 378[2mms[22m[39m
Quality Gates	Run coverage gate	2026-03-20T21:11:09.4954153Z  [32m✓[39m src/modules/billing/services/__tests__/billing.service.test.ts [2m([22m[2m7 tests[22m[2m)[22m[32m 35[2mms[22m[39m
Quality Gates	Run coverage gate	2026-03-20T21:11:09.8219655Z  [32m✓[39m src/tests/security-anomaly.test.ts [2m([22m[2m8 tests[22m[2m)[22m[32m 26[2mms[22m[39m
Quality Gates	Run coverage gate	2026-03-20T21:11:09.8593211Z  [32m✓[39m src/app/api/whatsapp/incoming/__tests__/route.test.ts [2m([22m[2m6 tests[22m[2m)[22m[32m 25[2mms[22m[39m
Quality Gates	Run coverage gate	2026-03-20T21:11:10.0069033Z  [32m✓[39m src/modules/atendimento/__tests__/freight-quote.service.test.ts [2m([22m[2m4 tests[22m[2m)[22m[32m 14[2mms[22m[39m
Quality Gates	Run coverage gate	2026-03-20T21:11:10.0634413Z  [32m✓[39m src/infra/__tests__/freight-table.test.ts [2m([22m[2m8 tests[22m[2m)[22m[32m 12[2mms[22m[39m
Quality Gates	Run coverage gate	2026-03-20T21:11:10.3684209Z  [32m✓[39m src/modules/atendimento/__tests__/freight-quote-evolution.test.ts [2m([22m[2m5 tests[22m[2m)[22m[32m 16[2mms[22m[39m
Quality Gates	Run coverage gate	2026-03-20T21:11:10.5557127Z  [32m✓[39m src/modules/frank/frank-assist-metrics.service.test.ts [2m([22m[2m4 tests[22m[2m)[22m[32m 32[2mms[22m[39m
Quality Gates	Run coverage gate	2026-03-20T21:11:10.6985218Z  [32m✓[39m src/modules/customers/__tests__/organization.service.test.ts [2m([22m[2m10 tests[22m[2m)[22m[32m 12[2mms[22m[39m
Quality Gates	Run coverage gate	2026-03-20T21:11:10.7155697Z  [32m✓[39m src/app/api/internal/jobs/__tests__/routes.test.ts [2m([22m[2m2 tests[22m[2m)[22m[32m 29[2mms[22m[39m
Quality Gates	Run coverage gate	2026-03-20T21:11:10.9366861Z  [32m✓[39m src/tests/benchmark-engine.test.ts [2m([22m[2m3 tests[22m[2m)[22m[32m 154[2mms[22m[39m
Quality Gates	Run coverage gate	2026-03-20T21:11:11.2133750Z [90mstdout[2m | src/app/api/cockpit/ops/run-rollup/__tests__/route.test.ts[2m > [22m[2mPOST /api/cockpit/ops/run-rollup[2m > [22m[2mreturns 401 without session
Quality Gates	Run coverage gate	2026-03-20T21:11:11.2136840Z [22m[39m{"timestamp":"2026-03-20T21:11:11.210Z","level":"info","message":"cockpit_ops_run_rollup_start","context":{"requestId":"73189819-81d0-48b7-9e32-46fbb780ad9a","route":"/api/cockpit/ops/run-rollup","eventType":"route_start"}}
Quality Gates	Run coverage gate	2026-03-20T21:11:11.2186803Z 
Quality Gates	Run coverage gate	2026-03-20T21:11:11.2188340Z [90mstdout[2m | src/app/api/cockpit/ops/run-rollup/__tests__/route.test.ts[2m > [22m[2mPOST /api/cockpit/ops/run-rollup[2m > [22m[2mreturns 401 without session
Quality Gates	Run coverage gate	2026-03-20T21:11:11.2191896Z [22m[39m{"timestamp":"2026-03-20T21:11:11.217Z","level":"info","message":"cockpit_ops_run_rollup_end","context":{"requestId":"73189819-81d0-48b7-9e32-46fbb780ad9a","route":"/api/cockpit/ops/run-rollup","eventType":"route_end","durationMs":8,"status":401,"outcome":"error","errorCode":"AUTH_REQUIRED"}}
Quality Gates	Run coverage gate	2026-03-20T21:11:11.2192935Z 
Quality Gates	Run coverage gate	2026-03-20T21:11:11.2251907Z [90mstdout[2m | src/app/api/cockpit/ops/run-rollup/__tests__/route.test.ts[2m > [22m[2mPOST /api/cockpit/ops/run-rollup[2m > [22m[2mreturns 403 for non-admin
Quality Gates	Run coverage gate	2026-03-20T21:11:11.2254984Z [22m[39m{"timestamp":"2026-03-20T21:11:11.224Z","level":"info","message":"cockpit_ops_run_rollup_start","context":{"requestId":"bbac3708-1aea-4b7c-bf0b-0c3e6f45a179","route":"/api/cockpit/ops/run-rollup","eventType":"route_start"}}
Quality Gates	Run coverage gate	2026-03-20T21:11:11.2256778Z 
Quality Gates	Run coverage gate	2026-03-20T21:11:11.2258193Z [90mstdout[2m | src/app/api/cockpit/ops/run-rollup/__tests__/route.test.ts[2m > [22m[2mPOST /api/cockpit/ops/run-rollup[2m > [22m[2mreturns 403 for non-admin
Quality Gates	Run coverage gate	2026-03-20T21:11:11.2262012Z [22m[39m{"timestamp":"2026-03-20T21:11:11.225Z","level":"info","message":"cockpit_ops_run_rollup_end","context":{"requestId":"bbac3708-1aea-4b7c-bf0b-0c3e6f45a179","route":"/api/cockpit/ops/run-rollup","eventType":"route_end","durationMs":1,"status":403,"outcome":"error","errorCode":"FORBIDDEN"}}
Quality Gates	Run coverage gate	2026-03-20T21:11:11.2263305Z 
Quality Gates	Run coverage gate	2026-03-20T21:11:11.2266433Z [90mstdout[2m | src/app/api/cockpit/ops/run-rollup/__tests__/route.test.ts[2m > [22m[2mPOST /api/cockpit/ops/run-rollup[2m > [22m[2mreturns 200, runs tenant rollup, and writes audit log
Quality Gates	Run coverage gate	2026-03-20T21:11:11.2269443Z [22m[39m{"timestamp":"2026-03-20T21:11:11.226Z","level":"info","message":"cockpit_ops_run_rollup_start","context":{"requestId":"779fd189-209a-4c62-818b-ae1ca07256c7","route":"/api/cockpit/ops/run-rollup","eventType":"route_start"}}
Quality Gates	Run coverage gate	2026-03-20T21:11:11.2270245Z 
Quality Gates	Run coverage gate	2026-03-20T21:11:11.2309172Z [90mstdout[2m | src/app/api/cockpit/ops/run-rollup/__tests__/route.test.ts[2m > [22m[2mPOST /api/cockpit/ops/run-rollup[2m > [22m[2mreturns 200, runs tenant rollup, and writes audit log
Quality Gates	Run coverage gate	2026-03-20T21:11:11.2313369Z [22m[39m{"timestamp":"2026-03-20T21:11:11.230Z","level":"info","message":"cockpit_ops_run_rollup_end","context":{"requestId":"779fd189-209a-4c62-818b-ae1ca07256c7","tenantId":"tenant-1","userId":"user-1","route":"/api/cockpit/ops/run-rollup","eventType":"route_end","durationMs":4,"status":200,"outcome":"ok"}}
Quality Gates	Run coverage gate	2026-03-20T21:11:11.2315235Z 
Quality Gates	Run coverage gate	2026-03-20T21:11:11.2361853Z [90mstdout[2m | src/app/api/cockpit/ops/run-rollup/__tests__/route.test.ts[2m > [22m[2mPOST /api/cockpit/ops/run-rollup[2m > [22m[2mreturns 409 when tenant/day lock is busy
Quality Gates	Run coverage gate	2026-03-20T21:11:11.2364978Z [22m[39m{"timestamp":"2026-03-20T21:11:11.235Z","level":"info","message":"cockpit_ops_run_rollup_start","context":{"requestId":"a18ff842-12da-461f-96b0-0318e0c66a47","route":"/api/cockpit/ops/run-rollup","eventType":"route_start"}}
Quality Gates	Run coverage gate	2026-03-20T21:11:11.2366457Z 
Quality Gates	Run coverage gate	2026-03-20T21:11:11.2367999Z [90mstdout[2m | src/app/api/cockpit/ops/run-rollup/__tests__/route.test.ts[2m > [22m[2mPOST /api/cockpit/ops/run-rollup[2m > [22m[2mreturns 409 when tenant/day lock is busy
Quality Gates	Run coverage gate	2026-03-20T21:11:11.2372080Z [22m[39m{"timestamp":"2026-03-20T21:11:11.236Z","level":"info","message":"cockpit_ops_run_rollup_end","context":{"requestId":"a18ff842-12da-461f-96b0-0318e0c66a47","tenantId":"tenant-1","userId":"user-1","route":"/api/cockpit/ops/run-rollup","eventType":"route_end","durationMs":1,"status":409,"outcome":"error","errorCode":"LOCK_BUSY"}}
Quality Gates	Run coverage gate	2026-03-20T21:11:11.2374365Z 
Quality Gates	Run coverage gate	2026-03-20T21:11:11.2643547Z  [32m✓[39m src/app/api/cockpit/ops/run-rollup/__tests__/route.test.ts [2m([22m[2m4 tests[22m[2m)[22m[32m 31[2mms[22m[39m
Quality Gates	Run coverage gate	2026-03-20T21:11:11.3215338Z  [32m✓[39m src/__tests__/idempotency.test.ts [2m([22m[2m4 tests[22m[2m)[22m[32m 137[2mms[22m[39m
Quality Gates	Run coverage gate	2026-03-20T21:11:11.4502705Z  [32m✓[39m src/modules/frank/__tests__/frank.context-builder.test.ts [2m([22m[2m3 tests[22m[2m)[22m[32m 14[2mms[22m[39m
Quality Gates	Run coverage gate	2026-03-20T21:11:11.7355845Z  [32m✓[39m src/modules/atendimento/__tests__/whatsapp-core-hardening.test.ts [2m([22m[2m16 tests[22m[2m)[22m[32m 246[2mms[22m[39m
Quality Gates	Run coverage gate	2026-03-20T21:11:11.9543756Z  [32m✓[39m src/app/api/public/cotacao/quotes/route.test.ts [2m([22m[2m6 tests[22m[2m)[22m[32m 34[2mms[22m[39m
Quality Gates	Run coverage gate	2026-03-20T21:11:12.0940216Z [90mstdout[2m | src/app/t/[token]/__tests__/route.test.ts[2m > [22m[2mGET /t/[token][2m > [22m[2mapplies tracking rate limit and returns 429 with headers after allowed requests
Quality Gates	Run coverage gate	2026-03-20T21:11:12.0944198Z [22m[39m{"timestamp":"2026-03-20T21:11:12.090Z","level":"warn","message":"rate_limited","context":{"requestId":"fa722d51-3df4-4372-a438-6d7d839747c4","route":"/t/[token]","eventType":"RATE_LIMITED","scope":"tracking","keyHash":"hash-key","remaining":0}}
Quality Gates	Run coverage gate	2026-03-20T21:11:12.0946472Z 
Quality Gates	Run coverage gate	2026-03-20T21:11:12.1102152Z  [32m✓[39m src/modules/atendimento/__tests__/pipeline.service.test.ts [2m([22m[2m6 tests[22m[2m)[22m[32m 11[2mms[22m[39m
Quality Gates	Run coverage gate	2026-03-20T21:11:12.1376960Z  [32m✓[39m src/app/t/[token]/__tests__/route.test.ts [2m([22m[2m4 tests[22m[2m)[22m[32m 34[2mms[22m[39m
Quality Gates	Run coverage gate	2026-03-20T21:11:12.3090314Z  [32m✓[39m src/tests/payload-guard.test.ts [2m([22m[2m11 tests[22m[2m)[22m[32m 19[2mms[22m[39m
Quality Gates	Run coverage gate	2026-03-20T21:11:12.4624556Z  [32m✓[39m src/__tests__/case-proof-section.test.tsx [2m([22m[2m2 tests[22m[2m)[22m[32m 18[2mms[22m[39m
Quality Gates	Run coverage gate	2026-03-20T21:11:12.4904615Z [90mstdout[2m | src/app/api/tenants/[tenantId]/ai-provider/__tests__/route.test.ts[2m > [22m[2m/api/tenants/[tenantId]/ai-provider RBAC[2m > [22m[2mreturns 401 when request has no valid session cookie
Quality Gates	Run coverage gate	2026-03-20T21:11:12.4908212Z [22m[39m{"timestamp":"2026-03-20T21:11:12.487Z","level":"info","message":"tenant_ai_provider_get_start","context":{"requestId":"02c61508-bf7e-477c-b7c7-dc744c47b280","route":"/api/tenants/[tenantId]/ai-provider","eventType":"route_start"}}
Quality Gates	Run coverage gate	2026-03-20T21:11:12.4909818Z 
Quality Gates	Run coverage gate	2026-03-20T21:11:12.5001582Z [90mstdout[2m | src/app/api/tenants/[tenantId]/ai-provider/__tests__/route.test.ts[2m > [22m[2m/api/tenants/[tenantId]/ai-provider RBAC[2m > [22m[2mreturns 401 when request has no valid session cookie
Quality Gates	Run coverage gate	2026-03-20T21:11:12.5006059Z [22m[39m{"timestamp":"2026-03-20T21:11:12.493Z","level":"info","message":"tenant_ai_provider_get_end","context":{"requestId":"02c61508-bf7e-477c-b7c7-dc744c47b280","tenantId":"tenant-1","route":"/api/tenants/[tenantId]/ai-provider","eventType":"route_end","durationMs":7,"status":401,"outcome":"error","errorCode":"AUTH_REQUIRED"}}
Quality Gates	Run coverage gate	2026-03-20T21:11:12.5008152Z 
Quality Gates	Run coverage gate	2026-03-20T21:11:12.5009896Z [90mstdout[2m | src/app/api/tenants/[tenantId]/ai-provider/__tests__/route.test.ts[2m > [22m[2m/api/tenants/[tenantId]/ai-provider RBAC[2m > [22m[2mreturns 403 for operator role on GET
Quality Gates	Run coverage gate	2026-03-20T21:11:12.5013606Z [22m[39m{"timestamp":"2026-03-20T21:11:12.497Z","level":"info","message":"tenant_ai_provider_get_start","context":{"requestId":"adc7160a-4b7b-42ad-a917-46c59b03d1c1","route":"/api/tenants/[tenantId]/ai-provider","eventType":"route_start"}}
Quality Gates	Run coverage gate	2026-03-20T21:11:12.5015106Z 
Quality Gates	Run coverage gate	2026-03-20T21:11:12.5016792Z [90mstdout[2m | src/app/api/tenants/[tenantId]/ai-provider/__tests__/route.test.ts[2m > [22m[2m/api/tenants/[tenantId]/ai-provider RBAC[2m > [22m[2mreturns 403 for operator role on GET
Quality Gates	Run coverage gate	2026-03-20T21:11:12.5021657Z [22m[39m{"timestamp":"2026-03-20T21:11:12.498Z","level":"info","message":"tenant_ai_provider_get_end","context":{"requestId":"adc7160a-4b7b-42ad-a917-46c59b03d1c1","tenantId":"tenant-1","userId":"user-2","route":"/api/tenants/[tenantId]/ai-provider","eventType":"route_end","durationMs":1,"status":403,"outcome":"error","errorCode":"FORBIDDEN"}}
Quality Gates	Run coverage gate	2026-03-20T21:11:12.5023717Z 
Quality Gates	Run coverage gate	2026-03-20T21:11:12.5025377Z [90mstdout[2m | src/app/api/tenants/[tenantId]/ai-provider/__tests__/route.test.ts[2m > [22m[2m/api/tenants/[tenantId]/ai-provider RBAC[2m > [22m[2mreturns 200 for admin role on GET
Quality Gates	Run coverage gate	2026-03-20T21:11:12.5028691Z [22m[39m{"timestamp":"2026-03-20T21:11:12.499Z","level":"info","message":"tenant_ai_provider_get_start","context":{"requestId":"fd0080b6-c50f-48af-8827-41e3d9305ca1","route":"/api/tenants/[tenantId]/ai-provider","eventType":"route_start"}}
Quality Gates	Run coverage gate	2026-03-20T21:11:12.5030163Z 
Quality Gates	Run coverage gate	2026-03-20T21:11:12.5059078Z [90mstdout[2m | src/app/api/tenants/[tenantId]/ai-provider/__tests__/route.test.ts[2m > [22m[2m/api/tenants/[tenantId]/ai-provider RBAC[2m > [22m[2mreturns 200 for admin role on GET
Quality Gates	Run coverage gate	2026-03-20T21:11:12.5081878Z [22m[39m{"timestamp":"2026-03-20T21:11:12.499Z","level":"info","message":"tenant_ai_provider_get_end","context":{"requestId":"fd0080b6-c50f-48af-8827-41e3d9305ca1","tenantId":"tenant-1","userId":"user-1","route":"/api/tenants/[tenantId]/ai-provider","eventType":"route_end","durationMs":0,"status":200,"outcome":"ok"}}
Quality Gates	Run coverage gate	2026-03-20T21:11:12.5083903Z 
Quality Gates	Run coverage gate	2026-03-20T21:11:12.5085691Z [90mstdout[2m | src/app/api/tenants/[tenantId]/ai-provider/__tests__/route.test.ts[2m > [22m[2m/api/tenants/[tenantId]/ai-provider RBAC[2m > [22m[2mreturns 403 for operator role on PUT
Quality Gates	Run coverage gate	2026-03-20T21:11:12.5089481Z [22m[39m{"timestamp":"2026-03-20T21:11:12.505Z","level":"info","message":"tenant_ai_provider_put_start","context":{"requestId":"fd9a536a-ffd5-4dc4-badc-39efdfb63ebf","route":"/api/tenants/[tenantId]/ai-provider","eventType":"route_start"}}
Quality Gates	Run coverage gate	2026-03-20T21:11:12.5091078Z 
Quality Gates	Run coverage gate	2026-03-20T21:11:12.5093044Z [90mstdout[2m | src/app/api/tenants/[tenantId]/ai-provider/__tests__/route.test.ts[2m > [22m[2m/api/tenants/[tenantId]/ai-provider RBAC[2m > [22m[2mreturns 403 for operator role on PUT
Quality Gates	Run coverage gate	2026-03-20T21:11:12.5097435Z [22m[39m{"timestamp":"2026-03-20T21:11:12.505Z","level":"info","message":"tenant_ai_provider_put_end","context":{"requestId":"fd9a536a-ffd5-4dc4-badc-39efdfb63ebf","tenantId":"tenant-1","userId":"user-2","route":"/api/tenants/[tenantId]/ai-provider","eventType":"route_end","durationMs":0,"status":403,"outcome":"error","errorCode":"FORBIDDEN"}}
Quality Gates	Run coverage gate	2026-03-20T21:11:12.5099671Z 
Quality Gates	Run coverage gate	2026-03-20T21:11:12.5101677Z [90mstdout[2m | src/app/api/tenants/[tenantId]/ai-provider/__tests__/route.test.ts[2m > [22m[2m/api/tenants/[tenantId]/ai-provider RBAC[2m > [22m[2mreturns 200 for admin role on PUT
Quality Gates	Run coverage gate	2026-03-20T21:11:12.5105094Z [22m[39m{"timestamp":"2026-03-20T21:11:12.506Z","level":"info","message":"tenant_ai_provider_put_start","context":{"requestId":"237e1acb-e2d2-410d-ac35-fd4d89860e92","route":"/api/tenants/[tenantId]/ai-provider","eventType":"route_start"}}
Quality Gates	Run coverage gate	2026-03-20T21:11:12.5106658Z 
Quality Gates	Run coverage gate	2026-03-20T21:11:12.5108366Z [90mstdout[2m | src/app/api/tenants/[tenantId]/ai-provider/__tests__/route.test.ts[2m > [22m[2m/api/tenants/[tenantId]/ai-provider RBAC[2m > [22m[2mreturns 200 for admin role on PUT
Quality Gates	Run coverage gate	2026-03-20T21:11:12.5112734Z [22m[39m{"timestamp":"2026-03-20T21:11:12.507Z","level":"info","message":"tenant_ai_provider_put_end","context":{"requestId":"237e1acb-e2d2-410d-ac35-fd4d89860e92","tenantId":"tenant-1","userId":"user-1","route":"/api/tenants/[tenantId]/ai-provider","eventType":"route_end","durationMs":1,"status":200,"outcome":"ok"}}
Quality Gates	Run coverage gate	2026-03-20T21:11:12.5114720Z 
Quality Gates	Run coverage gate	2026-03-20T21:11:12.5396052Z  [32m✓[39m src/app/api/tenants/[tenantId]/ai-provider/__tests__/route.test.ts [2m([22m[2m5 tests[22m[2m)[22m[32m 27[2mms[22m[39m
Quality Gates	Run coverage gate	2026-03-20T21:11:12.7704602Z [90mstdout[2m | src/core/conversation/__tests__/state-machine.test.ts[2m > [22m[2mStateMachine[2m > [22m[2mtransition[2m > [22m[2mshould transition from IDLE to AWAITING_CEP on START_FREIGHT_QUERY
Quality Gates	Run coverage gate	2026-03-20T21:11:12.7708006Z [22m[39m{"timestamp":"2026-03-20T21:11:12.766Z","level":"INFO","message":"State transition: IDLE → AWAITING_CEP","context":{"event":"START_FREIGHT_QUERY","phoneNumber":"[REDACTED]"}}
Quality Gates	Run coverage gate	2026-03-20T21:11:12.7710163Z 
Quality Gates	Run coverage gate	2026-03-20T21:11:12.7718180Z [90mstdout[2m | src/core/conversation/__tests__/state-machine.test.ts[2m > [22m[2mStateMachine[2m > [22m[2mtransition[2m > [22m[2mshould transition from AWAITING_CEP to AWAITING_QUANTITY on CEP_PROVIDED with valid CEP
Quality Gates	Run coverage gate	2026-03-20T21:11:12.7721772Z [22m[39m{"timestamp":"2026-03-20T21:11:12.771Z","level":"INFO","message":"State transition: AWAITING_CEP → AWAITING_QUANTITY","context":{"event":"CEP_PROVIDED","cep":"01001000","phoneNumber":"[REDACTED]"}}
Quality Gates	Run coverage gate	2026-03-20T21:11:12.7722969Z 
Quality Gates	Run coverage gate	2026-03-20T21:11:12.7743456Z [90mstderr[2m | src/core/conversation/__tests__/state-machine.test.ts[2m > [22m[2mStateMachine[2m > [22m[2mtransition[2m > [22m[2mshould fail transition from AWAITING_CEP to AWAITING_QUANTITY with invalid CEP
Quality Gates	Run coverage gate	2026-03-20T21:11:12.7746771Z [22m[39m{"timestamp":"2026-03-20T21:11:12.771Z","level":"WARN","message":"State transition guard failed","context":{"from":"AWAITING_CEP","to":"AWAITING_QUANTITY","event":"CEP_PROVIDED","phoneNumber":"[REDACTED]"}}
Quality Gates	Run coverage gate	2026-03-20T21:11:12.7749539Z 
Quality Gates	Run coverage gate	2026-03-20T21:11:12.7757293Z [90mstdout[2m | src/core/conversation/__tests__/state-machine.test.ts[2m > [22m[2mStateMachine[2m > [22m[2mtransition[2m > [22m[2mshould transition from AWAITING_QUANTITY to CALCULATING on QUANTITY_PROVIDED with valid quantity
Quality Gates	Run coverage gate	2026-03-20T21:11:12.7760957Z [22m[39m{"timestamp":"2026-03-20T21:11:12.775Z","level":"INFO","message":"State transition: AWAITING_QUANTITY → CALCULATING","context":{"event":"QUANTITY_PROVIDED","cep":"01001000","quantity":5,"phoneNumber":"[REDACTED]"}}
Quality Gates	Run coverage gate	2026-03-20T21:11:12.7764669Z [90mstderr[2m | src/core/conversation/__tests__/state-machine.test.ts[2m > [22m[2mStateMachine[2m > [22m[2mtransition[2m > [22m[2mshould fail transition from AWAITING_QUANTITY to CALCULATING with invalid quantity
Quality Gates	Run coverage gate	2026-03-20T21:11:12.7765929Z 
Quality Gates	Run coverage gate	2026-03-20T21:11:12.7771951Z [22m[39m{"timestamp":"2026-03-20T21:11:12.775Z","level":"WARN","message":"State transition guard failed","context":{"from":"AWAITING_QUANTITY","to":"CALCULATING","event":"QUANTITY_PROVIDED","phoneNumber":"[REDACTED]"}}
Quality Gates	Run coverage gate	2026-03-20T21:11:12.7773529Z 
Quality Gates	Run coverage gate	2026-03-20T21:11:12.7780269Z [90mstdout[2m | src/core/conversation/__tests__/state-machine.test.ts[2m > [22m[2mStateMachine[2m > [22m[2mtransition[2m > [22m[2mshould transition from CALCULATING to COMPLETED on CALCULATION_SUCCESS
Quality Gates	Run coverage gate	2026-03-20T21:11:12.7784185Z [22m[39m{"timestamp":"2026-03-20T21:11:12.776Z","level":"INFO","message":"State transition: CALCULATING → COMPLETED","context":{"event":"CALCULATION_SUCCESS","cep":"01001000","quantity":5,"phoneNumber":"[REDACTED]"}}
Quality Gates	Run coverage gate	2026-03-20T21:11:12.7786129Z 
Quality Gates	Run coverage gate	2026-03-20T21:11:12.7787920Z [90mstdout[2m | src/core/conversation/__tests__/state-machine.test.ts[2m > [22m[2mStateMachine[2m > [22m[2mtransition[2m > [22m[2mshould transition from any state to IDLE on RESET
Quality Gates	Run coverage gate	2026-03-20T21:11:12.7790842Z [22m[39m{"timestamp":"2026-03-20T21:11:12.777Z","level":"INFO","message":"State transition: AWAITING_CEP → IDLE","context":{"event":"RESET","phoneNumber":"[REDACTED]"}}
Quality Gates	Run coverage gate	2026-03-20T21:11:12.7792277Z 
Quality Gates	Run coverage gate	2026-03-20T21:11:12.7797739Z [90mstdout[2m | src/core/conversation/__tests__/state-machine.test.ts[2m > [22m[2mStateMachine[2m > [22m[2mtransition[2m > [22m[2mshould transition from any state to IDLE on RESET
Quality Gates	Run coverage gate	2026-03-20T21:11:12.7800728Z [22m[39m{"timestamp":"2026-03-20T21:11:12.777Z","level":"INFO","message":"State transition: AWAITING_QUANTITY → IDLE","context":{"event":"RESET","phoneNumber":"[REDACTED]"}}
Quality Gates	Run coverage gate	2026-03-20T21:11:12.7802609Z 
Quality Gates	Run coverage gate	2026-03-20T21:11:12.7805768Z [90mstdout[2m | src/core/conversation/__tests__/state-machine.test.ts[2m > [22m[2mStateMachine[2m > [22m[2mtransition[2m > [22m[2mshould transition from any state to IDLE on RESET
Quality Gates	Run coverage gate	2026-03-20T21:11:12.7809083Z [22m[39m{"timestamp":"2026-03-20T21:11:12.777Z","level":"INFO","message":"State transition: CALCULATING → IDLE","context":{"event":"RESET","phoneNumber":"[REDACTED]"}}
Quality Gates	Run coverage gate	2026-03-20T21:11:12.7813890Z [90mstderr[2m | src/core/conversation/__tests__/state-machine.test.ts[2m > [22m[2mStateMachine[2m > [22m[2mtransition[2m > [22m[2mshould throw error on invalid transition
Quality Gates	Run coverage gate	2026-03-20T21:11:12.7816669Z [22m[39m{"timestamp":"2026-03-20T21:11:12.778Z","level":"WARN","message":"Invalid state transition attempted","context":{"from":"IDLE","event":"CEP_PROVIDED","phoneNumber":"[REDACTED]"}}
Quality Gates	Run coverage gate	2026-03-20T21:11:12.7817818Z 
Quality Gates	Run coverage gate	2026-03-20T21:11:12.7817835Z 
Quality Gates	Run coverage gate	2026-03-20T21:11:12.7819367Z [90mstdout[2m | src/core/conversation/__tests__/state-machine.test.ts[2m > [22m[2mStateMachine[2m > [22m[2mtransition[2m > [22m[2mshould transition from any state to IDLE on RESET
Quality Gates	Run coverage gate	2026-03-20T21:11:12.7821932Z [22m[39m{"timestamp":"2026-03-20T21:11:12.778Z","level":"INFO","message":"State transition: COMPLETED → IDLE","context":{"event":"RESET","phoneNumber":"[REDACTED]"}}
Quality Gates	Run coverage gate	2026-03-20T21:11:12.7822947Z 
Quality Gates	Run coverage gate	2026-03-20T21:11:12.7824467Z [90mstdout[2m | src/core/conversation/__tests__/state-machine.test.ts[2m > [22m[2mStateMachine[2m > [22m[2mtransition[2m > [22m[2mshould transition from any state to IDLE on RESET
Quality Gates	Run coverage gate	2026-03-20T21:11:12.7826890Z [22m[39m{"timestamp":"2026-03-20T21:11:12.778Z","level":"INFO","message":"State transition: ERROR → IDLE","context":{"event":"RESET","phoneNumber":"[REDACTED]"}}
Quality Gates	Run coverage gate	2026-03-20T21:11:12.7828085Z 
Quality Gates	Run coverage gate	2026-03-20T21:11:12.7934572Z  [32m✓[39m src/core/conversation/__tests__/state-machine.test.ts [2m([22m[2m11 tests[22m[2m)[22m[32m 19[2mms[22m[39m
Quality Gates	Run coverage gate	2026-03-20T21:11:12.9568366Z  [32m✓[39m src/app/api/auth/logout/__tests__/route.test.ts [2m([22m[2m2 tests[22m[2m)[22m[32m 31[2mms[22m[39m
Quality Gates	Run coverage gate	2026-03-20T21:11:13.0513869Z  [32m✓[39m src/app/api/internal/auth/reset-admin/__tests__/route.test.ts [2m([22m[2m2 tests[22m[2m)[22m[32m 246[2mms[22m[39m
Quality Gates	Run coverage gate	2026-03-20T21:11:13.1068174Z  [32m✓[39m src/core/events/__tests__/event-bus.test.ts [2m([22m[2m5 tests[22m[2m)[22m[32m 15[2mms[22m[39m
Quality Gates	Run coverage gate	2026-03-20T21:11:13.3234331Z  [32m✓[39m src/domine/processor/__tests__/webhook-received.test.ts [2m([22m[2m6 tests[22m[2m)[22m[32m 100[2mms[22m[39m
Quality Gates	Run coverage gate	2026-03-20T21:11:13.4264888Z  [32m✓[39m src/app/api/notifications/__tests__/route.test.ts [2m([22m[2m4 tests[22m[2m)[22m[32m 16[2mms[22m[39m
Quality Gates	Run coverage gate	2026-03-20T21:11:13.4336522Z [90mstdout[2m | src/app/api/cockpit/metrics/freight/__tests__/route.test.ts[2m > [22m[2mGET /api/cockpit/metrics/freight[2m > [22m[2mreturns metrics using tenantId from auth context and ignores arbitrary headers
Quality Gates	Run coverage gate	2026-03-20T21:11:13.4341161Z [22m[39m{"timestamp":"2026-03-20T21:11:13.426Z","level":"info","message":"cockpit_metrics_freight_start","context":{"requestId":"spoofed-tenant","route":"/api/cockpit/metrics/freight","eventType":"route_start"}}
Quality Gates	Run coverage gate	2026-03-20T21:11:13.4344009Z 
Quality Gates	Run coverage gate	2026-03-20T21:11:13.4380751Z [90mstdout[2m | src/app/api/cockpit/metrics/freight/__tests__/route.test.ts[2m > [22m[2mGET /api/cockpit/metrics/freight[2m > [22m[2mreturns metrics using tenantId from auth context and ignores arbitrary headers
Quality Gates	Run coverage gate	2026-03-20T21:11:13.4390566Z [22m[39m{"timestamp":"2026-03-20T21:11:13.436Z","level":"info","message":"cockpit_metrics_freight_end","context":{"requestId":"spoofed-tenant","tenantId":"tenant-from-session","route":"/api/cockpit/metrics/freight","eventType":"route_end","durationMs":10,"status":200,"outcome":"ok"}}
Quality Gates	Run coverage gate	2026-03-20T21:11:13.4396907Z 
Quality Gates	Run coverage gate	2026-03-20T21:11:13.4444205Z [90mstdout[2m | src/app/api/cockpit/metrics/freight/__tests__/route.test.ts[2m > [22m[2mGET /api/cockpit/metrics/freight[2m > [22m[2mreturns 401 when auth context has no tenantId
Quality Gates	Run coverage gate	2026-03-20T21:11:13.4451879Z [22m[39m{"timestamp":"2026-03-20T21:11:13.443Z","level":"info","message":"cockpit_metrics_freight_start","context":{"requestId":"afdcdd83-a88c-4d4f-8a6a-2fec971768c0","route":"/api/cockpit/metrics/freight","eventType":"route_start"}}
Quality Gates	Run coverage gate	2026-03-20T21:11:13.4453835Z 
Quality Gates	Run coverage gate	2026-03-20T21:11:13.4455552Z [90mstdout[2m | src/app/api/cockpit/metrics/freight/__tests__/route.test.ts[2m > [22m[2mGET /api/cockpit/metrics/freight[2m > [22m[2mreturns 401 when auth context has no tenantId
Quality Gates	Run coverage gate	2026-03-20T21:11:13.4459580Z [22m[39m{"timestamp":"2026-03-20T21:11:13.444Z","level":"info","message":"cockpit_metrics_freight_end","context":{"requestId":"afdcdd83-a88c-4d4f-8a6a-2fec971768c0","route":"/api/cockpit/metrics/freight","eventType":"route_end","durationMs":1,"status":401,"outcome":"error","errorCode":"AUTH_REQUIRED"}}
Quality Gates	Run coverage gate	2026-03-20T21:11:13.4461871Z 
Quality Gates	Run coverage gate	2026-03-20T21:11:13.4468349Z [90mstdout[2m | src/app/api/cockpit/metrics/freight/__tests__/route.test.ts[2m > [22m[2mGET /api/cockpit/metrics/freight[2m > [22m[2mreturns 403 for operator session
Quality Gates	Run coverage gate	2026-03-20T21:11:13.4472535Z [22m[39m{"timestamp":"2026-03-20T21:11:13.446Z","level":"info","message":"cockpit_metrics_freight_start","context":{"requestId":"557c1d4c-c0ed-42aa-85a9-69ff7033cc7d","route":"/api/cockpit/metrics/freight","eventType":"route_start"}}
Quality Gates	Run coverage gate	2026-03-20T21:11:13.4475255Z 
Quality Gates	Run coverage gate	2026-03-20T21:11:13.4476806Z [90mstdout[2m | src/app/api/cockpit/metrics/freight/__tests__/route.test.ts[2m > [22m[2mGET /api/cockpit/metrics/freight[2m > [22m[2mreturns 403 for operator session
Quality Gates	Run coverage gate	2026-03-20T21:11:13.4480677Z [22m[39m{"timestamp":"2026-03-20T21:11:13.446Z","level":"info","message":"cockpit_metrics_freight_end","context":{"requestId":"557c1d4c-c0ed-42aa-85a9-69ff7033cc7d","route":"/api/cockpit/metrics/freight","eventType":"route_end","durationMs":0,"status":403,"outcome":"error","errorCode":"FORBIDDEN"}}
Quality Gates	Run coverage gate	2026-03-20T21:11:13.4483139Z 
Quality Gates	Run coverage gate	2026-03-20T21:11:13.4492174Z [90mstdout[2m | src/app/api/cockpit/metrics/freight/__tests__/route.test.ts[2m > [22m[2mGET /api/cockpit/metrics/freight[2m > [22m[2mreturns attribution breakdown when groupBy=utm_source
Quality Gates	Run coverage gate	2026-03-20T21:11:13.4501116Z [22m[39m{"timestamp":"2026-03-20T21:11:13.448Z","level":"info","message":"cockpit_metrics_freight_start","context":{"requestId":"20f99a8f-cf65-4087-9dc8-622e213fb681","route":"/api/cockpit/metrics/freight","eventType":"route_start"}}
Quality Gates	Run coverage gate	2026-03-20T21:11:13.4502991Z 
Quality Gates	Run coverage gate	2026-03-20T21:11:13.4504843Z [90mstdout[2m | src/app/api/cockpit/metrics/freight/__tests__/route.test.ts[2m > [22m[2mGET /api/cockpit/metrics/freight[2m > [22m[2mreturns attribution breakdown when groupBy=utm_source
Quality Gates	Run coverage gate	2026-03-20T21:11:13.4508939Z [22m[39m{"timestamp":"2026-03-20T21:11:13.449Z","level":"info","message":"cockpit_metrics_freight_end","context":{"requestId":"20f99a8f-cf65-4087-9dc8-622e213fb681","tenantId":"tenant-from-session","route":"/api/cockpit/metrics/freight","eventType":"route_end","durationMs":1,"status":200,"outcome":"ok"}}
Quality Gates	Run coverage gate	2026-03-20T21:11:13.4510935Z 
Quality Gates	Run coverage gate	2026-03-20T21:11:13.4704579Z  [32m✓[39m src/app/api/cockpit/metrics/freight/__tests__/route.test.ts [2m([22m[2m4 tests[22m[2m)[22m[32m 29[2mms[22m[39m
Quality Gates	Run coverage gate	2026-03-20T21:11:13.5647719Z  [32m✓[39m src/modules/frank/__tests__/entity-resolver.test.ts [2m([22m[2m15 tests[22m[2m)[22m[32m 12[2mms[22m[39m
Quality Gates	Run coverage gate	2026-03-20T21:11:13.7678479Z  [32m✓[39m src/domine/__tests__/domine-intake.test.ts [2m([22m[2m9 tests[22m[2m)[22m[32m 20[2mms[22m[39m
Quality Gates	Run coverage gate	2026-03-20T21:11:13.8591079Z  [32m✓[39m src/modules/frank/workers/__tests__/frank-worker.test.ts [2m([22m[2m4 tests[22m[2m)[22m[32m 10[2mms[22m[39m
Quality Gates	Run coverage gate	2026-03-20T21:11:14.0449378Z [90mstderr[2m | src/modules/logistics/__tests__/shipment.service.test.ts[2m > [22m[2mShipment Logistics Service[2m > [22m[2mshould create a shipment from a given order ID and trigger event via emitter
Quality Gates	Run coverage gate	2026-03-20T21:11:14.0453122Z [22m[39m{"timestamp":"2026-03-20T21:11:14.037Z","level":"ERROR","message":"ecosystem_event_emit_failed","context":{"type":"shipment_created"},"error":{"name":"TypeError","message":"db.insert is not a function"}}
Quality Gates	Run coverage gate	2026-03-20T21:11:14.0454481Z 
Quality Gates	Run coverage gate	2026-03-20T21:11:14.0819409Z  [32m✓[39m src/modules/logistics/__tests__/shipment.service.test.ts [2m([22m[2m4 tests[22m[2m)[22m[32m 19[2mms[22m[39m
Quality Gates	Run coverage gate	2026-03-20T21:11:14.1387502Z [90mstdout[2m | src/core/ai/__tests__/ai-governance.test.ts[2m > [22m[2mAI Governance & Security[2m > [22m[2mPrompt Registry CRUD[2m > [22m[2mshould register a prompt and toggle active correctly
Quality Gates	Run coverage gate	2026-03-20T21:11:14.1396039Z [22m[39m{"timestamp":"2026-03-20T21:11:14.135Z","level":"INFO","message":"prompt_version_registered","context":{"id":"cockpit:sales","version":"v1.0.0"}}
Quality Gates	Run coverage gate	2026-03-20T21:11:14.1397099Z 
Quality Gates	Run coverage gate	2026-03-20T21:11:14.1542530Z  [32m✓[39m src/core/ai/__tests__/ai-governance.test.ts [2m([22m[2m10 tests[22m[2m)[22m[32m 15[2mms[22m[39m
Quality Gates	Run coverage gate	2026-03-20T21:11:14.3844146Z  [32m✓[39m src/core/ai/__tests__/finops-usage-event.test.ts [2m([22m[2m2 tests[22m[2m)[22m[32m 37[2mms[22m[39m
Quality Gates	Run coverage gate	2026-03-20T21:11:14.4610431Z  [32m✓[39m src/app/api/cockpit/attribution/tokens/__tests__/route.test.ts [2m([22m[2m4 tests[22m[2m)[22m[32m 31[2mms[22m[39m
Quality Gates	Run coverage gate	2026-03-20T21:11:14.4845796Z  [32m✓[39m src/__tests__/edge-security-events.test.ts [2m([22m[2m4 tests[22m[2m)[22m[32m 16[2mms[22m[39m
Quality Gates	Run coverage gate	2026-03-20T21:11:14.7498165Z  [32m✓[39m src/infra/security/__tests__/tenant-secrets.test.ts [2m([22m[2m5 tests[22m[2m)[22m[32m 12[2mms[22m[39m
Quality Gates	Run coverage gate	2026-03-20T21:11:14.8681165Z  [32m✓[39m src/modules/frank/playbooks/__tests__/playbook.repository.test.ts [2m([22m[2m5 tests[22m[2m)[22m[32m 15[2mms[22m[39m
Quality Gates	Run coverage gate	2026-03-20T21:11:15.1090743Z [90mstdout[2m | src/app/api/tenants/[tenantId]/settings/__tests__/route.test.ts[2m > [22m[2mPUT /api/tenants/[tenantId]/settings[2m > [22m[2mreturns 401 when request has no valid session cookie
Quality Gates	Run coverage gate	2026-03-20T21:11:15.1094890Z [22m[39m{"timestamp":"2026-03-20T21:11:15.105Z","level":"info","message":"tenant_settings_put_start","context":{"requestId":"2ef95b64-c378-4acb-a83e-aec6e3f0eb09","route":"/api/tenants/[tenantId]/settings","eventType":"route_start"}}
Quality Gates	Run coverage gate	2026-03-20T21:11:15.1096463Z 
Quality Gates	Run coverage gate	2026-03-20T21:11:15.1127034Z [90mstdout[2m | src/app/api/tenants/[tenantId]/settings/__tests__/route.test.ts[2m > [22m[2mPUT /api/tenants/[tenantId]/settings[2m > [22m[2mreturns 401 when request has no valid session cookie
Quality Gates	Run coverage gate	2026-03-20T21:11:15.1139049Z [22m[39m{"timestamp":"2026-03-20T21:11:15.111Z","level":"info","message":"tenant_settings_put_end","context":{"requestId":"2ef95b64-c378-4acb-a83e-aec6e3f0eb09","tenantId":"tenant-1","route":"/api/tenants/[tenantId]/settings","eventType":"route_end","durationMs":7,"status":401,"outcome":"error","errorCode":"AUTH_REQUIRED"}}
Quality Gates	Run coverage gate	2026-03-20T21:11:15.1141138Z 
Quality Gates	Run coverage gate	2026-03-20T21:11:15.1172754Z [90mstdout[2m | src/app/api/tenants/[tenantId]/settings/__tests__/route.test.ts[2m > [22m[2mPUT /api/tenants/[tenantId]/settings[2m > [22m[2mreturns 403 for non-admin role
Quality Gates	Run coverage gate	2026-03-20T21:11:15.1180011Z [22m[39m{"timestamp":"2026-03-20T21:11:15.116Z","level":"info","message":"tenant_settings_put_start","context":{"requestId":"fd4bce2f-7a81-4c09-8b29-b691cf9bda08","route":"/api/tenants/[tenantId]/settings","eventType":"route_start"}}
Quality Gates	Run coverage gate	2026-03-20T21:11:15.1193890Z 
Quality Gates	Run coverage gate	2026-03-20T21:11:15.1195493Z [90mstdout[2m | src/app/api/tenants/[tenantId]/settings/__tests__/route.test.ts[2m > [22m[2mPUT /api/tenants/[tenantId]/settings[2m > [22m[2mreturns 403 for non-admin role
Quality Gates	Run coverage gate	2026-03-20T21:11:15.1199535Z [22m[39m{"timestamp":"2026-03-20T21:11:15.117Z","level":"info","message":"tenant_settings_put_end","context":{"requestId":"fd4bce2f-7a81-4c09-8b29-b691cf9bda08","tenantId":"tenant-1","userId":"user-2","route":"/api/tenants/[tenantId]/settings","eventType":"route_end","durationMs":1,"status":403,"outcome":"error","errorCode":"FORBIDDEN"}}
Quality Gates	Run coverage gate	2026-03-20T21:11:15.1201758Z 
Quality Gates	Run coverage gate	2026-03-20T21:11:15.1203282Z [90mstdout[2m | src/app/api/tenants/[tenantId]/settings/__tests__/route.test.ts[2m > [22m[2mPUT /api/tenants/[tenantId]/settings[2m > [22m[2mreturns 400 for invalid timezone
Quality Gates	Run coverage gate	2026-03-20T21:11:15.1206391Z [22m[39m{"timestamp":"2026-03-20T21:11:15.118Z","level":"info","message":"tenant_settings_put_start","context":{"requestId":"c98358e3-1cfd-4850-9ba9-a0c2881dd08c","route":"/api/tenants/[tenantId]/settings","eventType":"route_start"}}
Quality Gates	Run coverage gate	2026-03-20T21:11:15.1208362Z 
Quality Gates	Run coverage gate	2026-03-20T21:11:15.1264131Z [90mstdout[2m | src/app/api/tenants/[tenantId]/settings/__tests__/route.test.ts[2m > [22m[2mPUT /api/tenants/[tenantId]/settings[2m > [22m[2mreturns 400 for invalid timezone
Quality Gates	Run coverage gate	2026-03-20T21:11:15.1268980Z [22m[39m{"timestamp":"2026-03-20T21:11:15.122Z","level":"info","message":"tenant_settings_put_end","context":{"requestId":"c98358e3-1cfd-4850-9ba9-a0c2881dd08c","tenantId":"tenant-1","userId":"user-1","route":"/api/tenants/[tenantId]/settings","eventType":"route_end","durationMs":5,"status":400,"outcome":"error","errorCode":"VALIDATION_ERROR"}}
Quality Gates	Run coverage gate	2026-03-20T21:11:15.1272680Z 
Quality Gates	Run coverage gate	2026-03-20T21:11:15.1274604Z [90mstdout[2m | src/app/api/tenants/[tenantId]/settings/__tests__/route.test.ts[2m > [22m[2mPUT /api/tenants/[tenantId]/settings[2m > [22m[2mreturns 200 and updates timezone for admin
Quality Gates	Run coverage gate	2026-03-20T21:11:15.1278221Z [22m[39m{"timestamp":"2026-03-20T21:11:15.124Z","level":"info","message":"tenant_settings_put_start","context":{"requestId":"2c998357-9587-4153-9ebf-0130d5bb48eb","route":"/api/tenants/[tenantId]/settings","eventType":"route_start"}}
Quality Gates	Run coverage gate	2026-03-20T21:11:15.1279861Z 
Quality Gates	Run coverage gate	2026-03-20T21:11:15.1281843Z [90mstdout[2m | src/app/api/tenants/[tenantId]/settings/__tests__/route.test.ts[2m > [22m[2mPUT /api/tenants/[tenantId]/settings[2m > [22m[2mreturns 200 and updates timezone for admin
Quality Gates	Run coverage gate	2026-03-20T21:11:15.1301634Z [22m[39m{"timestamp":"2026-03-20T21:11:15.125Z","level":"info","message":"tenant_settings_put_end","context":{"requestId":"2c998357-9587-4153-9ebf-0130d5bb48eb","tenantId":"tenant-1","userId":"user-1","timezone":"America/Sao_Paulo","route":"/api/tenants/[tenantId]/settings","eventType":"route_end","durationMs":1,"status":200,"outcome":"ok"}}
Quality Gates	Run coverage gate	2026-03-20T21:11:15.1304162Z 
Quality Gates	Run coverage gate	2026-03-20T21:11:15.1630057Z  [32m✓[39m src/app/api/tenants/[tenantId]/settings/__tests__/route.test.ts [2m([22m[2m4 tests[22m[2m)[22m[32m 29[2mms[22m[39m
Quality Gates	Run coverage gate	2026-03-20T21:11:15.2373810Z  [32m✓[39m src/modules/knowledge/__tests__/retrieval.test.ts [2m([22m[2m5 tests[22m[2m | [22m[33m1 skipped[39m[2m)[22m[32m 9[2mms[22m[39m
Quality Gates	Run coverage gate	2026-03-20T21:11:15.4199051Z [90mstdout[2m | src/app/api/cockpit/ops/status/__tests__/route.test.ts[2m > [22m[2mGET /api/cockpit/ops/status[2m > [22m[2mreturns 401 without session
Quality Gates	Run coverage gate	2026-03-20T21:11:15.4213965Z [22m[39m{"timestamp":"2026-03-20T21:11:15.414Z","level":"info","message":"cockpit_ops_status_start","context":{"requestId":"184cc6b5-4048-49d7-9a0e-e7a3319304c7","route":"/api/cockpit/ops/status","eventType":"route_start"}}
Quality Gates	Run coverage gate	2026-03-20T21:11:15.4215901Z 
Quality Gates	Run coverage gate	2026-03-20T21:11:15.4217030Z  [32m✓[39m src/infra/security/__tests__/rate-limiter.test.ts [2m([22m[2m3 tests[22m[2m)[22m[32m 17[2mms[22m[39m
Quality Gates	Run coverage gate	2026-03-20T21:11:15.4225172Z [90mstdout[2m | src/app/api/cockpit/ops/status/__tests__/route.test.ts[2m > [22m[2mGET /api/cockpit/ops/status[2m > [22m[2mreturns 401 without session
Quality Gates	Run coverage gate	2026-03-20T21:11:15.4233049Z [22m[39m{"timestamp":"2026-03-20T21:11:15.421Z","level":"info","message":"cockpit_ops_status_end","context":{"requestId":"184cc6b5-4048-49d7-9a0e-e7a3319304c7","route":"/api/cockpit/ops/status","eventType":"route_end","durationMs":8,"status":401,"outcome":"error","errorCode":"AUTH_REQUIRED"}}
Quality Gates	Run coverage gate	2026-03-20T21:11:15.4237360Z 
Quality Gates	Run coverage gate	2026-03-20T21:11:15.4283183Z [90mstdout[2m | src/app/api/cockpit/ops/status/__tests__/route.test.ts[2m > [22m[2mGET /api/cockpit/ops/status[2m > [22m[2mreturns 403 for non-admin
Quality Gates	Run coverage gate	2026-03-20T21:11:15.4286512Z [22m[39m{"timestamp":"2026-03-20T21:11:15.427Z","level":"info","message":"cockpit_ops_status_start","context":{"requestId":"bfa337c3-ded8-4fee-8019-cd252c5c6a49","route":"/api/cockpit/ops/status","eventType":"route_start"}}
Quality Gates	Run coverage gate	2026-03-20T21:11:15.4289897Z 
Quality Gates	Run coverage gate	2026-03-20T21:11:15.4292074Z [90mstdout[2m | src/app/api/cockpit/ops/status/__tests__/route.test.ts[2m > [22m[2mGET /api/cockpit/ops/status[2m > [22m[2mreturns 403 for non-admin
Quality Gates	Run coverage gate	2026-03-20T21:11:15.4300403Z [22m[39m{"timestamp":"2026-03-20T21:11:15.428Z","level":"info","message":"cockpit_ops_status_end","context":{"requestId":"bfa337c3-ded8-4fee-8019-cd252c5c6a49","route":"/api/cockpit/ops/status","eventType":"route_end","durationMs":1,"status":403,"outcome":"error","errorCode":"FORBIDDEN"}}
Quality Gates	Run coverage gate	2026-03-20T21:11:15.4302357Z 
Quality Gates	Run coverage gate	2026-03-20T21:11:15.4303683Z [90mstdout[2m | src/app/api/cockpit/ops/status/__tests__/route.test.ts[2m > [22m[2mGET /api/cockpit/ops/status[2m > [22m[2mreturns ops status for admin
Quality Gates	Run coverage gate	2026-03-20T21:11:15.4306550Z [22m[39m{"timestamp":"2026-03-20T21:11:15.429Z","level":"info","message":"cockpit_ops_status_start","context":{"requestId":"383d4e62-81bb-4b81-b3ad-11c830828987","route":"/api/cockpit/ops/status","eventType":"route_start"}}
Quality Gates	Run coverage gate	2026-03-20T21:11:15.4307746Z 
Quality Gates	Run coverage gate	2026-03-20T21:11:15.4345723Z [90mstdout[2m | src/app/api/cockpit/ops/status/__tests__/route.test.ts[2m > [22m[2mGET /api/cockpit/ops/status[2m > [22m[2mreturns ops status for admin
Quality Gates	Run coverage gate	2026-03-20T21:11:15.4352721Z [22m[39m{"timestamp":"2026-03-20T21:11:15.433Z","level":"info","message":"cockpit_ops_status_end","context":{"requestId":"383d4e62-81bb-4b81-b3ad-11c830828987","tenantId":"tenant-1","route":"/api/cockpit/ops/status","eventType":"route_end","durationMs":4,"status":200,"outcome":"ok"}}
Quality Gates	Run coverage gate	2026-03-20T21:11:15.4354373Z 
Quality Gates	Run coverage gate	2026-03-20T21:11:15.4726890Z  [32m✓[39m src/app/api/cockpit/ops/status/__tests__/route.test.ts [2m([22m[2m3 tests[22m[2m)[22m[32m 25[2mms[22m[39m
Quality Gates	Run coverage gate	2026-03-20T21:11:15.4937290Z  [32m✓[39m src/core/conversation/__tests__/intent-classifier.test.ts [2m([22m[2m12 tests[22m[2m)[22m[32m 10[2mms[22m[39m
Quality Gates	Run coverage gate	2026-03-20T21:11:15.7285214Z  [32m✓[39m src/modules/catalog/__tests__/seed-catalog.test.ts [2m([22m[2m13 tests[22m[2m)[22m[32m 14[2mms[22m[39m
Quality Gates	Run coverage gate	2026-03-20T21:11:15.8106207Z  [32m✓[39m src/infra/repositories/__tests__/ai-decision-log.repository.test.ts [2m([22m[2m3 tests[22m[2m)[22m[32m 13[2mms[22m[39m
Quality Gates	Run coverage gate	2026-03-20T21:11:15.8855466Z  [32m✓[39m src/modules/finops/services/__tests__/finops-reset.service.test.ts [2m([22m[2m6 tests[22m[2m)[22m[32m 11[2mms[22m[39m
Quality Gates	Run coverage gate	2026-03-20T21:11:15.9546262Z  [32m✓[39m src/modules/frank/playbooks/__tests__/playbook.service.test.ts [2m([22m[2m5 tests[22m[2m)[22m[32m 7[2mms[22m[39m
Quality Gates	Run coverage gate	2026-03-20T21:11:16.1936910Z [90mstdout[2m | src/tests/circuit-breaker.test.ts[2m > [22m[2mCircuit Breaker Resilience[2m > [22m[2mfalhas consecutivas -> OPEN
Quality Gates	Run coverage gate	2026-03-20T21:11:16.1940288Z [22m[39m{"timestamp":"2026-03-20T21:11:16.177Z","level":"error","message":"circuit_open","context":{"eventType":"circuit_breaker_transition","provider":"test_provider","failures":3,"cooldownPeriod":10000}}
Quality Gates	Run coverage gate	2026-03-20T21:11:16.1942404Z 
Quality Gates	Run coverage gate	2026-03-20T21:11:16.1961793Z [90mstdout[2m | src/tests/circuit-breaker.test.ts[2m > [22m[2mCircuit Breaker Resilience[2m > [22m[2mcooldown -> HALF_OPEN, then SUCCESS -> CLOSED
Quality Gates	Run coverage gate	2026-03-20T21:11:16.1965077Z [22m[39m{"timestamp":"2026-03-20T21:11:16.177Z","level":"error","message":"circuit_open","context":{"eventType":"circuit_breaker_transition","provider":"test_provider","failures":2,"cooldownPeriod":5000}}
Quality Gates	Run coverage gate	2026-03-20T21:11:16.1966784Z 
Quality Gates	Run coverage gate	2026-03-20T21:11:16.1974871Z [90mstdout[2m | src/tests/circuit-breaker.test.ts[2m > [22m[2mCircuit Breaker Resilience[2m > [22m[2mcooldown -> HALF_OPEN, then SUCCESS -> CLOSED
Quality Gates	Run coverage gate	2026-03-20T21:11:16.1977296Z [22m[39m{"timestamp":"2026-03-20T21:11:21.178Z","level":"info","message":"circuit_half_open","context":{"eventType":"circuit_breaker_transition","provider":"test_provider"}}
Quality Gates	Run coverage gate	2026-03-20T21:11:16.1978356Z 
Quality Gates	Run coverage gate	2026-03-20T21:11:16.1979713Z [90mstdout[2m | src/tests/circuit-breaker.test.ts[2m > [22m[2mCircuit Breaker Resilience[2m > [22m[2mcooldown -> HALF_OPEN, then SUCCESS -> CLOSED
Quality Gates	Run coverage gate	2026-03-20T21:11:16.1982421Z [22m[39m{"timestamp":"2026-03-20T21:11:21.178Z","level":"info","message":"circuit_closed","context":{"eventType":"circuit_breaker_transition","provider":"test_provider"}}
Quality Gates	Run coverage gate	2026-03-20T21:11:16.1983502Z 
Quality Gates	Run coverage gate	2026-03-20T21:11:16.1989695Z [90mstdout[2m | src/tests/circuit-breaker.test.ts[2m > [22m[2mCircuit Breaker Resilience[2m > [22m[2mcooldown -> HALF_OPEN, then FAILURE -> OPEN
Quality Gates	Run coverage gate	2026-03-20T21:11:16.1997223Z [22m[39m{"timestamp":"2026-03-20T21:11:21.178Z","level":"error","message":"circuit_open","context":{"eventType":"circuit_breaker_transition","provider":"test_provider","failures":2,"cooldownPeriod":5000}}
Quality Gates	Run coverage gate	2026-03-20T21:11:16.1998548Z 
Quality Gates	Run coverage gate	2026-03-20T21:11:16.1999910Z [90mstdout[2m | src/tests/circuit-breaker.test.ts[2m > [22m[2mCircuit Breaker Resilience[2m > [22m[2mcooldown -> HALF_OPEN, then FAILURE -> OPEN
Quality Gates	Run coverage gate	2026-03-20T21:11:16.2002644Z [22m[39m{"timestamp":"2026-03-20T21:11:26.179Z","level":"info","message":"circuit_half_open","context":{"eventType":"circuit_breaker_transition","provider":"test_provider"}}
Quality Gates	Run coverage gate	2026-03-20T21:11:16.2003786Z 
Quality Gates	Run coverage gate	2026-03-20T21:11:16.2005159Z [90mstdout[2m | src/tests/circuit-breaker.test.ts[2m > [22m[2mCircuit Breaker Resilience[2m > [22m[2mcooldown -> HALF_OPEN, then FAILURE -> OPEN
Quality Gates	Run coverage gate	2026-03-20T21:11:16.2007967Z [22m[39m{"timestamp":"2026-03-20T21:11:26.179Z","level":"error","message":"circuit_open","context":{"eventType":"circuit_breaker_transition","provider":"test_provider","failures":2,"cooldownPeriod":5000}}
Quality Gates	Run coverage gate	2026-03-20T21:11:16.2009290Z 
Quality Gates	Run coverage gate	2026-03-20T21:11:16.2131828Z  [32m✓[39m src/tests/circuit-breaker.test.ts [2m([22m[2m4 tests[22m[2m)[22m[32m 27[2mms[22m[39m
Quality Gates	Run coverage gate	2026-03-20T21:11:16.4862267Z [90mstdout[2m | src/app/api/public/delivery/[token]/location/__tests__/route.test.ts[2m > [22m[2mPOST /api/public/delivery/[token]/location[2m > [22m[2mshould successfully publish a valid location update
Quality Gates	Run coverage gate	2026-03-20T21:11:16.4868114Z [22m[39m{"timestamp":"2026-03-20T21:11:16.483Z","level":"info","message":"api_request_start","context":{"requestId":"eb653f4a-a3dc-49ff-9b9b-c5eeaf3620a9","route":"/api/public/delivery/token/location","method":"POST","eventType":"api_request_start"}}
Quality Gates	Run coverage gate	2026-03-20T21:11:16.4872911Z 
Quality Gates	Run coverage gate	2026-03-20T21:11:16.4938403Z [90mstdout[2m | src/app/api/public/delivery/[token]/location/__tests__/route.test.ts[2m > [22m[2mPOST /api/public/delivery/[token]/location[2m > [22m[2mshould successfully publish a valid location update
Quality Gates	Run coverage gate	2026-03-20T21:11:16.4949798Z [22m[39m{"timestamp":"2026-03-20T21:11:16.493Z","level":"info","message":"api_request_end","context":{"requestId":"eb653f4a-a3dc-49ff-9b9b-c5eeaf3620a9","route":"/api/public/delivery/token/location","durationMs":10,"status":200,"outcome":"ok","eventType":"api_request_end"}}
Quality Gates	Run coverage gate	2026-03-20T21:11:16.4951786Z 
Quality Gates	Run coverage gate	2026-03-20T21:11:16.5022376Z [90mstdout[2m | src/app/api/public/delivery/[token]/location/__tests__/route.test.ts[2m > [22m[2mPOST /api/public/delivery/[token]/location[2m > [22m[2mshould reject invalid JWT tokens
Quality Gates	Run coverage gate	2026-03-20T21:11:16.5024449Z [22m[39m{"timestamp":"2026-03-20T21:11:16.500Z","level":"info","message":"api_request_start","context":{"requestId":"0aecefd7-9655-4f39-8169-f5e2beb20a10","route":"/api/public/delivery/token/location","method":"POST","eventType":"api_request_start"}}
Quality Gates	Run coverage gate	2026-03-20T21:11:16.5025332Z 
Quality Gates	Run coverage gate	2026-03-20T21:11:16.5026218Z [90mstdout[2m | src/app/api/public/delivery/[token]/location/__tests__/route.test.ts[2m > [22m[2mPOST /api/public/delivery/[token]/location[2m > [22m[2mshould reject invalid JWT tokens
Quality Gates	Run coverage gate	2026-03-20T21:11:16.5028232Z [22m[39m{"timestamp":"2026-03-20T21:11:16.501Z","level":"info","message":"api_request_end","context":{"requestId":"0aecefd7-9655-4f39-8169-f5e2beb20a10","route":"/api/public/delivery/token/location","durationMs":1,"status":401,"outcome":"error","errorCode":"401","eventType":"api_request_end"}}
Quality Gates	Run coverage gate	2026-03-20T21:11:16.5029220Z 
Quality Gates	Run coverage gate	2026-03-20T21:11:16.5038490Z [90mstdout[2m | src/app/api/public/delivery/[token]/location/__tests__/route.test.ts[2m > [22m[2mPOST /api/public/delivery/[token]/location[2m > [22m[2mshould reject invalid schema payloads
Quality Gates	Run coverage gate	2026-03-20T21:11:16.5042305Z [22m[39m{"timestamp":"2026-03-20T21:11:16.503Z","level":"info","message":"api_request_start","context":{"requestId":"cb2762d3-5366-4ede-b4bd-ef0e3b29856d","route":"/api/public/delivery/token/location","method":"POST","eventType":"api_request_start"}}
Quality Gates	Run coverage gate	2026-03-20T21:11:16.5044139Z 
Quality Gates	Run coverage gate	2026-03-20T21:11:16.5057085Z [90mstdout[2m | src/app/api/public/delivery/[token]/location/__tests__/route.test.ts[2m > [22m[2mPOST /api/public/delivery/[token]/location[2m > [22m[2mshould reject invalid schema payloads
Quality Gates	Run coverage gate	2026-03-20T21:11:16.5060945Z [22m[39m{"timestamp":"2026-03-20T21:11:16.505Z","level":"info","message":"api_request_end","context":{"requestId":"cb2762d3-5366-4ede-b4bd-ef0e3b29856d","route":"/api/public/delivery/token/location","durationMs":2,"status":400,"outcome":"error","errorCode":"400","eventType":"api_request_end"}}
Quality Gates	Run coverage gate	2026-03-20T21:11:16.5062970Z 
Quality Gates	Run coverage gate	2026-03-20T21:11:16.5072534Z [90mstdout[2m | src/app/api/public/delivery/[token]/location/__tests__/route.test.ts[2m > [22m[2mPOST /api/public/delivery/[token]/location[2m > [22m[2mshould apply rate limiting
Quality Gates	Run coverage gate	2026-03-20T21:11:16.5076142Z [22m[39m{"timestamp":"2026-03-20T21:11:16.506Z","level":"info","message":"api_request_start","context":{"requestId":"ca76c193-8a5d-482b-a89d-1177cbf1ec51","route":"/api/public/delivery/token/location","method":"POST","eventType":"api_request_start"}}
Quality Gates	Run coverage gate	2026-03-20T21:11:16.5077830Z 
Quality Gates	Run coverage gate	2026-03-20T21:11:16.5079543Z [90mstdout[2m | src/app/api/public/delivery/[token]/location/__tests__/route.test.ts[2m > [22m[2mPOST /api/public/delivery/[token]/location[2m > [22m[2mshould apply rate limiting
Quality Gates	Run coverage gate	2026-03-20T21:11:16.5083385Z [22m[39m{"timestamp":"2026-03-20T21:11:16.507Z","level":"warn","message":"rate_limited","context":{"requestId":"ca76c193-8a5d-482b-a89d-1177cbf1ec51","route":"/api/public/delivery/[token]/location","eventType":"RATE_LIMITED","remaining":0}}
Quality Gates	Run coverage gate	2026-03-20T21:11:16.5085295Z 
Quality Gates	Run coverage gate	2026-03-20T21:11:16.5086982Z [90mstdout[2m | src/app/api/public/delivery/[token]/location/__tests__/route.test.ts[2m > [22m[2mPOST /api/public/delivery/[token]/location[2m > [22m[2mshould apply rate limiting
Quality Gates	Run coverage gate	2026-03-20T21:11:16.5090968Z [22m[39m{"timestamp":"2026-03-20T21:11:16.507Z","level":"info","message":"api_request_end","context":{"requestId":"ca76c193-8a5d-482b-a89d-1177cbf1ec51","route":"/api/public/delivery/token/location","durationMs":1,"status":429,"outcome":"error","errorCode":"429","eventType":"api_request_end"}}
Quality Gates	Run coverage gate	2026-03-20T21:11:16.5093111Z 
Quality Gates	Run coverage gate	2026-03-20T21:11:16.5374402Z  [32m✓[39m src/app/api/public/delivery/[token]/location/__tests__/route.test.ts [2m([22m[2m4 tests[22m[2m)[22m[32m 38[2mms[22m[39m
Quality Gates	Run coverage gate	2026-03-20T21:11:16.5715619Z  [32m✓[39m src/app/api/public/cotacao/intent/__tests__/route.test.ts [2m([22m[2m4 tests[22m[2m)[22m[32m 22[2mms[22m[39m
Quality Gates	Run coverage gate	2026-03-20T21:11:16.7370098Z [90mstdout[2m | src/modules/domine/__tests__/domine-spine.test.ts[2m > [22m[2mDomine Minimal Event Spine[2m > [22m[2mshould correctly capture DLQ when read model logic fails
Quality Gates	Run coverage gate	2026-03-20T21:11:16.7373386Z [22m[39m{"timestamp":"2026-03-20T21:11:16.734Z","level":"error","message":"domine_event_failed","context":{"eventId":"evt-abc","type":"order_paid","err":"orderId missing from payload constraints"}}
Quality Gates	Run coverage gate	2026-03-20T21:11:16.7374624Z 
Quality Gates	Run coverage gate	2026-03-20T21:11:16.7475480Z  [32m✓[39m src/modules/domine/__tests__/domine-spine.test.ts [2m([22m[2m3 tests[22m[2m)[22m[32m 11[2mms[22m[39m
Quality Gates	Run coverage gate	2026-03-20T21:11:17.0379523Z  [32m✓[39m src/app/api/metrics/__tests__/metrics-rbac.test.ts [2m([22m[2m6 tests[22m[2m)[22m[32m 11[2mms[22m[39m
Quality Gates	Run coverage gate	2026-03-20T21:11:17.0675819Z  [32m✓[39m src/ui/components/__tests__/rbac.test.ts [2m([22m[2m9 tests[22m[2m)[22m[32m 9[2mms[22m[39m
Quality Gates	Run coverage gate	2026-03-20T21:11:17.4498671Z  [32m✓[39m src/tests/audit-log-enforcement.test.ts [2m([22m[2m3 tests[22m[2m)[22m[32m 14[2mms[22m[39m
Quality Gates	Run coverage gate	2026-03-20T21:11:17.5207513Z  [32m✓[39m src/ui/lib/__tests__/safe-fetch.test.ts [2m([22m[2m7 tests[22m[2m)[22m[33m 1074[2mms[22m[39m
Quality Gates	Run coverage gate	2026-03-20T21:11:17.5212170Z      [33m[2m✓[22m[39m should respect Retry-After header wait time on 429 by waiting the given seconds [33m 1014[2mms[22m[39m
Quality Gates	Run coverage gate	2026-03-20T21:11:17.5589637Z [90mstdout[2m | src/__tests__/internal-auth-contract.test.ts[2m > [22m[2minternal auth contract[2m > [22m[2mkeeps local/dev boot coherent with session AUTH_SECRET fallback
Quality Gates	Run coverage gate	2026-03-20T21:11:17.5591863Z [22m[39m✅ Critical Environment Variables Verified.
Quality Gates	Run coverage gate	2026-03-20T21:11:17.5592256Z 
Quality Gates	Run coverage gate	2026-03-20T21:11:17.6066436Z  [32m✓[39m src/__tests__/internal-auth-contract.test.ts [2m([22m[2m8 tests[22m[2m)[22m[32m 25[2mms[22m[39m
Quality Gates	Run coverage gate	2026-03-20T21:11:17.6989986Z  [32m✓[39m src/modules/frank/memory/__tests__/memory.service.test.ts [2m([22m[2m7 tests[22m[2m)[22m[32m 15[2mms[22m[39m
Quality Gates	Run coverage gate	2026-03-20T21:11:17.8918961Z [90mstdout[2m | src/app/api/events/__tests__/route.test.ts[2m > [22m[2mPOST /api/events abuse hardening[2m > [22m[2mallows requests under limit and blocks when exceeded with 429 + headers
Quality Gates	Run coverage gate	2026-03-20T21:11:17.8922800Z [22m[39m{"timestamp":"2026-03-20T21:11:17.886Z","level":"info","message":"api_request_start","context":{"requestId":"6c2d68a1-4d7c-4be6-8add-b6f8c8eb4be8","route":"/api/events","tenantId":"tenant-1","method":"POST","eventType":"api_request_start"}}
Quality Gates	Run coverage gate	2026-03-20T21:11:17.8924416Z 
Quality Gates	Run coverage gate	2026-03-20T21:11:17.9015075Z [90mstdout[2m | src/app/api/events/__tests__/route.test.ts[2m > [22m[2mPOST /api/events abuse hardening[2m > [22m[2mallows requests under limit and blocks when exceeded with 429 + headers
Quality Gates	Run coverage gate	2026-03-20T21:11:17.9021433Z [22m[39m{"timestamp":"2026-03-20T21:11:17.899Z","level":"info","message":"api_request_end","context":{"requestId":"6c2d68a1-4d7c-4be6-8add-b6f8c8eb4be8","route":"/api/events","tenantId":"tenant-1","durationMs":12,"status":200,"outcome":"ok","eventType":"api_request_end"}}
Quality Gates	Run coverage gate	2026-03-20T21:11:17.9029546Z 
Quality Gates	Run coverage gate	2026-03-20T21:11:17.9039859Z [90mstdout[2m | src/app/api/events/__tests__/route.test.ts[2m > [22m[2mPOST /api/events abuse hardening[2m > [22m[2mallows requests under limit and blocks when exceeded with 429 + headers
Quality Gates	Run coverage gate	2026-03-20T21:11:17.9047849Z [22m[39m{"timestamp":"2026-03-20T21:11:17.899Z","level":"info","message":"api_request_start","context":{"requestId":"011d17cc-d638-41c9-94d8-beae935a59f3","route":"/api/events","tenantId":"tenant-1","method":"POST","eventType":"api_request_start"}}
Quality Gates	Run coverage gate	2026-03-20T21:11:17.9052664Z 
Quality Gates	Run coverage gate	2026-03-20T21:11:17.9057772Z [90mstdout[2m | src/app/api/events/__tests__/route.test.ts[2m > [22m[2mPOST /api/events abuse hardening[2m > [22m[2mallows requests under limit and blocks when exceeded with 429 + headers
Quality Gates	Run coverage gate	2026-03-20T21:11:17.9065400Z [22m[39m{"timestamp":"2026-03-20T21:11:17.900Z","level":"info","message":"api_request_end","context":{"requestId":"011d17cc-d638-41c9-94d8-beae935a59f3","route":"/api/events","tenantId":"tenant-1","durationMs":1,"status":200,"outcome":"ok","eventType":"api_request_end"}}
Quality Gates	Run coverage gate	2026-03-20T21:11:17.9067126Z 
Quality Gates	Run coverage gate	2026-03-20T21:11:17.9068814Z [90mstdout[2m | src/app/api/events/__tests__/route.test.ts[2m > [22m[2mPOST /api/events abuse hardening[2m > [22m[2mallows requests under limit and blocks when exceeded with 429 + headers
Quality Gates	Run coverage gate	2026-03-20T21:11:17.9072479Z [22m[39m{"timestamp":"2026-03-20T21:11:17.900Z","level":"info","message":"api_request_start","context":{"requestId":"3b0b9aec-0956-4940-8f9e-2c5341addc01","route":"/api/events","tenantId":"tenant-1","method":"POST","eventType":"api_request_start"}}
Quality Gates	Run coverage gate	2026-03-20T21:11:17.9074074Z 
Quality Gates	Run coverage gate	2026-03-20T21:11:17.9075884Z [90mstdout[2m | src/app/api/events/__tests__/route.test.ts[2m > [22m[2mPOST /api/events abuse hardening[2m > [22m[2mallows requests under limit and blocks when exceeded with 429 + headers
Quality Gates	Run coverage gate	2026-03-20T21:11:17.9079384Z [22m[39m{"timestamp":"2026-03-20T21:11:17.900Z","level":"warn","message":"rate_limited","context":{"requestId":"3b0b9aec-0956-4940-8f9e-2c5341addc01","route":"/api/events","eventType":"RATE_LIMITED","scope":"events","keyHash":"events-key-hash","remaining":0}}
Quality Gates	Run coverage gate	2026-03-20T21:11:17.9080997Z 
Quality Gates	Run coverage gate	2026-03-20T21:11:17.9082973Z [90mstdout[2m | src/app/api/events/__tests__/route.test.ts[2m > [22m[2mPOST /api/events abuse hardening[2m > [22m[2mallows requests under limit and blocks when exceeded with 429 + headers
Quality Gates	Run coverage gate	2026-03-20T21:11:17.9086837Z [22m[39m{"timestamp":"2026-03-20T21:11:17.901Z","level":"info","message":"api_request_end","context":{"requestId":"3b0b9aec-0956-4940-8f9e-2c5341addc01","route":"/api/events","tenantId":"tenant-1","durationMs":1,"status":429,"outcome":"error","errorCode":"429","eventType":"api_request_end"}}
Quality Gates	Run coverage gate	2026-03-20T21:11:17.9088932Z 
Quality Gates	Run coverage gate	2026-03-20T21:11:17.9358842Z  [32m✓[39m src/app/api/events/__tests__/route.test.ts [2m([22m[2m1 test[22m[2m)[22m[32m 30[2mms[22m[39m
Quality Gates	Run coverage gate	2026-03-20T21:11:17.9726295Z  [32m✓[39m src/tests/distributed-lock.test.ts [2m([22m[2m5 tests[22m[2m)[22m[32m 17[2mms[22m[39m
Quality Gates	Run coverage gate	2026-03-20T21:11:18.1016582Z  [32m✓[39m src/tests/security-dashboard.test.ts [2m([22m[2m2 tests[22m[2m)[22m[32m 13[2mms[22m[39m
Quality Gates	Run coverage gate	2026-03-20T21:11:18.2165796Z  [32m✓[39m src/modules/frank/knowledge/__tests__/knowledge.service.test.ts [2m([22m[2m5 tests[22m[2m)[22m[32m 12[2mms[22m[39m
Quality Gates	Run coverage gate	2026-03-20T21:11:18.4732903Z [90mstdout[2m | src/tests/auth/login-route.test.ts[2m > [22m[2mLogin API Route Hardening[2m > [22m[2mshould return 429 JSON when rate limited, never HTML
Quality Gates	Run coverage gate	2026-03-20T21:11:18.4743433Z [22m[39m{"timestamp":"2026-03-20T21:11:18.467Z","level":"warn","message":"auth_login_rejected","context":{"eventType":"auth_login","reason":"rate_limited","requestId":"982795d4-25c1-4c94-8086-c043d1c19ec7","emailHash":"mock-hash","rateLimitKeyHash":"mock-hash"}}
Quality Gates	Run coverage gate	2026-03-20T21:11:18.4751090Z 
Quality Gates	Run coverage gate	2026-03-20T21:11:18.4765043Z [90mstdout[2m | src/tests/auth/login-route.test.ts[2m > [22m[2mLogin API Route Hardening[2m > [22m[2mshould return 401 JSON on invalid credentials, never HTML
Quality Gates	Run coverage gate	2026-03-20T21:11:18.4770988Z [22m[39m{"timestamp":"2026-03-20T21:11:18.475Z","level":"warn","message":"auth_login_rejected","context":{"eventType":"auth_login","reason":"user_not_found","requestId":"ab83b9c0-e641-4f1b-a2b8-fc3f707c1f78","emailHash":"mock-hash"}}
Quality Gates	Run coverage gate	2026-03-20T21:11:18.4773599Z 
Quality Gates	Run coverage gate	2026-03-20T21:11:18.4793385Z [90mstderr[2m | src/tests/auth/login-route.test.ts[2m > [22m[2mLogin API Route Hardening[2m > [22m[2mshould return 500 JSON if critical envs missing (simulated 503/500), never HTML
Quality Gates	Run coverage gate	2026-03-20T21:11:18.4796339Z [22m[39m{"timestamp":"2026-03-20T21:11:18.477Z","level":"ERROR","message":"CRITICAL: DATABASE_URL is missing in production"}
Quality Gates	Run coverage gate	2026-03-20T21:11:18.4797476Z 
Quality Gates	Run coverage gate	2026-03-20T21:11:18.5182510Z  [32m✓[39m src/tests/auth/login-route.test.ts [2m([22m[2m3 tests[22m[2m)[22m[32m 29[2mms[22m[39m
Quality Gates	Run coverage gate	2026-03-20T21:11:18.6658081Z  [32m✓[39m src/app/api/auth/seed-admin/__tests__/seed-admin.test.ts [2m([22m[2m5 tests[22m[2m)[22m[32m 26[2mms[22m[39m
Quality Gates	Run coverage gate	2026-03-20T21:11:18.7441973Z  [32m✓[39m src/app/(app)/inbox/__tests__/utils.test.ts [2m([22m[2m13 tests[22m[2m)[22m[32m 10[2mms[22m[39m
Quality Gates	Run coverage gate	2026-03-20T21:11:18.7685850Z [90mstdout[2m | src/app/api/app/events/__tests__/route.test.ts[2m > [22m[2mPOST /api/app/events[2m > [22m[2mreturns 400 for invalid schema types
Quality Gates	Run coverage gate	2026-03-20T21:11:18.7691127Z [22m[39m{"timestamp":"2026-03-20T21:11:18.765Z","level":"info","message":"api_request_start","context":{"requestId":"3d83f13f-f399-4fae-8b0b-e0ee49f16603","route":"/api/app/events","method":"POST","eventType":"api_request_start"}}
Quality Gates	Run coverage gate	2026-03-20T21:11:18.7692806Z 
Quality Gates	Run coverage gate	2026-03-20T21:11:18.7770273Z [90mstdout[2m | src/app/api/app/events/__tests__/route.test.ts[2m > [22m[2mPOST /api/app/events[2m > [22m[2mreturns 400 for invalid schema types
Quality Gates	Run coverage gate	2026-03-20T21:11:18.7775826Z [22m[39m{"timestamp":"2026-03-20T21:11:18.776Z","level":"info","message":"api_request_end","context":{"requestId":"3d83f13f-f399-4fae-8b0b-e0ee49f16603","route":"/api/app/events","durationMs":11,"status":400,"outcome":"error","errorCode":"400","eventType":"api_request_end"}}
Quality Gates	Run coverage gate	2026-03-20T21:11:18.7777589Z 
Quality Gates	Run coverage gate	2026-03-20T21:11:18.7795170Z [90mstdout[2m | src/app/api/app/events/__tests__/route.test.ts[2m > [22m[2mPOST /api/app/events[2m > [22m[2mblocks PII in metadata and cleans it
Quality Gates	Run coverage gate	2026-03-20T21:11:18.7798235Z [22m[39m{"timestamp":"2026-03-20T21:11:18.778Z","level":"info","message":"api_request_start","context":{"requestId":"1381417a-af37-4975-83d8-b3cf276528b9","route":"/api/app/events","method":"POST","eventType":"api_request_start"}}
Quality Gates	Run coverage gate	2026-03-20T21:11:18.7801014Z 
Quality Gates	Run coverage gate	2026-03-20T21:11:18.7817107Z [90mstdout[2m | src/app/api/app/events/__tests__/route.test.ts[2m > [22m[2mPOST /api/app/events[2m > [22m[2mblocks PII in metadata and cleans it
Quality Gates	Run coverage gate	2026-03-20T21:11:18.7820287Z [22m[39m{"timestamp":"2026-03-20T21:11:18.780Z","level":"info","message":"api_request_end","context":{"requestId":"1381417a-af37-4975-83d8-b3cf276528b9","route":"/api/app/events","durationMs":2,"status":200,"outcome":"ok","eventType":"api_request_end"}}
Quality Gates	Run coverage gate	2026-03-20T21:11:18.7827641Z 
Quality Gates	Run coverage gate	2026-03-20T21:11:18.7829295Z [90mstdout[2m | src/app/api/app/events/__tests__/route.test.ts[2m > [22m[2mPOST /api/app/events[2m > [22m[2mdedups events using redis setNx and returns ok true for duplicate
Quality Gates	Run coverage gate	2026-03-20T21:11:18.7832745Z [22m[39m{"timestamp":"2026-03-20T21:11:18.781Z","level":"info","message":"api_request_start","context":{"requestId":"82fe1cac-30d3-49ca-8f8e-8016dd9e3287","route":"/api/app/events","method":"POST","eventType":"api_request_start"}}
Quality Gates	Run coverage gate	2026-03-20T21:11:18.7834223Z 
Quality Gates	Run coverage gate	2026-03-20T21:11:18.7848942Z [90mstdout[2m | src/app/api/app/events/__tests__/route.test.ts[2m > [22m[2mPOST /api/app/events[2m > [22m[2mdedups events using redis setNx and returns ok true for duplicate
Quality Gates	Run coverage gate	2026-03-20T21:11:18.7852662Z [22m[39m{"timestamp":"2026-03-20T21:11:18.782Z","level":"info","message":"api_request_end","context":{"requestId":"82fe1cac-30d3-49ca-8f8e-8016dd9e3287","route":"/api/app/events","durationMs":1,"status":200,"outcome":"ok","eventType":"api_request_end"}}
Quality Gates	Run coverage gate	2026-03-20T21:11:18.7854281Z 
Quality Gates	Run coverage gate	2026-03-20T21:11:18.7855949Z [90mstdout[2m | src/app/api/app/events/__tests__/route.test.ts[2m > [22m[2mPOST /api/app/events[2m > [22m[2mreturns 401 if user is not authenticated
Quality Gates	Run coverage gate	2026-03-20T21:11:18.7859012Z [22m[39m{"timestamp":"2026-03-20T21:11:18.783Z","level":"info","message":"api_request_start","context":{"requestId":"39656330-3108-40e8-86fd-02e52d4cc114","route":"/api/app/events","method":"POST","eventType":"api_request_start"}}
Quality Gates	Run coverage gate	2026-03-20T21:11:18.7860492Z 
Quality Gates	Run coverage gate	2026-03-20T21:11:18.7862064Z [90mstdout[2m | src/app/api/app/events/__tests__/route.test.ts[2m > [22m[2mPOST /api/app/events[2m > [22m[2mreturns 401 if user is not authenticated
Quality Gates	Run coverage gate	2026-03-20T21:11:18.7865446Z [22m[39m{"timestamp":"2026-03-20T21:11:18.784Z","level":"info","message":"api_request_end","context":{"requestId":"39656330-3108-40e8-86fd-02e52d4cc114","route":"/api/app/events","durationMs":1,"status":401,"outcome":"error","errorCode":"401","eventType":"api_request_end"}}
Quality Gates	Run coverage gate	2026-03-20T21:11:18.7867170Z 
Quality Gates	Run coverage gate	2026-03-20T21:11:18.8263569Z  [32m✓[39m src/app/api/app/events/__tests__/route.test.ts [2m([22m[2m4 tests[22m[2m)[22m[32m 31[2mms[22m[39m
Quality Gates	Run coverage gate	2026-03-20T21:11:18.9614572Z [90mstdout[2m | src/app/api/cockpit/metrics/frank/__tests__/route.test.ts[2m > [22m[2mGET /api/cockpit/metrics/frank[2m > [22m[2mreturns tenant-scoped metrics for the authenticated session
Quality Gates	Run coverage gate	2026-03-20T21:11:18.9618048Z [22m[39m{"timestamp":"2026-03-20T21:11:18.958Z","level":"info","message":"cockpit_metrics_frank_start","context":{"requestId":"441c90b8-732e-4abf-87c3-769d779c788a","route":"/api/cockpit/metrics/frank","eventType":"route_start"}}
Quality Gates	Run coverage gate	2026-03-20T21:11:18.9619610Z 
Quality Gates	Run coverage gate	2026-03-20T21:11:18.9684426Z [90mstdout[2m | src/app/api/cockpit/metrics/frank/__tests__/route.test.ts[2m > [22m[2mGET /api/cockpit/metrics/frank[2m > [22m[2mreturns tenant-scoped metrics for the authenticated session
Quality Gates	Run coverage gate	2026-03-20T21:11:18.9688546Z [22m[39m{"timestamp":"2026-03-20T21:11:18.967Z","level":"info","message":"cockpit_metrics_frank_end","context":{"requestId":"441c90b8-732e-4abf-87c3-769d779c788a","tenantId":"tenant-session","route":"/api/cockpit/metrics/frank","eventType":"route_end","durationMs":10,"status":200,"outcome":"ok"}}
Quality Gates	Run coverage gate	2026-03-20T21:11:18.9690642Z 
Quality Gates	Run coverage gate	2026-03-20T21:11:18.9763947Z [90mstdout[2m | src/app/api/cockpit/metrics/frank/__tests__/route.test.ts[2m > [22m[2mGET /api/cockpit/metrics/frank[2m > [22m[2mignores arbitrary tenantId query params and keeps session tenant scope
Quality Gates	Run coverage gate	2026-03-20T21:11:18.9772122Z [22m[39m{"timestamp":"2026-03-20T21:11:18.975Z","level":"info","message":"cockpit_metrics_frank_start","context":{"requestId":"2e2e4ed4-ffa3-4682-a427-50174fc4c5f9","route":"/api/cockpit/metrics/frank","eventType":"route_start"}}
Quality Gates	Run coverage gate	2026-03-20T21:11:18.9773624Z 
Quality Gates	Run coverage gate	2026-03-20T21:11:18.9775530Z [90mstdout[2m | src/app/api/cockpit/metrics/frank/__tests__/route.test.ts[2m > [22m[2mGET /api/cockpit/metrics/frank[2m > [22m[2mignores arbitrary tenantId query params and keeps session tenant scope
Quality Gates	Run coverage gate	2026-03-20T21:11:18.9779531Z [22m[39m{"timestamp":"2026-03-20T21:11:18.976Z","level":"info","message":"cockpit_metrics_frank_end","context":{"requestId":"2e2e4ed4-ffa3-4682-a427-50174fc4c5f9","tenantId":"tenant-session","route":"/api/cockpit/metrics/frank","eventType":"route_end","durationMs":1,"status":200,"outcome":"ok"}}
Quality Gates	Run coverage gate	2026-03-20T21:11:18.9781721Z 
Quality Gates	Run coverage gate	2026-03-20T21:11:19.0056568Z  [32m✓[39m src/app/api/cockpit/metrics/frank/__tests__/route.test.ts [2m([22m[2m2 tests[22m[2m)[22m[32m 25[2mms[22m[39m
Quality Gates	Run coverage gate	2026-03-20T21:11:19.0579282Z  [32m✓[39m src/tests/replay-protection.test.ts [2m([22m[2m4 tests[22m[2m)[22m[32m 19[2mms[22m[39m
Quality Gates	Run coverage gate	2026-03-20T21:11:19.1763452Z  [32m✓[39m src/tests/services/customer-timeline.service.test.ts [2m([22m[2m3 tests[22m[2m)[22m[32m 12[2mms[22m[39m
Quality Gates	Run coverage gate	2026-03-20T21:11:19.4071577Z [90mstdout[2m | src/app/api/tenants/[tenantId]/ai-provider/rotate-key/__tests__/route.test.ts[2m > [22m[2m/api/tenants/[tenantId]/ai-provider/rotate-key RBAC[2m > [22m[2mreturns 401 when request has no valid session cookie
Quality Gates	Run coverage gate	2026-03-20T21:11:19.4076475Z [22m[39m{"timestamp":"2026-03-20T21:11:19.403Z","level":"info","message":"tenant_ai_provider_rotate_key_start","context":{"requestId":"2cbe54bb-c92c-4f7a-8574-80578c1f6cfc","route":"/api/tenants/[tenantId]/ai-provider/rotate-key","eventType":"route_start"}}
Quality Gates	Run coverage gate	2026-03-20T21:11:19.4078071Z 
Quality Gates	Run coverage gate	2026-03-20T21:11:19.4120880Z [90mstdout[2m | src/app/api/tenants/[tenantId]/ai-provider/rotate-key/__tests__/route.test.ts[2m > [22m[2m/api/tenants/[tenantId]/ai-provider/rotate-key RBAC[2m > [22m[2mreturns 401 when request has no valid session cookie
Quality Gates	Run coverage gate	2026-03-20T21:11:19.4125870Z [22m[39m{"timestamp":"2026-03-20T21:11:19.410Z","level":"info","message":"tenant_ai_provider_rotate_key_end","context":{"requestId":"2cbe54bb-c92c-4f7a-8574-80578c1f6cfc","tenantId":"tenant-1","route":"/api/tenants/[tenantId]/ai-provider/rotate-key","eventType":"route_end","durationMs":9,"status":401,"outcome":"error","errorCode":"AUTH_REQUIRED"}}
Quality Gates	Run coverage gate	2026-03-20T21:11:19.4128080Z 
Quality Gates	Run coverage gate	2026-03-20T21:11:19.4177251Z [90mstdout[2m | src/app/api/tenants/[tenantId]/ai-provider/rotate-key/__tests__/route.test.ts[2m > [22m[2m/api/tenants/[tenantId]/ai-provider/rotate-key RBAC[2m > [22m[2mreturns 403 for operator role
Quality Gates	Run coverage gate	2026-03-20T21:11:19.4188308Z [22m[39m{"timestamp":"2026-03-20T21:11:19.416Z","level":"info","message":"tenant_ai_provider_rotate_key_start","context":{"requestId":"5b74c79b-2834-4ef4-ad91-2154268c6689","route":"/api/tenants/[tenantId]/ai-provider/rotate-key","eventType":"route_start"}}
Quality Gates	Run coverage gate	2026-03-20T21:11:19.4189975Z 
Quality Gates	Run coverage gate	2026-03-20T21:11:19.4192101Z [90mstdout[2m | src/app/api/tenants/[tenantId]/ai-provider/rotate-key/__tests__/route.test.ts[2m > [22m[2m/api/tenants/[tenantId]/ai-provider/rotate-key RBAC[2m > [22m[2mreturns 403 for operator role
Quality Gates	Run coverage gate	2026-03-20T21:11:19.4196831Z [22m[39m{"timestamp":"2026-03-20T21:11:19.417Z","level":"info","message":"tenant_ai_provider_rotate_key_end","context":{"requestId":"5b74c79b-2834-4ef4-ad91-2154268c6689","tenantId":"tenant-1","userId":"user-2","route":"/api/tenants/[tenantId]/ai-provider/rotate-key","eventType":"route_end","durationMs":1,"status":403,"outcome":"error","errorCode":"FORBIDDEN"}}
Quality Gates	Run coverage gate	2026-03-20T21:11:19.4199136Z 
Quality Gates	Run coverage gate	2026-03-20T21:11:19.4208531Z [90mstdout[2m | src/app/api/tenants/[tenantId]/ai-provider/rotate-key/__tests__/route.test.ts[2m > [22m[2m/api/tenants/[tenantId]/ai-provider/rotate-key RBAC[2m > [22m[2mreturns 200 for admin role
Quality Gates	Run coverage gate	2026-03-20T21:11:19.4212766Z [22m[39m{"timestamp":"2026-03-20T21:11:19.418Z","level":"info","message":"tenant_ai_provider_rotate_key_start","context":{"requestId":"d173b6aa-c32c-4992-92f3-f8938a0fe767","route":"/api/tenants/[tenantId]/ai-provider/rotate-key","eventType":"route_start"}}
Quality Gates	Run coverage gate	2026-03-20T21:11:19.4214431Z 
Quality Gates	Run coverage gate	2026-03-20T21:11:19.4216341Z [90mstdout[2m | src/app/api/tenants/[tenantId]/ai-provider/rotate-key/__tests__/route.test.ts[2m > [22m[2m/api/tenants/[tenantId]/ai-provider/rotate-key RBAC[2m > [22m[2mreturns 200 for admin role
Quality Gates	Run coverage gate	2026-03-20T21:11:19.4220782Z [22m[39m{"timestamp":"2026-03-20T21:11:19.418Z","level":"info","message":"tenant_ai_provider_rotate_key_end","context":{"requestId":"d173b6aa-c32c-4992-92f3-f8938a0fe767","tenantId":"tenant-1","userId":"user-1","route":"/api/tenants/[tenantId]/ai-provider/rotate-key","eventType":"route_end","durationMs":1,"status":200,"outcome":"ok"}}
Quality Gates	Run coverage gate	2026-03-20T21:11:19.4223149Z 
Quality Gates	Run coverage gate	2026-03-20T21:11:19.4476112Z  [32m✓[39m src/app/api/tenants/[tenantId]/ai-provider/rotate-key/__tests__/route.test.ts [2m([22m[2m3 tests[22m[2m)[22m[32m 23[2mms[22m[39m
Quality Gates	Run coverage gate	2026-03-20T21:11:19.4661054Z  [32m✓[39m src/modules/atendimento/__tests__/metrics.service.test.ts [2m([22m[2m1 test[22m[2m)[22m[32m 9[2mms[22m[39m
Quality Gates	Run coverage gate	2026-03-20T21:11:19.5058159Z [90mstdout[2m | src/modules/finops/services/__tests__/plan-enforcement.service.test.ts
Quality Gates	Run coverage gate	2026-03-20T21:11:19.5066120Z [22m[39m{"timestamp":"2026-03-20T21:11:19.502Z","level":"INFO","message":"TenantRepository initialized","context":{"cacheTtlMinutes":10}}
Quality Gates	Run coverage gate	2026-03-20T21:11:19.5067066Z 
Quality Gates	Run coverage gate	2026-03-20T21:11:19.5523176Z  [32m✓[39m src/modules/finops/services/__tests__/plan-enforcement.service.test.ts [2m([22m[2m4 tests[22m[2m)[22m[32m 9[2mms[22m[39m
Quality Gates	Run coverage gate	2026-03-20T21:11:19.7326185Z  [32m✓[39m src/modules/shipping/quote-engine/__tests__/ConcurrentQuoteEngine.test.ts [2m([22m[2m3 tests[22m[2m)[22m[32m 60[2mms[22m[39m
Quality Gates	Run coverage gate	2026-03-20T21:11:19.9100654Z  [32m✓[39m src/modules/crm/__tests__/crm.repository.test.ts [2m([22m[2m3 tests[22m[2m)[22m[32m 10[2mms[22m[39m
Quality Gates	Run coverage gate	2026-03-20T21:11:20.0337465Z [90mstdout[2m | src/tests/privacy/customer-central-purge.test.ts[2m > [22m[2mLGPD Purge User Route (Customer Central)[2m > [22m[2mShould wipe organization data when organizationId is provided
Quality Gates	Run coverage gate	2026-03-20T21:11:20.0342876Z [22m[39m{"timestamp":"2026-03-20T21:11:20.029Z","level":"info","message":"lgpd_user_purged","context":{"requestId":"req-123","tenantId":"tenant-1","phoneHash":"[REDACTED]","organizationId":"org-abc","deletedMessages":"[REDACTED]","deletedFunnel":0,"source":"admin_api"}}
Quality Gates	Run coverage gate	2026-03-20T21:11:20.0349871Z 
Quality Gates	Run coverage gate	2026-03-20T21:11:20.0589070Z  [32m✓[39m src/tests/privacy/customer-central-purge.test.ts [2m([22m[2m2 tests[22m[2m)[22m[32m 23[2mms[22m[39m
Quality Gates	Run coverage gate	2026-03-20T21:11:20.1753804Z  [32m✓[39m src/modules/frank/intent-linker/__tests__/intent-linker.service.test.ts [2m([22m[2m3 tests[22m[2m)[22m[32m 12[2mms[22m[39m
Quality Gates	Run coverage gate	2026-03-20T21:11:20.2818902Z [90mstdout[2m | src/modules/frank/suggestions/__tests__/suggestion.service.test.ts[2m > [22m[2mSuggestionService[2m > [22m[2mgenerateSuggestion should create and emit event
Quality Gates	Run coverage gate	2026-03-20T21:11:20.2822756Z [22m[39m{"timestamp":"2026-03-20T21:11:20.279Z","level":"INFO","message":"frank_suggestion_generated","context":{"suggestionId":"sugg-1","sessionId":"sess-1","conversationId":"conv-1","intent":"test","confidence":0.9}}
Quality Gates	Run coverage gate	2026-03-20T21:11:20.2825942Z 
Quality Gates	Run coverage gate	2026-03-20T21:11:20.2840137Z [90mstdout[2m | src/modules/frank/suggestions/__tests__/suggestion.service.test.ts[2m > [22m[2mSuggestionService[2m > [22m[2mapproveSuggestion should update status and emit approved event
Quality Gates	Run coverage gate	2026-03-20T21:11:20.2847116Z [22m[39m{"timestamp":"2026-03-20T21:11:20.283Z","level":"INFO","message":"frank_suggestion_approved","context":{"suggestionId":"sugg-1","sessionId":"sess-1","approvedBy":"op-1","edited":false}}
Quality Gates	Run coverage gate	2026-03-20T21:11:20.2848364Z 
Quality Gates	Run coverage gate	2026-03-20T21:11:20.2864787Z [90mstdout[2m | src/modules/frank/suggestions/__tests__/suggestion.service.test.ts[2m > [22m[2mSuggestionService[2m > [22m[2mapproveSuggestion should update status and emit edited event
Quality Gates	Run coverage gate	2026-03-20T21:11:20.2874797Z [22m[39m{"timestamp":"2026-03-20T21:11:20.285Z","level":"INFO","message":"frank_suggestion_edited","context":{"suggestionId":"sugg-2","sessionId":"sess-1","approvedBy":"op-1","edited":true}}
Quality Gates	Run coverage gate	2026-03-20T21:11:20.2882276Z 
Quality Gates	Run coverage gate	2026-03-20T21:11:20.2888869Z [90mstdout[2m | src/modules/frank/suggestions/__tests__/suggestion.service.test.ts[2m > [22m[2mSuggestionService[2m > [22m[2mrejectSuggestion should update status to rejected
Quality Gates	Run coverage gate	2026-03-20T21:11:20.2891843Z [22m[39m{"timestamp":"2026-03-20T21:11:20.286Z","level":"INFO","message":"frank_suggestion_rejected","context":{"suggestionId":"sugg-3","sessionId":"sess-1","rejectedBy":"op-1"}}
Quality Gates	Run coverage gate	2026-03-20T21:11:20.2912643Z 
Quality Gates	Run coverage gate	2026-03-20T21:11:20.2975524Z  [32m✓[39m src/modules/frank/suggestions/__tests__/suggestion.service.test.ts [2m([22m[2m4 tests[22m[2m)[22m[32m 11[2mms[22m[39m
Quality Gates	Run coverage gate	2026-03-20T21:11:20.4191694Z [90mstdout[2m | src/app/api/public/events/__tests__/route.test.ts[2m > [22m[2mPOST /api/public/events[2m > [22m[2mdeve retornar 400 se o schema falhar (Falta type)
Quality Gates	Run coverage gate	2026-03-20T21:11:20.4203403Z [22m[39m{"timestamp":"2026-03-20T21:11:20.415Z","level":"info","message":"api_request_start","context":{"requestId":"04bcb0cc-9950-44d7-9994-2901ac63157f","route":"/api/public/events","method":"POST","eventType":"api_request_start"}}
Quality Gates	Run coverage gate	2026-03-20T21:11:20.4204921Z 
Quality Gates	Run coverage gate	2026-03-20T21:11:20.4275644Z [90mstdout[2m | src/app/api/public/events/__tests__/route.test.ts[2m > [22m[2mPOST /api/public/events[2m > [22m[2mdeve retornar 400 se o schema falhar (Falta type)
Quality Gates	Run coverage gate	2026-03-20T21:11:20.4286979Z [22m[39m{"timestamp":"2026-03-20T21:11:20.426Z","level":"info","message":"api_request_end","context":{"requestId":"04bcb0cc-9950-44d7-9994-2901ac63157f","route":"/api/public/events","durationMs":12,"status":400,"outcome":"error","errorCode":"400","eventType":"api_request_end"}}
Quality Gates	Run coverage gate	2026-03-20T21:11:20.4288739Z 
Quality Gates	Run coverage gate	2026-03-20T21:11:20.4294216Z [90mstdout[2m | src/app/api/public/events/__tests__/route.test.ts[2m > [22m[2mPOST /api/public/events[2m > [22m[2mdeve deduplicar req no bucket
Quality Gates	Run coverage gate	2026-03-20T21:11:20.4297863Z [22m[39m{"timestamp":"2026-03-20T21:11:20.428Z","level":"info","message":"api_request_start","context":{"requestId":"69523e0e-684e-44ea-b0d4-e4ce0c5fcd2c","route":"/api/public/events","method":"POST","eventType":"api_request_start"}}
Quality Gates	Run coverage gate	2026-03-20T21:11:20.4301003Z 
Quality Gates	Run coverage gate	2026-03-20T21:11:20.4308272Z [90mstdout[2m | src/app/api/public/events/__tests__/route.test.ts[2m > [22m[2mPOST /api/public/events[2m > [22m[2mdeve deduplicar req no bucket
Quality Gates	Run coverage gate	2026-03-20T21:11:20.4311898Z [22m[39m{"timestamp":"2026-03-20T21:11:20.430Z","level":"info","message":"api_request_end","context":{"requestId":"69523e0e-684e-44ea-b0d4-e4ce0c5fcd2c","route":"/api/public/events","durationMs":2,"status":200,"outcome":"ok","eventType":"api_request_end"}}
Quality Gates	Run coverage gate	2026-03-20T21:11:20.4314397Z 
Quality Gates	Run coverage gate	2026-03-20T21:11:20.4324939Z [90mstdout[2m | src/app/api/public/events/__tests__/route.test.ts[2m > [22m[2mPOST /api/public/events[2m > [22m[2mdeve aceitar evento full pass
Quality Gates	Run coverage gate	2026-03-20T21:11:20.4328283Z [22m[39m{"timestamp":"2026-03-20T21:11:20.432Z","level":"info","message":"api_request_start","context":{"requestId":"f60c7786-3fd9-4885-a238-7c5ea91a23c3","route":"/api/public/events","method":"POST","eventType":"api_request_start"}}
Quality Gates	Run coverage gate	2026-03-20T21:11:20.4331969Z 
Quality Gates	Run coverage gate	2026-03-20T21:11:20.4343669Z [90mstdout[2m | src/app/api/public/events/__tests__/route.test.ts[2m > [22m[2mPOST /api/public/events[2m > [22m[2mdeve aceitar evento full pass
Quality Gates	Run coverage gate	2026-03-20T21:11:20.4347345Z [22m[39m{"timestamp":"2026-03-20T21:11:20.433Z","level":"info","message":"api_request_end","context":{"requestId":"f60c7786-3fd9-4885-a238-7c5ea91a23c3","route":"/api/public/events","durationMs":1,"status":200,"outcome":"ok","eventType":"api_request_end"}}
Quality Gates	Run coverage gate	2026-03-20T21:11:20.4349358Z 
Quality Gates	Run coverage gate	2026-03-20T21:11:20.4778601Z  [32m✓[39m src/app/api/public/events/__tests__/route.test.ts [2m([22m[2m3 tests[22m[2m)[22m[32m 31[2mms[22m[39m
Quality Gates	Run coverage gate	2026-03-20T21:11:20.8822528Z  [32m✓[39m src/app/api/cron/cleanup/__tests__/route.test.ts [2m([22m[2m3 tests[22m[2m)[22m[32m 15[2mms[22m[39m
Quality Gates	Run coverage gate	2026-03-20T21:11:20.8933319Z  [32m✓[39m src/app/api/cockpit/frank/intents/[id]/__tests__/intent-linker.routes.test.ts [2m([22m[2m3 tests[22m[2m)[22m[32m 31[2mms[22m[39m
Quality Gates	Run coverage gate	2026-03-20T21:11:21.1196309Z  [32m✓[39m src/modules/cockpit/data/__tests__/get-cockpit-alerts.test.ts [2m([22m[2m2 tests[22m[2m)[22m[32m 6[2mms[22m[39m
Quality Gates	Run coverage gate	2026-03-20T21:11:21.1299119Z  [32m✓[39m src/domine/processor/__tests__/delivery-location-updated.test.ts [2m([22m[2m3 tests[22m[2m)[22m[32m 10[2mms[22m[39m
Quality Gates	Run coverage gate	2026-03-20T21:11:21.2236037Z  [32m✓[39m src/app/api/webhook/stripe/__tests__/stripe-webhook.test.ts [2m([22m[2m3 tests[22m[2m)[22m[32m 231[2mms[22m[39m
Quality Gates	Run coverage gate	2026-03-20T21:11:21.3005110Z  [32m✓[39m src/modules/atendimento/__tests__/whatsapp-reply-policy.test.ts [2m([22m[2m6 tests[22m[2m)[22m[32m 6[2mms[22m[39m
Quality Gates	Run coverage gate	2026-03-20T21:11:21.3555777Z  [32m✓[39m src/lib/__tests__/phone.test.ts [2m([22m[2m11 tests[22m[2m)[22m[32m 9[2mms[22m[39m
Quality Gates	Run coverage gate	2026-03-20T21:11:21.6148043Z  [32m✓[39m src/modules/metrics/__tests__/retention-cleanup.service.test.ts [2m([22m[2m1 test[22m[2m)[22m[32m 8[2mms[22m[39m
Quality Gates	Run coverage gate	2026-03-20T21:11:21.7939157Z  [32m✓[39m src/modules/knowledge/__tests__/knowledge.test.ts [2m([22m[2m6 tests[22m[2m)[22m[32m 5[2mms[22m[39m
Quality Gates	Run coverage gate	2026-03-20T21:11:22.0131888Z [90mstdout[2m | src/modules/customers/identity-resolver/identity-resolver.service.test.ts[2m > [22m[2mIdentity Resolver Service[2m > [22m[2mhandles query failures gracefully
Quality Gates	Run coverage gate	2026-03-20T21:11:22.0136467Z [22m[39m{"timestamp":"2026-03-20T21:11:22.010Z","level":"error","message":"identity_resolver_failed","context":{"tenantId":"tenant-123","phoneHashCandidates":"[REDACTED]","errorType":"Error","errorMessage":"[REDACTED]","eventType":"identity_resolver_error"}}
Quality Gates	Run coverage gate	2026-03-20T21:11:22.0139842Z 
Quality Gates	Run coverage gate	2026-03-20T21:11:22.0291529Z  [32m✓[39m src/modules/customers/identity-resolver/identity-resolver.service.test.ts [2m([22m[2m4 tests[22m[2m)[22m[32m 13[2mms[22m[39m
Quality Gates	Run coverage gate	2026-03-20T21:11:22.0722112Z  [32m✓[39m src/app/api/public/cotacao/route.guard.test.ts [2m([22m[2m1 test[22m[2m)[22m[32m 28[2mms[22m[39m
Quality Gates	Run coverage gate	2026-03-20T21:11:22.2943403Z  [32m✓[39m src/modules/frank/__tests__/frank.service.test.ts [2m([22m[2m2 tests[22m[2m)[22m[32m 10[2mms[22m[39m
Quality Gates	Run coverage gate	2026-03-20T21:11:22.5002624Z  [32m✓[39m src/modules/playbooks/__tests__/playbooks.test.ts [2m([22m[2m2 tests[22m[2m)[22m[32m 7[2mms[22m[39m
Quality Gates	Run coverage gate	2026-03-20T21:11:22.5039597Z  [32m✓[39m src/core/mesh/guards/__tests__/AgentRuntimeGuard.test.ts [2m([22m[2m3 tests[22m[2m)[22m[32m 13[2mms[22m[39m
Quality Gates	Run coverage gate	2026-03-20T21:11:22.6057057Z  [32m✓[39m src/__tests__/rbac-guards.test.ts [2m([22m[2m5 tests[22m[2m)[22m[32m 17[2mms[22m[39m
Quality Gates	Run coverage gate	2026-03-20T21:11:22.8732825Z  [32m✓[39m src/modules/analytics/__tests__/analytics.service.test.ts [2m([22m[2m4 tests[22m[2m)[22m[32m 156[2mms[22m[39m
Quality Gates	Run coverage gate	2026-03-20T21:11:22.9651016Z [90mstdout[2m | src/tests/privacy/purge-user-rbac.test.ts[2m > [22m[2mPurge-user RBAC enforcement (P0)[2m > [22m[2mshould return 401 when no session exists
Quality Gates	Run coverage gate	2026-03-20T21:11:22.9654470Z [22m[39m{"timestamp":"2026-03-20T21:11:22.962Z","level":"warn","message":"lgpd_purge_unauthorized","context":{"requestId":"req-test-123","tenantId":"tenant-1","reason":"no_session_or_not_admin"}}
Quality Gates	Run coverage gate	2026-03-20T21:11:22.9655943Z 
Quality Gates	Run coverage gate	2026-03-20T21:11:22.9672918Z [90mstdout[2m | src/tests/privacy/purge-user-rbac.test.ts[2m > [22m[2mPurge-user RBAC enforcement (P0)[2m > [22m[2mshould return 403 when user is not admin
Quality Gates	Run coverage gate	2026-03-20T21:11:22.9674665Z [22m[39m{"timestamp":"2026-03-20T21:11:22.966Z","level":"warn","message":"lgpd_purge_unauthorized","context":{"requestId":"req-test-123","tenantId":"tenant-1","reason":"no_session_or_not_admin"}}
Quality Gates	Run coverage gate	2026-03-20T21:11:22.9675442Z 
Quality Gates	Run coverage gate	2026-03-20T21:11:22.9680272Z [90mstdout[2m | src/tests/privacy/purge-user-rbac.test.ts[2m > [22m[2mPurge-user RBAC enforcement (P0)[2m > [22m[2mshould return 403 on tenant mismatch
Quality Gates	Run coverage gate	2026-03-20T21:11:22.9682426Z [22m[39m{"timestamp":"2026-03-20T21:11:22.967Z","level":"warn","message":"lgpd_purge_tenant_mismatch","context":{"requestId":"req-test-123","tenantId":"tenant-1","sessionTenant":"tenant-OTHER"}}
Quality Gates	Run coverage gate	2026-03-20T21:11:22.9683190Z 
Quality Gates	Run coverage gate	2026-03-20T21:11:23.0025484Z  [32m✓[39m src/tests/privacy/purge-user-rbac.test.ts [2m([22m[2m3 tests[22m[2m)[22m[32m 18[2mms[22m[39m
Quality Gates	Run coverage gate	2026-03-20T21:11:23.0529983Z  [32m✓[39m src/infra/repositories/__tests__/tenant-ai-provider.repository.test.ts [2m([22m[2m4 tests[22m[2m)[22m[32m 15[2mms[22m[39m
Quality Gates	Run coverage gate	2026-03-20T21:11:23.2125195Z [90mstderr[2m | src/modules/funnel/__tests__/funnel.repository.test.ts[2m > [22m[2mFunnelRepository[2m > [22m[2mshould save a funnel event with phone number and session
Quality Gates	Run coverage gate	2026-03-20T21:11:23.2127636Z [22m[39m[pii] AUTH_SECRET missing in dev/test; using insecure fallback for phone hashing
Quality Gates	Run coverage gate	2026-03-20T21:11:23.2129194Z [pii] PII_ENCRYPTION_KEY missing in dev/test; using insecure fallback encryption key
Quality Gates	Run coverage gate	2026-03-20T21:11:23.2130120Z 
Quality Gates	Run coverage gate	2026-03-20T21:11:23.2342249Z  [32m✓[39m src/modules/funnel/__tests__/funnel.repository.test.ts [2m([22m[2m2 tests[22m[2m)[22m[32m 17[2mms[22m[39m
Quality Gates	Run coverage gate	2026-03-20T21:11:23.2513306Z  [32m✓[39m src/modules/timeline/__tests__/timeline.service.test.ts [2m([22m[2m2 tests[22m[2m)[22m[32m 10[2mms[22m[39m
Quality Gates	Run coverage gate	2026-03-20T21:11:23.8899773Z  [32m✓[39m src/app/api/cockpit/metrics/summary/__tests__/route.test.ts [2m([22m[2m3 tests[22m[2m)[22m[32m 17[2mms[22m[39m
Quality Gates	Run coverage gate	2026-03-20T21:11:23.9635530Z  [32m✓[39m src/modules/system-status/__tests__/system-status.test.ts [2m([22m[2m2 tests[22m[2m)[22m[32m 46[2mms[22m[39m
Quality Gates	Run coverage gate	2026-03-20T21:11:23.9665790Z  [32m✓[39m src/app/(app)/cockpit/components/__tests__/activation-section.test.tsx [2m([22m[2m3 tests[22m[2m)[22m[32m 54[2mms[22m[39m
Quality Gates	Run coverage gate	2026-03-20T21:11:24.1715020Z  [32m✓[39m src/__tests__/design-system.test.ts [2m([22m[2m1 test[22m[2m)[22m[32m 81[2mms[22m[39m
Quality Gates	Run coverage gate	2026-03-20T21:11:24.4334009Z [90mstderr[2m | src/modules/cockpit/launcher/__tests__/tiles.service.test.ts[2m > [22m[2mCockpit App Launcher Service[2m > [22m[2mshould return admin-only tiles for an admin role
Quality Gates	Run coverage gate	2026-03-20T21:11:24.4336503Z [22m[39mFailed to augment tile badges InfrastructureError: DATABASE_URL is not set. Set it in your Vercel environment variables.
Quality Gates	Run coverage gate	2026-03-20T21:11:24.4338503Z     at validateAndLogDbUrl [90m(/home/runner/work/projeto-condstore/projeto-condstore/[39msrc/infra/db.ts:16:15[90m)[39m
Quality Gates	Run coverage gate	2026-03-20T21:11:24.4340316Z     at getDb [90m(/home/runner/work/projeto-condstore/projeto-condstore/[39msrc/infra/db.ts:46:23[90m)[39m
Quality Gates	Run coverage gate	2026-03-20T21:11:24.4342635Z     at getVisibleTiles [90m(/home/runner/work/projeto-condstore/projeto-condstore/[39msrc/modules/cockpit/launcher/tiles.service.ts:39:30[90m)[39m
Quality Gates	Run coverage gate	2026-03-20T21:11:24.4344884Z     at [90m/home/runner/work/projeto-condstore/projeto-condstore/[39msrc/modules/cockpit/launcher/__tests__/tiles.service.test.ts:10:34
Quality Gates	Run coverage gate	2026-03-20T21:11:24.4347022Z     at [90mfile:///home/runner/work/projeto-condstore/projeto-condstore/[39mnode_modules/[4m@vitest/runner[24m/dist/index.js:145:11
Quality Gates	Run coverage gate	2026-03-20T21:11:24.4349076Z     at [90mfile:///home/runner/work/projeto-condstore/projeto-condstore/[39mnode_modules/[4m@vitest/runner[24m/dist/index.js:915:26
Quality Gates	Run coverage gate	2026-03-20T21:11:24.4351092Z     at [90mfile:///home/runner/work/projeto-condstore/projeto-condstore/[39mnode_modules/[4m@vitest/runner[24m/dist/index.js:1243:20
Quality Gates	Run coverage gate	2026-03-20T21:11:24.4365006Z     at new Promise (<anonymous>)
Quality Gates	Run coverage gate	2026-03-20T21:11:24.4371637Z     at runWithTimeout [90m(file:///home/runner/work/projeto-condstore/projeto-condstore/[39mnode_modules/[4m@vitest/runner[24m/dist/index.js:1209:10[90m)[39m
Quality Gates	Run coverage gate	2026-03-20T21:11:24.4373957Z     at [90mfile:///home/runner/work/projeto-condstore/projeto-condstore/[39mnode_modules/[4m@vitest/runner[24m/dist/index.js:1653:37 {
Quality Gates	Run coverage gate	2026-03-20T21:11:24.4375265Z   code: [32m'DATABASE_URL_MISSING'[39m,
Quality Gates	Run coverage gate	2026-03-20T21:11:24.4375903Z   context: [90mundefined[39m,
Quality Gates	Run coverage gate	2026-03-20T21:11:24.4376819Z   isRetryable: [33mtrue[39m
Quality Gates	Run coverage gate	2026-03-20T21:11:24.4377247Z }
Quality Gates	Run coverage gate	2026-03-20T21:11:24.4377424Z 
Quality Gates	Run coverage gate	2026-03-20T21:11:24.4384170Z [90mstderr[2m | src/modules/cockpit/launcher/__tests__/tiles.service.test.ts[2m > [22m[2mCockpit App Launcher Service[2m > [22m[2mshould restrict sensitive tiles from arbitrary viewer roles
Quality Gates	Run coverage gate	2026-03-20T21:11:24.4386710Z [22m[39mFailed to augment tile badges InfrastructureError: DATABASE_URL is not set. Set it in your Vercel environment variables.
Quality Gates	Run coverage gate	2026-03-20T21:11:24.4388685Z     at validateAndLogDbUrl [90m(/home/runner/work/projeto-condstore/projeto-condstore/[39msrc/infra/db.ts:16:15[90m)[39m
Quality Gates	Run coverage gate	2026-03-20T21:11:24.4390499Z     at getDb [90m(/home/runner/work/projeto-condstore/projeto-condstore/[39msrc/infra/db.ts:46:23[90m)[39m
Quality Gates	Run coverage gate	2026-03-20T21:11:24.4392761Z     at getVisibleTiles [90m(/home/runner/work/projeto-condstore/projeto-condstore/[39msrc/modules/cockpit/launcher/tiles.service.ts:39:30[90m)[39m
Quality Gates	Run coverage gate	2026-03-20T21:11:24.4395013Z     at [90m/home/runner/work/projeto-condstore/projeto-condstore/[39msrc/modules/cockpit/launcher/__tests__/tiles.service.test.ts:28:34
Quality Gates	Run coverage gate	2026-03-20T21:11:24.4397134Z     at [90mfile:///home/runner/work/projeto-condstore/projeto-condstore/[39mnode_modules/[4m@vitest/runner[24m/dist/index.js:145:11
Quality Gates	Run coverage gate	2026-03-20T21:11:24.4399043Z     at [90mfile:///home/runner/work/projeto-condstore/projeto-condstore/[39mnode_modules/[4m@vitest/runner[24m/dist/index.js:915:26
Quality Gates	Run coverage gate	2026-03-20T21:11:24.4401099Z     at [90mfile:///home/runner/work/projeto-condstore/projeto-condstore/[39mnode_modules/[4m@vitest/runner[24m/dist/index.js:1243:20
Quality Gates	Run coverage gate	2026-03-20T21:11:24.4402799Z     at new Promise (<anonymous>)
Quality Gates	Run coverage gate	2026-03-20T21:11:24.4404348Z     at runWithTimeout [90m(file:///home/runner/work/projeto-condstore/projeto-condstore/[39mnode_modules/[4m@vitest/runner[24m/dist/index.js:1209:10[90m)[39m
Quality Gates	Run coverage gate	2026-03-20T21:11:24.4406406Z     at [90mfile:///home/runner/work/projeto-condstore/projeto-condstore/[39mnode_modules/[4m@vitest/runner[24m/dist/index.js:1653:37 {
Quality Gates	Run coverage gate	2026-03-20T21:11:24.4407591Z   code: [32m'DATABASE_URL_MISSING'[39m,
Quality Gates	Run coverage gate	2026-03-20T21:11:24.4408153Z   context: [90mundefined[39m,
Quality Gates	Run coverage gate	2026-03-20T21:11:24.4408626Z   isRetryable: [33mtrue[39m
Quality Gates	Run coverage gate	2026-03-20T21:11:24.4408987Z }
Quality Gates	Run coverage gate	2026-03-20T21:11:24.4409132Z 
Quality Gates	Run coverage gate	2026-03-20T21:11:24.4410730Z [90mstderr[2m | src/modules/cockpit/launcher/__tests__/tiles.service.test.ts[2m > [22m[2mCockpit App Launcher Service[2m > [22m[2mshould restrict sensitive tiles from arbitrary viewer roles
Quality Gates	Run coverage gate	2026-03-20T21:11:24.4413224Z [22m[39mFailed to augment tile badges InfrastructureError: DATABASE_URL is not set. Set it in your Vercel environment variables.
Quality Gates	Run coverage gate	2026-03-20T21:11:24.4414961Z     at validateAndLogDbUrl [90m(/home/runner/work/projeto-condstore/projeto-condstore/[39msrc/infra/db.ts:16:15[90m)[39m
Quality Gates	Run coverage gate	2026-03-20T21:11:24.4416595Z     at getDb [90m(/home/runner/work/projeto-condstore/projeto-condstore/[39msrc/infra/db.ts:46:23[90m)[39m
Quality Gates	Run coverage gate	2026-03-20T21:11:24.4418418Z     at getVisibleTiles [90m(/home/runner/work/projeto-condstore/projeto-condstore/[39msrc/modules/cockpit/launcher/tiles.service.ts:39:30[90m)[39m
Quality Gates	Run coverage gate	2026-03-20T21:11:24.4420380Z     at [90m/home/runner/work/projeto-condstore/projeto-condstore/[39msrc/modules/cockpit/launcher/__tests__/tiles.service.test.ts:28:34
Quality Gates	Run coverage gate	2026-03-20T21:11:24.4422110Z [90m    at processTicksAndRejections (node:internal/process/task_queues:95:5)[39m
Quality Gates	Run coverage gate	2026-03-20T21:11:24.4423586Z     at [90mfile:///home/runner/work/projeto-condstore/projeto-condstore/[39mnode_modules/[4m@vitest/runner[24m/dist/index.js:915:20 {
Quality Gates	Run coverage gate	2026-03-20T21:11:24.4424658Z   code: [32m'DATABASE_URL_MISSING'[39m,
Quality Gates	Run coverage gate	2026-03-20T21:11:24.4425188Z   context: [90mundefined[39m,
Quality Gates	Run coverage gate	2026-03-20T21:11:24.4425632Z   isRetryable: [33mtrue[39m
Quality Gates	Run coverage gate	2026-03-20T21:11:24.4425962Z }
Quality Gates	Run coverage gate	2026-03-20T21:11:24.4426108Z 
Quality Gates	Run coverage gate	2026-03-20T21:11:24.4427540Z [90mstderr[2m | src/modules/cockpit/launcher/__tests__/tiles.service.test.ts[2m > [22m[2mCockpit App Launcher Service[2m > [22m[2mshould sort returned salas and tiles correctly
Quality Gates	Run coverage gate	2026-03-20T21:11:24.4429984Z [22m[39mFailed to augment tile badges InfrastructureError: DATABASE_URL is not set. Set it in your Vercel environment variables.
Quality Gates	Run coverage gate	2026-03-20T21:11:24.4431959Z     at validateAndLogDbUrl [90m(/home/runner/work/projeto-condstore/projeto-condstore/[39msrc/infra/db.ts:16:15[90m)[39m
Quality Gates	Run coverage gate	2026-03-20T21:11:24.4433608Z     at getDb [90m(/home/runner/work/projeto-condstore/projeto-condstore/[39msrc/infra/db.ts:46:23[90m)[39m
Quality Gates	Run coverage gate	2026-03-20T21:11:24.4435510Z     at getVisibleTiles [90m(/home/runner/work/projeto-condstore/projeto-condstore/[39msrc/modules/cockpit/launcher/tiles.service.ts:39:30[90m)[39m
Quality Gates	Run coverage gate	2026-03-20T21:11:24.4437587Z     at [90m/home/runner/work/projeto-condstore/projeto-condstore/[39msrc/modules/cockpit/launcher/__tests__/tiles.service.test.ts:39:30
Quality Gates	Run coverage gate	2026-03-20T21:11:24.4439522Z     at [90mfile:///home/runner/work/projeto-condstore/projeto-condstore/[39mnode_modules/[4m@vitest/runner[24m/dist/index.js:145:11
Quality Gates	Run coverage gate	2026-03-20T21:11:24.4441555Z     at [90mfile:///home/runner/work/projeto-condstore/projeto-condstore/[39mnode_modules/[4m@vitest/runner[24m/dist/index.js:915:26
Quality Gates	Run coverage gate	2026-03-20T21:11:24.4443478Z     at [90mfile:///home/runner/work/projeto-condstore/projeto-condstore/[39mnode_modules/[4m@vitest/runner[24m/dist/index.js:1243:20
Quality Gates	Run coverage gate	2026-03-20T21:11:24.4444559Z     at new Promise (<anonymous>)
Quality Gates	Run coverage gate	2026-03-20T21:11:24.4446069Z     at runWithTimeout [90m(file:///home/runner/work/projeto-condstore/projeto-condstore/[39mnode_modules/[4m@vitest/runner[24m/dist/index.js:1209:10[90m)[39m
Quality Gates	Run coverage gate	2026-03-20T21:11:24.4448135Z     at [90mfile:///home/runner/work/projeto-condstore/projeto-condstore/[39mnode_modules/[4m@vitest/runner[24m/dist/index.js:1653:37 {
Quality Gates	Run coverage gate	2026-03-20T21:11:24.4449539Z   code: [32m'DATABASE_URL_MISSING'[39m,
Quality Gates	Run coverage gate	2026-03-20T21:11:24.4450107Z   context: [90mundefined[39m,
Quality Gates	Run coverage gate	2026-03-20T21:11:24.4450568Z   isRetryable: [33mtrue[39m
Quality Gates	Run coverage gate	2026-03-20T21:11:24.4450934Z }
Quality Gates	Run coverage gate	2026-03-20T21:11:24.4451077Z 
Quality Gates	Run coverage gate	2026-03-20T21:11:24.4628932Z  [32m✓[39m src/modules/cockpit/launcher/__tests__/tiles.service.test.ts [2m([22m[2m3 tests[22m[2m)[22m[32m 16[2mms[22m[39m
Quality Gates	Run coverage gate	2026-03-20T21:11:24.6092509Z  [32m✓[39m src/app/api/cockpit/frank/intents/__tests__/intent.routes.test.ts [2m([22m[2m3 tests[22m[2m)[22m[32m 23[2mms[22m[39m
Quality Gates	Run coverage gate	2026-03-20T21:11:24.6992764Z [90mstdout[2m | src/modules/frank/intents/__tests__/intent.service.test.ts[2m > [22m[2mIntentTrainingService[2m > [22m[2mcaptureIntent should create and emit event
Quality Gates	Run coverage gate	2026-03-20T21:11:24.6997805Z [22m[39m{"timestamp":"2026-03-20T21:11:24.696Z","level":"INFO","message":"intent_captured","context":{"intentId":"intent-1","sessionId":"sess-1","conversationId":"conv-1","messageId":"[REDACTED]","detectedIntent":"FRETE","confidence":0.85}}
Quality Gates	Run coverage gate	2026-03-20T21:11:24.7000137Z 
Quality Gates	Run coverage gate	2026-03-20T21:11:24.7016385Z [90mstdout[2m | src/modules/frank/intents/__tests__/intent.service.test.ts[2m > [22m[2mIntentTrainingService[2m > [22m[2mvalidateIntent should update status and emit validated event
Quality Gates	Run coverage gate	2026-03-20T21:11:24.7019040Z [22m[39m{"timestamp":"2026-03-20T21:11:24.700Z","level":"INFO","message":"intent_validated","context":{"intentId":"intent-1","validatedBy":"op-1"}}
Quality Gates	Run coverage gate	2026-03-20T21:11:24.7019988Z 
Quality Gates	Run coverage gate	2026-03-20T21:11:24.7045695Z [90mstdout[2m | src/modules/frank/intents/__tests__/intent.service.test.ts[2m > [22m[2mIntentTrainingService[2m > [22m[2mignoreIntent should update status to ignored
Quality Gates	Run coverage gate	2026-03-20T21:11:24.7053548Z [22m[39m{"timestamp":"2026-03-20T21:11:24.703Z","level":"INFO","message":"intent_ignored","context":{"intentId":"intent-2","ignoredBy":"op-1"}}
Quality Gates	Run coverage gate	2026-03-20T21:11:24.7054477Z 
Quality Gates	Run coverage gate	2026-03-20T21:11:24.7170690Z  [32m✓[39m src/modules/frank/intents/__tests__/intent.service.test.ts [2m([22m[2m3 tests[22m[2m)[22m[32m 12[2mms[22m[39m
Quality Gates	Run coverage gate	2026-03-20T21:11:24.8920681Z  [32m✓[39m src/app/api/cockpit/playbooks/__tests__/playbooks.routes.test.ts [2m([22m[2m3 tests[22m[2m)[22m[32m 22[2mms[22m[39m
Quality Gates	Run coverage gate	2026-03-20T21:11:25.1195410Z [90mstdout[2m | src/app/api/internal/diag/__tests__/route.test.ts[2m > [22m[2mGET /api/internal/diag[2m > [22m[2mrequires internal token
Quality Gates	Run coverage gate	2026-03-20T21:11:25.1198804Z [22m[39m{"timestamp":"2026-03-20T21:11:25.115Z","level":"info","message":"internal_diag_start","context":{"requestId":"ea8e5397-9069-47b1-9e65-32b2709ed899","route":"/api/internal/diag","eventType":"internal_diag_start"}}
Quality Gates	Run coverage gate	2026-03-20T21:11:25.1200194Z 
Quality Gates	Run coverage gate	2026-03-20T21:11:25.1254355Z [90mstdout[2m | src/app/api/internal/diag/__tests__/route.test.ts[2m > [22m[2mGET /api/internal/diag[2m > [22m[2mreturns diagnostic status when authorized
Quality Gates	Run coverage gate	2026-03-20T21:11:25.1260708Z [22m[39m{"timestamp":"2026-03-20T21:11:25.124Z","level":"info","message":"internal_diag_start","context":{"requestId":"2ec8703c-2384-43bf-ba61-2dc3e5815ef1","route":"/api/internal/diag","eventType":"internal_diag_start"}}
Quality Gates	Run coverage gate	2026-03-20T21:11:25.1266763Z 
Quality Gates	Run coverage gate	2026-03-20T21:11:25.1278934Z [90mstdout[2m | src/app/api/internal/diag/__tests__/route.test.ts[2m > [22m[2mGET /api/internal/diag[2m > [22m[2mreturns diagnostic status when authorized
Quality Gates	Run coverage gate	2026-03-20T21:11:25.1293143Z [22m[39m{"timestamp":"2026-03-20T21:11:25.126Z","level":"info","message":"internal_diag_end","context":{"requestId":"2ec8703c-2384-43bf-ba61-2dc3e5815ef1","route":"/api/internal/diag","eventType":"internal_diag_end","durationMs":2,"outcome":"ok","status":200}}
Quality Gates	Run coverage gate	2026-03-20T21:11:25.1295206Z 
Quality Gates	Run coverage gate	2026-03-20T21:11:25.1654713Z  [32m✓[39m src/app/api/internal/diag/__tests__/route.test.ts [2m([22m[2m2 tests[22m[2m)[22m[32m 21[2mms[22m[39m
Quality Gates	Run coverage gate	2026-03-20T21:11:25.3394172Z [90mstdout[2m | src/infra/security/__tests__/circuit-breaker.test.ts[2m > [22m[2mCircuitBreaker (Provider Level)[2m > [22m[2mshould open upon reaching failure threshold
Quality Gates	Run coverage gate	2026-03-20T21:11:25.3398236Z [22m[39m{"timestamp":"2026-03-20T21:11:25.331Z","level":"error","message":"circuit_breaker_opened","context":{"tenantId":"tenant-b","provider":"provider-y","failures":5}}
Quality Gates	Run coverage gate	2026-03-20T21:11:25.3399570Z 
Quality Gates	Run coverage gate	2026-03-20T21:11:25.3401497Z [90mstdout[2m | src/infra/security/__tests__/circuit-breaker.test.ts[2m > [22m[2mCircuitBreaker (Provider Level)[2m > [22m[2mshould open upon reaching failure threshold
Quality Gates	Run coverage gate	2026-03-20T21:11:25.3405916Z [22m[39m{"timestamp":"2026-03-20T21:11:25.331Z","level":"error","message":"failed_to_log_incident","context":{"error":{"name":"InfrastructureError","message":"DATABASE_URL is not set. Set it in your Vercel environment variables."}}}
Quality Gates	Run coverage gate	2026-03-20T21:11:25.3407414Z 
Quality Gates	Run coverage gate	2026-03-20T21:11:25.3446381Z [90mstdout[2m | src/infra/security/__tests__/circuit-breaker.test.ts[2m > [22m[2mCircuitBreaker (Provider Level)[2m > [22m[2mshould half-open/reset after duration expires
Quality Gates	Run coverage gate	2026-03-20T21:11:25.3449126Z [22m[39m{"timestamp":"2026-03-20T21:11:25.331Z","level":"error","message":"circuit_breaker_opened","context":{"tenantId":"tenant-d","provider":"provider-w","failures":5}}
Quality Gates	Run coverage gate	2026-03-20T21:11:25.3450265Z 
Quality Gates	Run coverage gate	2026-03-20T21:11:25.3452040Z [90mstdout[2m | src/infra/security/__tests__/circuit-breaker.test.ts[2m > [22m[2mCircuitBreaker (Provider Level)[2m > [22m[2mshould half-open/reset after duration expires
Quality Gates	Run coverage gate	2026-03-20T21:11:25.3455032Z [22m[39m{"timestamp":"2026-03-20T21:11:25.331Z","level":"error","message":"failed_to_log_incident","context":{"error":{"name":"InfrastructureError","message":"DATABASE_URL is not set. Set it in your Vercel environment variables."}}}
Quality Gates	Run coverage gate	2026-03-20T21:11:25.3456393Z 
Quality Gates	Run coverage gate	2026-03-20T21:11:25.3457801Z [90mstdout[2m | src/infra/security/__tests__/circuit-breaker.test.ts[2m > [22m[2mCircuitBreaker (Provider Level)[2m > [22m[2mshould half-open/reset after duration expires
Quality Gates	Run coverage gate	2026-03-20T21:11:25.3460053Z [22m[39m{"timestamp":"2026-03-20T21:16:26.331Z","level":"info","message":"circuit_breaker_closed","context":{"tenantId":"tenant-d","provider":"provider-w"}}
Quality Gates	Run coverage gate	2026-03-20T21:11:25.3461012Z 
Quality Gates	Run coverage gate	2026-03-20T21:11:25.3603902Z  [32m✓[39m src/infra/security/__tests__/circuit-breaker.test.ts [2m([22m[2m4 tests[22m[2m)[22m[32m 14[2mms[22m[39m
Quality Gates	Run coverage gate	2026-03-20T21:11:25.4683599Z  [32m✓[39m src/app/api/cockpit/custom-fields/__tests__/custom-fields.routes.test.ts [2m([22m[2m4 tests[22m[2m)[22m[32m 25[2mms[22m[39m
Quality Gates	Run coverage gate	2026-03-20T21:11:25.7704399Z  [32m✓[39m src/modules/atendimento/__tests__/conversation.repository.test.ts [2m([22m[2m2 tests[22m[2m)[22m[32m 12[2mms[22m[39m
Quality Gates	Run coverage gate	2026-03-20T21:11:25.8121757Z  [32m✓[39m src/app/api/tenants/[tenantId]/health/__tests__/route.test.ts [2m([22m[2m2 tests[22m[2m)[22m[32m 19[2mms[22m[39m
Quality Gates	Run coverage gate	2026-03-20T21:11:25.8154768Z [90mstderr[2m | src/__tests__/proxy-killswitch.test.ts[2m > [22m[2mmiddleware.ts: PUBLIC_ENDPOINTS_DISABLED kill switch[2m > [22m[2mblocks access to /api/public/* with 503 when PUBLIC_ENDPOINTS_DISABLED is true
Quality Gates	Run coverage gate	2026-03-20T21:11:25.8158702Z [22m[39m{"level":"WARN","message":"edge_security_telemetry","context":{"reason":"public_kill_switch_triggered","route":"/api/public/events","requestId":"unknown","ipHash":null,"tenantClaim":null,"userClaim":null,"timestamp":"2026-03-20T21:11:25.812Z"}}
Quality Gates	Run coverage gate	2026-03-20T21:11:25.8160353Z 
Quality Gates	Run coverage gate	2026-03-20T21:11:25.8523834Z  [32m✓[39m src/__tests__/proxy-killswitch.test.ts [2m([22m[2m3 tests[22m[2m)[22m[32m 23[2mms[22m[39m
Quality Gates	Run coverage gate	2026-03-20T21:11:26.0751855Z  [32m✓[39m src/app/api/search/__tests__/route.test.ts [2m([22m[2m2 tests[22m[2m)[22m[32m 11[2mms[22m[39m
Quality Gates	Run coverage gate	2026-03-20T21:11:26.1634770Z [90mstderr[2m | src/infra/security/__tests__/production-smoke.test.ts[2m > [22m[2mProduction Smoke Test - Middleware[2m > [22m[2mbloqueia /api/internal/* sem token em producao
Quality Gates	Run coverage gate	2026-03-20T21:11:26.1637950Z [22m[39m{"level":"WARN","message":"edge_security_telemetry","context":{"reason":"unauthorized_access","route":"/api/internal/diag","requestId":"unknown","ipHash":null,"tenantClaim":null,"userClaim":null,"timestamp":"2026-03-20T21:11:26.160Z"}}
Quality Gates	Run coverage gate	2026-03-20T21:11:26.1645948Z 
Quality Gates	Run coverage gate	2026-03-20T21:11:26.1790398Z [90mstderr[2m | src/infra/security/__tests__/production-smoke.test.ts[2m > [22m[2mProduction Smoke Test - Middleware[2m > [22m[2mmantem fail-closed em dev quando nenhum token interno é enviado
Quality Gates	Run coverage gate	2026-03-20T21:11:26.1794424Z [22m[39m{"level":"WARN","message":"edge_security_telemetry","context":{"reason":"unauthorized_access","route":"/api/internal/diag","requestId":"unknown","ipHash":null,"tenantClaim":null,"userClaim":null,"timestamp":"2026-03-20T21:11:26.176Z"}}
Quality Gates	Run coverage gate	2026-03-20T21:11:26.1795981Z 
Quality Gates	Run coverage gate	2026-03-20T21:11:26.2070483Z  [32m✓[39m src/infra/security/__tests__/production-smoke.test.ts [2m([22m[2m4 tests[22m[2m)[22m[32m 28[2mms[22m[39m
Quality Gates	Run coverage gate	2026-03-20T21:11:26.2789298Z  [32m✓[39m src/modules/metrics/__tests__/metrics.repository.test.ts [2m([22m[2m4 tests[22m[2m)[22m[32m 11[2mms[22m[39m
Quality Gates	Run coverage gate	2026-03-20T21:11:26.3105034Z  [32m✓[39m src/lib/phone/normalize-phone.test.ts [2m([22m[2m10 tests[22m[2m)[22m[32m 9[2mms[22m[39m
Quality Gates	Run coverage gate	2026-03-20T21:11:26.6790522Z [90mstdout[2m | src/modules/playbooks/__tests__/playbooks.service.test.ts[2m > [22m[2mPlaybooksService[2m > [22m[2mshould create a playbook and emit event
Quality Gates	Run coverage gate	2026-03-20T21:11:26.6795022Z [22m[39m{"timestamp":"2026-03-20T21:11:26.675Z","level":"error","message":"operational_event_publish_failed","context":{"eventType":"operational_event_publish_failed","error":{"name":"InfrastructureError","message":"DATABASE_URL is not set. Set it in your Vercel environment variables."},"tenantId":"tenant-1","type":"playbook_created"}}
Quality Gates	Run coverage gate	2026-03-20T21:11:26.6797263Z 
Quality Gates	Run coverage gate	2026-03-20T21:11:26.6812066Z [90mstdout[2m | src/modules/playbooks/__tests__/playbooks.service.test.ts[2m > [22m[2mPlaybooksService[2m > [22m[2mshould update a playbook and emit event
Quality Gates	Run coverage gate	2026-03-20T21:11:26.6816457Z [22m[39m{"timestamp":"2026-03-20T21:11:26.680Z","level":"error","message":"operational_event_publish_failed","context":{"eventType":"operational_event_publish_failed","error":{"name":"InfrastructureError","message":"DATABASE_URL is not set. Set it in your Vercel environment variables."},"tenantId":"tenant-1","type":"playbook_updated"}}
Quality Gates	Run coverage gate	2026-03-20T21:11:26.6819089Z 
Quality Gates	Run coverage gate	2026-03-20T21:11:26.7053466Z  [32m✓[39m src/modules/playbooks/__tests__/playbooks.service.test.ts [2m([22m[2m3 tests[22m[2m)[22m[32m 17[2mms[22m[39m
Quality Gates	Run coverage gate	2026-03-20T21:11:26.9030516Z  [32m✓[39m src/app/api/cockpit/products/search/__tests__/search.test.ts [2m([22m[2m2 tests[22m[2m)[22m[32m 15[2mms[22m[39m
Quality Gates	Run coverage gate	2026-03-20T21:11:26.9264136Z  [32m✓[39m src/modules/custom-fields/__tests__/custom-fields.service.test.ts [2m([22m[2m2 tests[22m[2m)[22m[32m 7[2mms[22m[39m
Quality Gates	Run coverage gate	2026-03-20T21:11:27.0183493Z  [32m✓[39m src/app/api/cockpit/frank/suggestions/__tests__/suggestion.routes.test.ts [2m([22m[2m2 tests[22m[2m)[22m[32m 23[2mms[22m[39m
Quality Gates	Run coverage gate	2026-03-20T21:11:27.3882139Z  [32m✓[39m src/modules/logistics/__tests__/shipment.repository.test.ts [2m([22m[2m2 tests[22m[2m)[22m[32m 9[2mms[22m[39m
Quality Gates	Run coverage gate	2026-03-20T21:11:27.3939882Z  [32m✓[39m src/infra/__tests__/db-soft-delete.test.ts [2m([22m[2m3 tests[22m[2m)[22m[32m 16[2mms[22m[39m
Quality Gates	Run coverage gate	2026-03-20T21:11:27.6926126Z  [32m✓[39m src/app/api/ecosystem/events/__tests__/route.test.ts [2m([22m[2m2 tests[22m[2m)[22m[32m 11[2mms[22m[39m
Quality Gates	Run coverage gate	2026-03-20T21:11:27.7667811Z  [32m✓[39m src/app/api/cockpit/config/__tests__/config.routes.test.ts [2m([22m[2m3 tests[22m[2m)[22m[32m 20[2mms[22m[39m
Quality Gates	Run coverage gate	2026-03-20T21:11:27.9532186Z  [32m✓[39m src/ui/shell/__tests__/finops-status-ui.test.tsx [2m([22m[2m8 tests[22m[2m)[22m[32m 23[2mms[22m[39m
Quality Gates	Run coverage gate	2026-03-20T21:11:28.0179646Z  [32m✓[39m src/modules/frank/playbooks/__tests__/playbooks.validation.test.ts [2m([22m[2m3 tests[22m[2m)[22m[32m 13[2mms[22m[39m
Quality Gates	Run coverage gate	2026-03-20T21:11:28.1700265Z  [32m✓[39m src/infra/rate-limit/__tests__/redis-rate-limiter.test.ts [2m([22m[2m3 tests[22m[2m)[22m[32m 8[2mms[22m[39m
Quality Gates	Run coverage gate	2026-03-20T21:11:28.1725053Z [90mstdout[2m | src/modules/metrics/__tests__/metrics.hardening.test.ts[2m > [22m[2mMetricsRepository Hardening[2m > [22m[2mshould use upsert for idempotency
Quality Gates	Run coverage gate	2026-03-20T21:11:28.1728496Z [22m[39m{"timestamp":"2026-03-20T21:11:28.169Z","level":"INFO","message":"Freight metric saved","context":{"id":"123","tenantId":"tenant-1","event":"FREIGHT_QUOTED"}}
Quality Gates	Run coverage gate	2026-03-20T21:11:28.1729820Z 
Quality Gates	Run coverage gate	2026-03-20T21:11:28.1943710Z  [32m✓[39m src/modules/metrics/__tests__/metrics.hardening.test.ts [2m([22m[2m1 test[22m[2m)[22m[32m 9[2mms[22m[39m
Quality Gates	Run coverage gate	2026-03-20T21:11:28.2536670Z  [32m✓[39m src/infra/idempotency/__tests__/redis-idempotency.test.ts [2m([22m[2m3 tests[22m[2m)[22m[32m 5[2mms[22m[39m
Quality Gates	Run coverage gate	2026-03-20T21:11:28.4016649Z  [32m✓[39m src/modules/config/__tests__/config.service.test.ts [2m([22m[2m3 tests[22m[2m)[22m[32m 8[2mms[22m[39m
Quality Gates	Run coverage gate	2026-03-20T21:11:28.4175652Z  [32m✓[39m src/modules/knowledge/__tests__/chunker.test.ts [2m([22m[2m1 test[22m[2m)[22m[32m 4[2mms[22m[39m
Quality Gates	Run coverage gate	2026-03-20T21:11:28.5535920Z  [32m✓[39m src/domine/__tests__/models.test.ts [2m([22m[2m2 tests[22m[2m)[22m[32m 7[2mms[22m[39m
Quality Gates	Run coverage gate	2026-03-20T21:11:28.7667955Z  [32m✓[39m src/lib/security/__tests__/safe-compare.test.ts [2m([22m[2m7 tests[22m[2m)[22m[32m 5[2mms[22m[39m
Quality Gates	Run coverage gate	2026-03-20T21:11:28.7765279Z [90mstdout[2m | src/infra/repositories/__tests__/freight-simulation-log.repository.test.ts[2m > [22m[2mFreightSimulationLogRepository[2m > [22m[2mpersists hashed CEP and normalized values
Quality Gates	Run coverage gate	2026-03-20T21:11:28.7768994Z [22m[39m{"timestamp":"2026-03-20T21:11:28.773Z","level":"info","message":"freight_simulation_log_insert","context":{"tenantId":"tenant-1","eventType":"freight_simulation_log_insert","durationMs":2,"outcome":"ok"}}
Quality Gates	Run coverage gate	2026-03-20T21:11:28.7770833Z 
Quality Gates	Run coverage gate	2026-03-20T21:11:28.8017089Z  [32m✓[39m src/infra/repositories/__tests__/freight-simulation-log.repository.test.ts [2m([22m[2m1 test[22m[2m)[22m[32m 14[2mms[22m[39m
Quality Gates	Run coverage gate	2026-03-20T21:11:28.8340502Z  [32m✓[39m src/core/ai/__tests__/eval-runner.test.ts [2m([22m[2m1 test[22m[2m)[22m[32m 9[2mms[22m[39m
Quality Gates	Run coverage gate	2026-03-20T21:11:29.0763752Z  [32m✓[39m src/modules/frank/intents/__tests__/intent.events.test.ts [2m([22m[2m2 tests[22m[2m)[22m[32m 9[2mms[22m[39m
Quality Gates	Run coverage gate	2026-03-20T21:11:29.3247956Z  [32m✓[39m src/modules/frank/suggestions/__tests__/suggestion.events.test.ts [2m([22m[2m2 tests[22m[2m)[22m[32m 8[2mms[22m[39m
Quality Gates	Run coverage gate	2026-03-20T21:11:29.3313485Z  [32m✓[39m src/app/api/cockpit/conversations/[id]/quotes/[quoteId]/order/__tests__/route.test.ts [2m([22m[2m1 test[22m[2m)[22m[32m 18[2mms[22m[39m
Quality Gates	Run coverage gate	2026-03-20T21:11:29.3363639Z  [32m✓[39m src/modules/freight/__tests__/shipment-linkage.repository.test.ts [2m([22m[2m2 tests[22m[2m)[22m[32m 6[2mms[22m[39m
Quality Gates	Run coverage gate	2026-03-20T21:11:29.5407323Z  [32m✓[39m src/infra/security/__tests__/distributed-lock.test.ts [2m([22m[2m2 tests[22m[2m)[22m[32m 6[2mms[22m[39m
Quality Gates	Run coverage gate	2026-03-20T21:11:29.6504684Z  [32m✓[39m src/modules/metrics/__tests__/metrics-daily.repository.test.ts [2m([22m[2m1 test[22m[2m)[22m[32m 20[2mms[22m[39m
Quality Gates	Run coverage gate	2026-03-20T21:11:29.7835312Z  [32m✓[39m src/modules/knowledge/__tests__/ask.test.ts [2m([22m[2m3 tests[22m[2m)[22m[32m 6[2mms[22m[39m
Quality Gates	Run coverage gate	2026-03-20T21:11:29.8683632Z  [32m✓[39m src/modules/knowledge/__tests__/collections.test.ts [2m([22m[2m2 tests[22m[2m)[22m[32m 7[2mms[22m[39m
Quality Gates	Run coverage gate	2026-03-20T21:11:30.0174708Z  [32m✓[39m src/infra/repositories/__tests__/simulation.repository.test.ts [2m([22m[2m1 test[22m[2m)[22m[32m 7[2mms[22m[39m
Quality Gates	Run coverage gate	2026-03-20T21:11:30.0875365Z [90mstderr[2m | src/modules/frank/tools/tool-guard.test.ts[2m > [22m[2mexecuteFrankTool[2m > [22m[2mblocks mutation tools in assistant mode
Quality Gates	Run coverage gate	2026-03-20T21:11:30.0878175Z [22m[39m{"timestamp":"2026-03-20T21:11:30.082Z","level":"WARN","message":"frank_tool_blocked","context":{"tenantId":"tenant-test","toolName":"create_order_from_quote","mode":"assistant"}}
Quality Gates	Run coverage gate	2026-03-20T21:11:30.0879396Z 
Quality Gates	Run coverage gate	2026-03-20T21:11:30.0897582Z [90mstdout[2m | src/modules/frank/tools/tool-guard.test.ts[2m > [22m[2mexecuteFrankTool[2m > [22m[2mallows read-only tools in assistant mode
Quality Gates	Run coverage gate	2026-03-20T21:11:30.0900813Z [22m[39m{"timestamp":"2026-03-20T21:11:30.088Z","level":"INFO","message":"frank_tool_executing","context":{"tenantId":"tenant-test","toolName":"get_recent_orders","mode":"assistant","access":"read_only"}}
Quality Gates	Run coverage gate	2026-03-20T21:11:30.0902374Z 
Quality Gates	Run coverage gate	2026-03-20T21:11:30.1000442Z  [32m✓[39m src/modules/frank/tools/tool-guard.test.ts [2m([22m[2m2 tests[22m[2m)[22m[32m 12[2mms[22m[39m
Quality Gates	Run coverage gate	2026-03-20T21:11:30.2304907Z  [32m✓[39m src/infra/pii/__tests__/phone.test.ts [2m([22m[2m3 tests[22m[2m)[22m[32m 6[2mms[22m[39m
Quality Gates	Run coverage gate	2026-03-20T21:11:30.4105368Z  [32m✓[39m src/app/pricing/__tests__/route.test.ts [2m([22m[2m2 tests[22m[2m)[22m[32m 11[2mms[22m[39m
Quality Gates	Run coverage gate	2026-03-20T21:11:30.4479835Z  [32m✓[39m src/app/api/cockpit/timeline/__tests__/timeline.routes.test.ts [2m([22m[2m1 test[22m[2m)[22m[32m 20[2mms[22m[39m
Quality Gates	Run coverage gate	2026-03-20T21:11:30.5534364Z  [32m✓[39m src/__tests__/roi-calculator.test.ts [2m([22m[2m3 tests[22m[2m)[22m[32m 15[2mms[22m[39m
Quality Gates	Run coverage gate	2026-03-20T21:11:30.6919901Z  [32m✓[39m src/modules/cockpit/rooms/__tests__/subrooms.registry.test.ts [2m([22m[2m4 tests[22m[2m)[22m[32m 14[2mms[22m[39m
Quality Gates	Run coverage gate	2026-03-20T21:11:30.8175282Z  [32m✓[39m src/infra/time/__tests__/window.test.ts [2m([22m[2m3 tests[22m[2m)[22m[32m 9[2mms[22m[39m
Quality Gates	Run coverage gate	2026-03-20T21:11:30.8695266Z [90mstderr[2m | src/__tests__/env.test.ts[2m > [22m[2menv[2m > [22m[2mloads env module and returns validated config
Quality Gates	Run coverage gate	2026-03-20T21:11:30.8696685Z [22m[39mCRITICAL: Invalid environment variables: {
Quality Gates	Run coverage gate	2026-03-20T21:11:30.8697759Z   SEED_TOKEN: [ [32m'Invalid input: expected string, received undefined'[39m ]
Quality Gates	Run coverage gate	2026-03-20T21:11:30.8698468Z }
Quality Gates	Run coverage gate	2026-03-20T21:11:30.8698640Z 
Quality Gates	Run coverage gate	2026-03-20T21:11:30.8890015Z  [32m✓[39m src/__tests__/env.test.ts [2m([22m[2m1 test[22m[2m)[22m[32m 91[2mms[22m[39m
Quality Gates	Run coverage gate	2026-03-20T21:11:30.9194978Z  [32m✓[39m src/tests/domain/status-dictionary.test.ts [2m([22m[2m3 tests[22m[2m)[22m[32m 4[2mms[22m[39m
Quality Gates	Run coverage gate	2026-03-20T21:11:31.1353505Z  [32m✓[39m src/infra/pii/__tests__/crypto.test.ts [2m([22m[2m1 test[22m[2m)[22m[32m 7[2mms[22m[39m
Quality Gates	Run coverage gate	2026-03-20T21:11:31.1726228Z  [32m✓[39m src/domine/__tests__/tenant.test.ts [2m([22m[2m3 tests[22m[2m)[22m[32m 9[2mms[22m[39m
Quality Gates	Run coverage gate	2026-03-20T21:11:31.6213586Z  [32m✓[39m src/modules/playbooks/__tests__/playbooks.execution.test.ts [2m([22m[2m1 test[22m[2m)[22m[32m 8[2mms[22m[39m
Quality Gates	Run coverage gate	2026-03-20T21:11:31.6225662Z  [32m✓[39m src/modules/cockpit/rooms/__tests__/rooms.registry.test.ts [2m([22m[2m3 tests[22m[2m)[22m[32m 7[2mms[22m[39m
Quality Gates	Run coverage gate	2026-03-20T21:11:31.8314333Z  [32m✓[39m src/app/(app)/cockpit/atendimento/__tests__/atendimento.client.test.tsx [2m([22m[2m1 test[22m[2m)[22m[32m 5[2mms[22m[39m
Quality Gates	Run coverage gate	2026-03-20T21:11:31.8337646Z  [32m✓[39m src/ui/lib/__tests__/track.test.ts [2m([22m[2m2 tests[22m[2m)[22m[32m 6[2mms[22m[39m
Quality Gates	Run coverage gate	2026-03-20T21:11:32.0825747Z  [32m✓[39m src/infra/attribution/__tests__/token-parser.test.ts [2m([22m[2m3 tests[22m[2m)[22m[32m 9[2mms[22m[39m
Quality Gates	Run coverage gate	2026-03-20T21:11:32.1346407Z  [32m✓[39m src/infra/http/__tests__/error-response.test.ts [2m([22m[2m1 test[22m[2m)[22m[32m 15[2mms[22m[39m
Quality Gates	Run coverage gate	2026-03-20T21:11:32.5155025Z  [32m✓[39m src/modules/config/__tests__/config.repository.test.ts [2m([22m[2m1 test[22m[2m)[22m[32m 4[2mms[22m[39m
Quality Gates	Run coverage gate	2026-03-20T21:11:32.6613653Z  [32m✓[39m src/__tests__/how-it-works-section.test.tsx [2m([22m[2m2 tests[22m[2m)[22m[32m 12[2mms[22m[39m
Quality Gates	Run coverage gate	2026-03-20T21:11:32.7298136Z  [32m✓[39m src/modules/frank/suggestions/__tests__/suggestion.ui.test.ts [2m([22m[2m1 test[22m[2m)[22m[32m 3[2mms[22m[39m
Quality Gates	Run coverage gate	2026-03-20T21:11:32.7379425Z  [32m✓[39m src/app/(app)/cockpit/__tests__/cockpit-home-render.test.tsx [2m([22m[2m1 test[22m[2m)[22m[32m 4[2mms[22m[39m
Quality Gates	Run coverage gate	2026-03-20T21:11:34.3082181Z 
Quality Gates	Run coverage gate	2026-03-20T21:11:34.3089745Z [2m Test Files [22m [1m[32m198 passed[39m[22m[90m (198)[39m
Quality Gates	Run coverage gate	2026-03-20T21:11:34.3093402Z [2m      Tests [22m [1m[32m965 passed[39m[22m[2m | [22m[33m1 skipped[39m[90m (966)[39m
Quality Gates	Run coverage gate	2026-03-20T21:11:34.3094910Z [2m   Start at [22m 21:11:02
Quality Gates	Run coverage gate	2026-03-20T21:11:34.3097412Z [2m   Duration [22m 31.75s[2m (transform 6.24s, setup 0ms, import 41.22s, tests 8.33s, environment 37ms)[22m
Quality Gates	Run coverage gate	2026-03-20T21:11:34.3098265Z 
Quality Gates	Run coverage gate	2026-03-20T21:11:34.3137327Z [34m % [39m[2mCoverage report from [22m[33mv8[39m
Quality Gates	Run coverage gate	2026-03-20T21:11:34.3327564Z -------------------|---------|----------|---------|---------|-------------------
Quality Gates	Run coverage gate	2026-03-20T21:11:34.3328737Z File               | % Stmts | % Branch | % Funcs | % Lines | Uncovered Line #s 
Quality Gates	Run coverage gate	2026-03-20T21:11:34.3329817Z -------------------|---------|----------|---------|---------|-------------------
Quality Gates	Run coverage gate	2026-03-20T21:11:34.3349187Z All files          |   58.55 |    46.88 |   49.65 |   59.95 |                   
Quality Gates	Run coverage gate	2026-03-20T21:11:34.3350073Z  projeto-condstore |       0 |        0 |       0 |       0 |                   
Quality Gates	Run coverage gate	2026-03-20T21:11:34.3350957Z   package.json     |       0 |        0 |       0 |       0 |                   
Quality Gates	Run coverage gate	2026-03-20T21:11:34.3352022Z  ...dstore/scripts |   86.95 |       80 |     100 |   94.11 |                   
Quality Gates	Run coverage gate	2026-03-20T21:11:34.3352890Z   seed-catalog.ts  |   86.95 |       80 |     100 |   94.11 | 106               
Quality Gates	Run coverage gate	2026-03-20T21:11:34.3353761Z  ...-condstore/src |    93.5 |    85.24 |     100 |   93.33 |                   
Quality Gates	Run coverage gate	2026-03-20T21:11:34.3354569Z   env.ts           |     100 |       50 |     100 |     100 | 25-28             
Quality Gates	Run coverage gate	2026-03-20T21:11:34.3355409Z   middleware.ts    |   92.95 |    87.71 |     100 |   92.75 | 41-45,65,177      
Quality Gates	Run coverage gate	2026-03-20T21:11:34.3356254Z  .../(app)/cockpit |    92.3 |       50 |     100 |    92.3 |                   
Quality Gates	Run coverage gate	2026-03-20T21:11:34.3357065Z   page.tsx         |    92.3 |       50 |     100 |    92.3 | 28                
Quality Gates	Run coverage gate	2026-03-20T21:11:34.3357889Z  ...pit/components |    90.9 |    93.75 |     100 |    90.9 |                   
Quality Gates	Run coverage gate	2026-03-20T21:11:34.3358747Z   ...n-section.tsx |    90.9 |    93.75 |     100 |    90.9 | 35                
Quality Gates	Run coverage gate	2026-03-20T21:11:34.3359599Z  ...cockpit/status |   68.88 |    54.16 |   33.33 |   68.88 |                   
Quality Gates	Run coverage gate	2026-03-20T21:11:34.3360429Z   queries.ts       |   68.88 |    54.16 |   33.33 |   68.88 | ...05,114,129-130 
Quality Gates	Run coverage gate	2026-03-20T21:11:34.3361459Z  ...pp/(app)/inbox |   92.85 |    89.18 |     100 |   97.14 |                   
Quality Gates	Run coverage gate	2026-03-20T21:11:34.3362295Z   utils.ts         |   92.85 |    89.18 |     100 |   97.14 | 90                
Quality Gates	Run coverage gate	2026-03-20T21:11:34.3363460Z  ...api/app/events |   78.68 |    61.11 |     100 |   82.14 |                   
Quality Gates	Run coverage gate	2026-03-20T21:11:34.3364278Z   route.ts         |   78.68 |    61.11 |     100 |   82.14 | ...01-105,135-143 
Quality Gates	Run coverage gate	2026-03-20T21:11:34.3365093Z  ...api/auth/login |   70.42 |     57.4 |     100 |      70 |                   
Quality Gates	Run coverage gate	2026-03-20T21:11:34.3365906Z   route.ts         |   70.42 |     57.4 |     100 |      70 | ...71-180,216-254 
Quality Gates	Run coverage gate	2026-03-20T21:11:34.3366720Z  ...pi/auth/logout |   71.42 |      100 |     100 |   71.42 |                   
Quality Gates	Run coverage gate	2026-03-20T21:11:34.3367535Z   route.ts         |   71.42 |      100 |     100 |   71.42 | 31-34             
Quality Gates	Run coverage gate	2026-03-20T21:11:34.3372240Z  ...pp/api/auth/me |     100 |       75 |     100 |     100 |                   
Quality Gates	Run coverage gate	2026-03-20T21:11:34.3373053Z   route.ts         |     100 |       75 |     100 |     100 | 17-19             
Quality Gates	Run coverage gate	2026-03-20T21:11:34.3373812Z  ...uth/seed-admin |      40 |    33.33 |     100 |      40 |                   
Quality Gates	Run coverage gate	2026-03-20T21:11:34.3374571Z   route.ts         |      40 |    33.33 |     100 |      40 | 34,54-59,62-187   
Quality Gates	Run coverage gate	2026-03-20T21:11:34.3375334Z  ...ibution/tokens |      88 |     62.5 |     100 |   91.48 |                   
Quality Gates	Run coverage gate	2026-03-20T21:11:34.3376099Z   route.ts         |      88 |     62.5 |     100 |   91.48 | 60,113,126,129    
Quality Gates	Run coverage gate	2026-03-20T21:11:34.3376854Z  ...lling/checkout |   77.14 |    73.33 |     100 |   79.41 |                   
Quality Gates	Run coverage gate	2026-03-20T21:11:34.3377605Z   route.ts         |   77.14 |    73.33 |     100 |   79.41 | 72-75,105-120     
Quality Gates	Run coverage gate	2026-03-20T21:11:34.3378365Z  ...cockpit/config |   79.31 |     62.5 |     100 |   85.18 |                   
Quality Gates	Run coverage gate	2026-03-20T21:11:34.3379410Z   route.ts         |   79.31 |     62.5 |     100 |   85.18 | 24-25,58-59       
Quality Gates	Run coverage gate	2026-03-20T21:11:34.3380032Z  ...ons/[id]/notes |   41.17 |    44.44 |   33.33 |   45.16 |                   
Quality Gates	Run coverage gate	2026-03-20T21:11:34.3380459Z   route.ts         |   41.17 |    44.44 |   33.33 |   45.16 | 14-32,52,57,73-74 
Quality Gates	Run coverage gate	2026-03-20T21:11:34.3380920Z  ...ons/[id]/owner |   62.96 |    41.66 |      50 |      68 |                   
Quality Gates	Run coverage gate	2026-03-20T21:11:34.3381675Z   route.ts         |   62.96 |    41.66 |      50 |      68 | 28,33,37-40,57-58 
Quality Gates	Run coverage gate	2026-03-20T21:11:34.3382462Z  ...quoteId]/order |   72.72 |       50 |     100 |      80 |                   
Quality Gates	Run coverage gate	2026-03-20T21:11:34.3383215Z   route.ts         |   72.72 |       50 |     100 |      80 | 30-31             
Quality Gates	Run coverage gate	2026-03-20T21:11:34.3387621Z  ...ons/[id]/stage |      75 |    68.75 |      50 |   81.81 |                   
Quality Gates	Run coverage gate	2026-03-20T21:11:34.3388447Z   route.ts         |      75 |    68.75 |      50 |   81.81 | 25,34,52-53       
Quality Gates	Run coverage gate	2026-03-20T21:11:34.3389221Z  ...ons/[id]/tasks |   42.85 |    45.45 |   33.33 |   46.87 |                   
Quality Gates	Run coverage gate	2026-03-20T21:11:34.3389973Z   route.ts         |   42.85 |    45.45 |   33.33 |   46.87 | 14-32,52,57,76-77 
Quality Gates	Run coverage gate	2026-03-20T21:11:34.3390733Z  .../custom-fields |      75 |    42.85 |     100 |   79.41 |                   
Quality Gates	Run coverage gate	2026-03-20T21:11:34.3391659Z   route.ts         |      75 |    42.85 |     100 |   79.41 | 25,33-34,60-64    
Quality Gates	Run coverage gate	2026-03-20T21:11:34.3392415Z  .../frank/intents |   81.81 |       50 |     100 |      90 |                   
Quality Gates	Run coverage gate	2026-03-20T21:11:34.3393149Z   route.ts         |   81.81 |       50 |     100 |      90 | 21                
Quality Gates	Run coverage gate	2026-03-20T21:11:34.3393910Z  ...reate-playbook |   88.23 |     62.5 |     100 |   93.75 |                   
Quality Gates	Run coverage gate	2026-03-20T21:11:34.3394677Z   route.ts         |   88.23 |     62.5 |     100 |   93.75 | 36                
Quality Gates	Run coverage gate	2026-03-20T21:11:34.3395417Z  ...ts/[id]/ignore |   82.35 |    66.66 |     100 |   86.66 |                   
Quality Gates	Run coverage gate	2026-03-20T21:11:34.3396144Z   route.ts         |   82.35 |    66.66 |     100 |   86.66 | 26,33             
Quality Gates	Run coverage gate	2026-03-20T21:11:34.3396907Z  .../link-playbook |   78.94 |     62.5 |     100 |   83.33 |                   
Quality Gates	Run coverage gate	2026-03-20T21:11:34.3397664Z   route.ts         |   78.94 |     62.5 |     100 |   83.33 | 25,33,40          
Quality Gates	Run coverage gate	2026-03-20T21:11:34.3398406Z  .../[id]/validate |   82.35 |    66.66 |     100 |   86.66 |                   
Quality Gates	Run coverage gate	2026-03-20T21:11:34.3399420Z   route.ts         |   82.35 |    66.66 |     100 |   86.66 | 26,33             
Quality Gates	Run coverage gate	2026-03-20T21:11:34.3400182Z  ...nk/suggestions |   82.14 |       50 |     100 |   88.46 |                   
Quality Gates	Run coverage gate	2026-03-20T21:11:34.3400921Z   route.ts         |   82.14 |       50 |     100 |   88.46 | 23,39,48          
Quality Gates	Run coverage gate	2026-03-20T21:11:34.3401815Z  ...cs/acquisition |   78.36 |    60.27 |   78.26 |   81.76 |                   
Quality Gates	Run coverage gate	2026-03-20T21:11:34.3402572Z   route.ts         |   78.36 |    60.27 |   78.26 |   81.76 | ...99-600,637-648 
Quality Gates	Run coverage gate	2026-03-20T21:11:34.3403330Z  .../metrics/frank |   86.36 |    68.18 |     100 |   86.36 |                   
Quality Gates	Run coverage gate	2026-03-20T21:11:34.3404097Z   route.ts         |   86.36 |    68.18 |     100 |   86.36 | ...94,101,132-142 
Quality Gates	Run coverage gate	2026-03-20T21:11:34.3404870Z  ...etrics/freight |   73.68 |    66.66 |   88.88 |   73.33 |                   
Quality Gates	Run coverage gate	2026-03-20T21:11:34.3405649Z   route.ts         |   73.68 |    66.66 |   88.88 |   73.33 | ...25,142,255-265 
Quality Gates	Run coverage gate	2026-03-20T21:11:34.3406425Z  ...etrics/summary |    87.5 |    83.33 |     100 |    91.3 |                   
Quality Gates	Run coverage gate	2026-03-20T21:11:34.3407179Z   route.ts         |    87.5 |    83.33 |     100 |    91.3 | 45-46             
Quality Gates	Run coverage gate	2026-03-20T21:11:34.3407946Z  ...ops/run-rollup |   80.55 |    56.25 |     100 |      80 |                   
Quality Gates	Run coverage gate	2026-03-20T21:11:34.3408707Z   route.ts         |   80.55 |    56.25 |     100 |      80 | 67,123-138        
Quality Gates	Run coverage gate	2026-03-20T21:11:34.3409469Z  ...pit/ops/status |    77.5 |    60.71 |      80 |   78.94 |                   
Quality Gates	Run coverage gate	2026-03-20T21:11:34.3410226Z   route.ts         |    77.5 |    60.71 |      80 |   78.94 | ...17,130,141-151 
Quality Gates	Run coverage gate	2026-03-20T21:11:34.3411180Z  ...kpit/playbooks |   77.77 |       50 |     100 |      84 |                   
Quality Gates	Run coverage gate	2026-03-20T21:11:34.3412213Z   route.ts         |   77.77 |       50 |     100 |      84 | 24-25,54-55       
Quality Gates	Run coverage gate	2026-03-20T21:11:34.3412988Z  ...roducts/search |   81.25 |       75 |     100 |   85.71 |                   
Quality Gates	Run coverage gate	2026-03-20T21:11:34.3413754Z   route.ts         |   81.25 |       75 |     100 |   85.71 | 39-40             
Quality Gates	Run coverage gate	2026-03-20T21:11:34.3414524Z  ...ckpit/timeline |   83.33 |     62.5 |     100 |   88.23 |                   
Quality Gates	Run coverage gate	2026-03-20T21:11:34.3415290Z   route.ts         |   83.33 |     62.5 |     100 |   88.23 | 36-37             
Quality Gates	Run coverage gate	2026-03-20T21:11:34.3416052Z  ...i/cron/cleanup |   88.23 |       80 |     100 |   88.23 |                   
Quality Gates	Run coverage gate	2026-03-20T21:11:34.3416798Z   route.ts         |   88.23 |       80 |     100 |   88.23 | 37,41,99-107      
Quality Gates	Run coverage gate	2026-03-20T21:11:34.3417555Z  ...osystem/events |     100 |    83.33 |     100 |     100 |                   
Quality Gates	Run coverage gate	2026-03-20T21:11:34.3418316Z   route.ts         |     100 |    83.33 |     100 |     100 | 17-18             
Quality Gates	Run coverage gate	2026-03-20T21:11:34.3419082Z  ...app/api/events |   71.42 |    46.15 |      60 |   75.75 |                   
Quality Gates	Run coverage gate	2026-03-20T21:11:34.3419829Z   route.ts         |   71.42 |    46.15 |      60 |   75.75 | ...47-156,186-195 
Quality Gates	Run coverage gate	2026-03-20T21:11:34.3420575Z  ...app/api/health |   33.33 |      100 |      20 |   33.33 |                   
Quality Gates	Run coverage gate	2026-03-20T21:11:34.3421451Z   route.ts         |   33.33 |      100 |      20 |   33.33 | 6,17-31           
Quality Gates	Run coverage gate	2026-03-20T21:11:34.3422198Z  ...th/reset-admin |   73.68 |    58.33 |     100 |   72.97 |                   
Quality Gates	Run coverage gate	2026-03-20T21:11:34.3422927Z   route.ts         |   73.68 |    58.33 |     100 |   72.97 | ...,75-82,100-108 
Quality Gates	Run coverage gate	2026-03-20T21:11:34.3423714Z  ...concile-stripe |   81.25 |    82.35 |     100 |   82.97 |                   
Quality Gates	Run coverage gate	2026-03-20T21:11:34.3424490Z   route.ts         |   81.25 |    82.35 |     100 |   82.97 | ...18-124,187-194 
Quality Gates	Run coverage gate	2026-03-20T21:11:34.3425263Z  .../internal/diag |   88.88 |      100 |     100 |   88.23 |                   
Quality Gates	Run coverage gate	2026-03-20T21:11:34.3426017Z   route.ts         |   88.88 |      100 |     100 |   88.23 | 64-72             
Quality Gates	Run coverage gate	2026-03-20T21:11:34.3426774Z  .../diag/recovery |   86.66 |       85 |     100 |   90.47 |                   
Quality Gates	Run coverage gate	2026-03-20T21:11:34.3427508Z   route.ts         |   86.66 |       85 |     100 |   90.47 | 49,86,121-125     
Quality Gates	Run coverage gate	2026-03-20T21:11:34.3428488Z  ...backfill-phone |   88.88 |    83.33 |     100 |      88 |                   
Quality Gates	Run coverage gate	2026-03-20T21:11:34.3429219Z   route.ts         |   88.88 |    83.33 |     100 |      88 | 37,79-87          
Quality Gates	Run coverage gate	2026-03-20T21:11:34.3430000Z  ...anup-retention |   90.47 |      100 |     100 |   89.47 |                   
Quality Gates	Run coverage gate	2026-03-20T21:11:34.3430771Z   route.ts         |   90.47 |      100 |     100 |   89.47 | 51-59             
Quality Gates	Run coverage gate	2026-03-20T21:11:34.3431709Z  ...-contract-scan |    87.5 |    88.88 |      50 |   89.65 |                   
Quality Gates	Run coverage gate	2026-03-20T21:11:34.3432476Z   route.ts         |    87.5 |    88.88 |      50 |   89.65 | 52,84-92          
Quality Gates	Run coverage gate	2026-03-20T21:11:34.3433231Z  ...ollup-backfill |   75.86 |    29.41 |     100 |   74.07 |                   
Quality Gates	Run coverage gate	2026-03-20T21:11:34.3433993Z   route.ts         |   75.86 |    29.41 |     100 |   74.07 | 35,39,76-91       
Quality Gates	Run coverage gate	2026-03-20T21:11:34.3434740Z  ...s/rollup-daily |   78.57 |       30 |     100 |   76.92 |                   
Quality Gates	Run coverage gate	2026-03-20T21:11:34.3435491Z   route.ts         |   78.57 |       30 |     100 |   76.92 | 35,57-69          
Quality Gates	Run coverage gate	2026-03-20T21:11:34.3436301Z  ...y-anomaly-scan |   95.45 |    66.66 |     100 |      95 |                   
Quality Gates	Run coverage gate	2026-03-20T21:11:34.3437114Z   route.ts         |   95.45 |    66.66 |     100 |      95 | 76                
Quality Gates	Run coverage gate	2026-03-20T21:11:34.3437921Z  ...ecurity/events |    93.1 |       75 |   85.71 |   92.59 |                   
Quality Gates	Run coverage gate	2026-03-20T21:11:34.3438706Z   route.ts         |    93.1 |       75 |   85.71 |   92.59 | 120-133           
Quality Gates	Run coverage gate	2026-03-20T21:11:34.3439479Z  ...ontract-status |   85.71 |       75 |     100 |   84.61 |                   
Quality Gates	Run coverage gate	2026-03-20T21:11:34.3440238Z   route.ts         |   85.71 |       75 |     100 |   84.61 | 21,33             
Quality Gates	Run coverage gate	2026-03-20T21:11:34.3465089Z  ...]/metrics/core |      84 |    71.42 |     100 |   83.33 |                   
Quality Gates	Run coverage gate	2026-03-20T21:11:34.3465983Z   route.ts         |      84 |    71.42 |     100 |   83.33 | 22,35,53-54       
Quality Gates	Run coverage gate	2026-03-20T21:11:34.3466776Z  ...ational-events |   93.54 |    88.46 |     100 |    92.3 |                   
Quality Gates	Run coverage gate	2026-03-20T21:11:34.3467581Z   route.ts         |   93.54 |    88.46 |     100 |    92.3 | 23,59             
Quality Gates	Run coverage gate	2026-03-20T21:11:34.3468367Z  ...me-permissions |    82.5 |    81.25 |     100 |   81.08 |                   
Quality Gates	Run coverage gate	2026-03-20T21:11:34.3469145Z   route.ts         |    82.5 |    81.25 |     100 |   81.08 | ...31,48,56,84-85 
Quality Gates	Run coverage gate	2026-03-20T21:11:34.3469905Z  ...ics/rate-limit |   73.33 |       50 |     100 |   71.42 |                   
Quality Gates	Run coverage gate	2026-03-20T21:11:34.3470646Z   route.ts         |   73.33 |       50 |     100 |   71.42 | 15,23-25          
Quality Gates	Run coverage gate	2026-03-20T21:11:34.3471571Z  ...e-limit-alerts |   58.82 |       25 |     100 |   56.25 |                   
Quality Gates	Run coverage gate	2026-03-20T21:11:34.3472364Z   route.ts         |   58.82 |       25 |     100 |   56.25 | 18-31             
Quality Gates	Run coverage gate	2026-03-20T21:11:34.3473142Z  .../notifications |   90.47 |    66.66 |     100 |   94.73 |                   
Quality Gates	Run coverage gate	2026-03-20T21:11:34.3473912Z   route.ts         |   90.47 |    66.66 |     100 |   94.73 | 47                
Quality Gates	Run coverage gate	2026-03-20T21:11:34.3474678Z  ...cotacao/intent |   85.29 |    62.79 |     100 |   86.36 |                   
Quality Gates	Run coverage gate	2026-03-20T21:11:34.3475443Z   route.ts         |   85.29 |    62.79 |     100 |   86.36 | ...18-120,193-201 
Quality Gates	Run coverage gate	2026-03-20T21:11:34.3476203Z  ...cotacao/quotes |   85.71 |    68.18 |      75 |   87.03 |                   
Quality Gates	Run coverage gate	2026-03-20T21:11:34.3477005Z   route.ts         |   85.71 |    68.18 |      75 |   87.03 | ...75-180,191-197 
Quality Gates	Run coverage gate	2026-03-20T21:11:34.3477775Z  ...oken]/location |   88.63 |    70.83 |     100 |    87.8 |                   
Quality Gates	Run coverage gate	2026-03-20T21:11:34.3478533Z   route.ts         |   88.63 |    70.83 |     100 |    87.8 | 31,82,89,136-144  
Quality Gates	Run coverage gate	2026-03-20T21:11:34.3479363Z  .../public/events |   57.64 |    39.39 |      60 |   61.84 |                   
Quality Gates	Run coverage gate	2026-03-20T21:11:34.3480130Z   route.ts         |   57.64 |    39.39 |      60 |   61.84 | ...59-170,199-208 
Quality Gates	Run coverage gate	2026-03-20T21:11:34.3480886Z  ...app/api/search |      90 |       70 |     100 |   88.88 |                   
Quality Gates	Run coverage gate	2026-03-20T21:11:34.3481764Z   route.ts         |      90 |       70 |     100 |   88.88 | 15                
Quality Gates	Run coverage gate	2026-03-20T21:11:34.3482752Z  ...reme/ecosystem |     100 |      100 |     100 |     100 |                   
Quality Gates	Run coverage gate	2026-03-20T21:11:34.3483513Z   route.ts         |     100 |      100 |     100 |     100 |                   
Quality Gates	Run coverage gate	2026-03-20T21:11:34.3484272Z  ...d]/ai-provider |   76.47 |     65.9 |     100 |   81.96 |                   
Quality Gates	Run coverage gate	2026-03-20T21:11:34.3485032Z   route.ts         |   76.47 |     65.9 |     100 |   81.96 | ...08,164,186-196 
Quality Gates	Run coverage gate	2026-03-20T21:11:34.3485795Z  ...der/rotate-key |   84.37 |    81.25 |     100 |   86.66 |                   
Quality Gates	Run coverage gate	2026-03-20T21:11:34.3486544Z   route.ts         |   84.37 |    81.25 |     100 |   86.66 | 22,72,81-91       
Quality Gates	Run coverage gate	2026-03-20T21:11:34.3487300Z  ...nantId]/health |   21.15 |    11.76 |      20 |   22.22 |                   
Quality Gates	Run coverage gate	2026-03-20T21:11:34.3488037Z   route.ts         |   21.15 |    11.76 |      20 |   22.22 | 31-76,84-105,134  
Quality Gates	Run coverage gate	2026-03-20T21:11:34.3488792Z  ...acy/purge-user |   75.67 |    60.86 |     100 |   75.67 |                   
Quality Gates	Run coverage gate	2026-03-20T21:11:34.3489561Z   route.ts         |   75.67 |    60.86 |     100 |   75.67 | 49-65,107-108     
Quality Gates	Run coverage gate	2026-03-20T21:11:34.3490335Z  ...ntId]/settings |   57.74 |     43.1 |   66.66 |   57.97 |                   
Quality Gates	Run coverage gate	2026-03-20T21:11:34.3491091Z   route.ts         |   57.74 |     43.1 |   66.66 |   57.97 | ...25-141,170-207 
Quality Gates	Run coverage gate	2026-03-20T21:11:34.3492021Z  ...webhook/stripe |      96 |       76 |      75 |      96 |                   
Quality Gates	Run coverage gate	2026-03-20T21:11:34.3492764Z   route.ts         |      96 |       76 |      75 |      96 | 72                
Quality Gates	Run coverage gate	2026-03-20T21:11:34.3493524Z  ...tsapp/incoming |   80.48 |    58.33 |     100 |   79.74 |                   
Quality Gates	Run coverage gate	2026-03-20T21:11:34.3494500Z   route.ts         |   80.48 |    58.33 |     100 |   79.74 | ...00,108,162-187 
Quality Gates	Run coverage gate	2026-03-20T21:11:34.3495260Z  ...rc/app/pricing |     100 |      100 |     100 |     100 |                   
Quality Gates	Run coverage gate	2026-03-20T21:11:34.3496018Z   route.ts         |     100 |      100 |     100 |     100 |                   
Quality Gates	Run coverage gate	2026-03-20T21:11:34.3496760Z  .../app/t/[token] |   85.71 |     64.7 |     100 |   88.13 |                   
Quality Gates	Run coverage gate	2026-03-20T21:11:34.3497514Z   route.ts         |   85.71 |     64.7 |     100 |   88.13 | ...70,133,152-159 
Quality Gates	Run coverage gate	2026-03-20T21:11:34.3498271Z  ...ore/src/config |   44.26 |    56.66 |   22.22 |   47.36 |                   
Quality Gates	Run coverage gate	2026-03-20T21:11:34.3535618Z   app.config.ts    |   35.29 |    61.11 |   33.33 |    37.5 | 29,67-103         
Quality Gates	Run coverage gate	2026-03-20T21:11:34.3536521Z   case-proof.ts    |     100 |      100 |     100 |     100 |                   
Quality Gates	Run coverage gate	2026-03-20T21:11:34.3537310Z   ...vio.config.ts |     100 |      100 |     100 |     100 |                   
Quality Gates	Run coverage gate	2026-03-20T21:11:34.3538076Z   modules.ts       |      40 |        0 |       0 |      50 | 522-537           
Quality Gates	Run coverage gate	2026-03-20T21:11:34.3538827Z   plan-limits.ts   |     100 |      100 |     100 |     100 |                   
Quality Gates	Run coverage gate	2026-03-20T21:11:34.3539564Z   rbac.ts          |   63.15 |    72.22 |   66.66 |   66.66 | 15-22,27          
Quality Gates	Run coverage gate	2026-03-20T21:11:34.3540293Z   twilio.config.ts |       0 |        0 |       0 |       0 | 18-58             
Quality Gates	Run coverage gate	2026-03-20T21:11:34.3541070Z  ...re/src/core/ai |   59.62 |    50.83 |   51.21 |   62.24 |                   
Quality Gates	Run coverage gate	2026-03-20T21:11:34.3542011Z   ...t-sanitize.ts |   63.88 |    46.58 |   57.89 |   68.33 | ...79,191-201,211 
Quality Gates	Run coverage gate	2026-03-20T21:11:34.3542786Z   ...chestrator.ts |   77.14 |    82.92 |     100 |   80.64 | 36,52,56,129-141  
Quality Gates	Run coverage gate	2026-03-20T21:11:34.3543561Z   ...tion-guard.ts |   65.21 |       70 |     100 |   68.18 | 74-81,89-101      
Quality Gates	Run coverage gate	2026-03-20T21:11:34.3544332Z   llm-gateway.ts   |   44.44 |    42.23 |   41.66 |   47.12 | ...46-609,621,628 
Quality Gates	Run coverage gate	2026-03-20T21:11:34.3545125Z   pii-redactor.ts  |      90 |       50 |     100 |     100 | 3                 
Quality Gates	Run coverage gate	2026-03-20T21:11:34.3545901Z   ...t-registry.ts |   58.33 |       50 |   33.33 |   63.63 | 45-64             
Quality Gates	Run coverage gate	2026-03-20T21:11:34.3546676Z   ...e-resolver.ts |   76.08 |    59.45 |   46.15 |   74.71 | ...62-270,345-382 
Quality Gates	Run coverage gate	2026-03-20T21:11:34.3547458Z  .../core/ai/evals |    64.1 |    61.53 |   85.71 |   63.63 |                   
Quality Gates	Run coverage gate	2026-03-20T21:11:34.3548476Z   eval-runner.ts   |    64.1 |    61.53 |   85.71 |   63.63 | ...56-157,179-185 
Quality Gates	Run coverage gate	2026-03-20T21:11:34.3549278Z  ...e/conversation |   96.94 |       90 |     100 |     100 |                   
Quality Gates	Run coverage gate	2026-03-20T21:11:34.3550073Z   ...classifier.ts |   96.34 |    89.47 |     100 |     100 | 221,223-225       
Quality Gates	Run coverage gate	2026-03-20T21:11:34.3550865Z   state-machine.ts |   97.95 |     90.9 |     100 |     100 | 101,241           
Quality Gates	Run coverage gate	2026-03-20T21:11:34.3551826Z  ...rc/core/events |   40.81 |       30 |      60 |   45.45 |                   
Quality Gates	Run coverage gate	2026-03-20T21:11:34.3562907Z   event-bus.ts     |   40.81 |       30 |      60 |   45.45 | 68-106,125        
Quality Gates	Run coverage gate	2026-03-20T21:11:34.3563744Z  ...c/core/freight |    6.15 |        0 |       0 |    6.66 |                   
Quality Gates	Run coverage gate	2026-03-20T21:11:34.3564542Z   ...l-settings.ts |   10.71 |        0 |       0 |   11.11 | 50-136            
Quality Gates	Run coverage gate	2026-03-20T21:11:34.3565312Z   ...solidation.ts |    6.25 |        0 |       0 |    6.45 | 75-215            
Quality Gates	Run coverage gate	2026-03-20T21:11:34.3566100Z   zone-resolver.ts |    2.63 |        0 |       0 |    3.22 | 40-112            
Quality Gates	Run coverage gate	2026-03-20T21:11:34.3566892Z  ...re/mesh/guards |   86.66 |      100 |   71.42 |   86.66 |                   
Quality Gates	Run coverage gate	2026-03-20T21:11:34.3567675Z   ...GuardError.ts |     100 |      100 |     100 |     100 |                   
Quality Gates	Run coverage gate	2026-03-20T21:11:34.3568455Z   ...ntimeGuard.ts |   85.71 |      100 |   66.66 |   85.71 | 55-61             
Quality Gates	Run coverage gate	2026-03-20T21:11:34.3569227Z  ...ndstore/src/db |   22.22 |        0 |       0 |   22.22 |                   
Quality Gates	Run coverage gate	2026-03-20T21:11:34.3569970Z   client.ts        |   22.22 |        0 |       0 |   22.22 | 14-29,38          
Quality Gates	Run coverage gate	2026-03-20T21:11:34.3570946Z  .../domain/status |     100 |      100 |     100 |     100 |                   
Quality Gates	Run coverage gate	2026-03-20T21:11:34.3571891Z   ...dictionary.ts |     100 |      100 |     100 |     100 |                   
Quality Gates	Run coverage gate	2026-03-20T21:11:34.3572657Z  ...ore/src/domine |     100 |       80 |     100 |     100 |                   
Quality Gates	Run coverage gate	2026-03-20T21:11:34.3573417Z   ...ke.service.ts |     100 |       80 |     100 |     100 | 32,57             
Quality Gates	Run coverage gate	2026-03-20T21:11:34.3574193Z  ...mine/contracts |   83.33 |      100 |       0 |   83.33 |                   
Quality Gates	Run coverage gate	2026-03-20T21:11:34.3574943Z   event.ts         |   83.33 |      100 |       0 |   83.33 | 50                
Quality Gates	Run coverage gate	2026-03-20T21:11:34.3575691Z  .../domine/models |     100 |      100 |     100 |     100 |                   
Quality Gates	Run coverage gate	2026-03-20T21:11:34.3576439Z   index.ts         |     100 |      100 |     100 |     100 |                   
Quality Gates	Run coverage gate	2026-03-20T21:11:34.3577202Z  ...mine/processor |   79.04 |    64.28 |   76.92 |   83.69 |                   
Quality Gates	Run coverage gate	2026-03-20T21:11:34.3577992Z   dead-letter.ts   |     100 |      100 |     100 |     100 |                   
Quality Gates	Run coverage gate	2026-03-20T21:11:34.3578747Z   dispatcher.ts    |   88.88 |      100 |   66.66 |   88.88 | 57                
Quality Gates	Run coverage gate	2026-03-20T21:11:34.3579512Z   ...-processor.ts |   86.11 |    81.25 |     100 |      90 | 61-69             
Quality Gates	Run coverage gate	2026-03-20T21:11:34.3580274Z   processor.ts     |   67.34 |       45 |      60 |   74.41 | 92,178-212        
Quality Gates	Run coverage gate	2026-03-20T21:11:34.3581048Z   retry-policy.ts  |     100 |       75 |     100 |     100 | 17                
Quality Gates	Run coverage gate	2026-03-20T21:11:34.3582022Z  ...essor/handlers |   92.59 |    84.21 |     100 |   92.59 |                   
Quality Gates	Run coverage gate	2026-03-20T21:11:34.3582808Z   ...ed.handler.ts |     100 |    88.88 |     100 |     100 | 30                
Quality Gates	Run coverage gate	2026-03-20T21:11:34.3583569Z   ...ed.handler.ts |   86.66 |       80 |     100 |   86.66 | 62-69             
Quality Gates	Run coverage gate	2026-03-20T21:11:34.3584340Z  .../domine/tenant |     100 |      100 |     100 |     100 |                   
Quality Gates	Run coverage gate	2026-03-20T21:11:34.3585088Z   index.ts         |     100 |      100 |     100 |     100 |                   
Quality Gates	Run coverage gate	2026-03-20T21:11:34.3585830Z   lojacond.ts      |     100 |      100 |     100 |     100 |                   
Quality Gates	Run coverage gate	2026-03-20T21:11:34.3586623Z  ...re/src/drizzle |    52.8 |      100 |       0 |    52.8 |                   
Quality Gates	Run coverage gate	2026-03-20T21:11:34.3587097Z   schema.ts        |    52.8 |      100 |       0 |    52.8 | ...2573,2596,2615 
Quality Gates	Run coverage gate	2026-03-20T21:11:34.3587693Z  ...tore/src/infra |   63.49 |    56.66 |   66.66 |   65.29 |                   
Quality Gates	Run coverage gate	2026-03-20T21:11:34.3588145Z   context-cache.ts |     100 |      100 |     100 |     100 |                   
Quality Gates	Run coverage gate	2026-03-20T21:11:34.3588556Z   db.ts            |      56 |    33.33 |     100 |   56.52 | 22-40,56          
Quality Gates	Run coverage gate	2026-03-20T21:11:34.3588959Z   errors.ts        |   84.21 |       30 |      50 |   83.78 | 59,83,128-138     
Quality Gates	Run coverage gate	2026-03-20T21:11:34.3589403Z   freight-table.ts |   84.12 |    73.33 |   84.21 |   87.61 | ...21,250,264,269 
Quality Gates	Run coverage gate	2026-03-20T21:11:34.3589848Z   logger.ts        |   86.11 |    77.77 |    87.5 |    88.7 | ...26,144-145,194 
Quality Gates	Run coverage gate	2026-03-20T21:11:34.3590291Z   redis.client.ts  |   16.78 |    28.57 |   21.42 |   18.33 | ...18-126,136-235 
Quality Gates	Run coverage gate	2026-03-20T21:11:34.3590735Z  ...ra/attribution |   47.82 |     37.5 |      40 |   58.82 |                   
Quality Gates	Run coverage gate	2026-03-20T21:11:34.3591184Z   ...tion.types.ts |       0 |        0 |       0 |       0 | 24-44             
Quality Gates	Run coverage gate	2026-03-20T21:11:34.3591919Z   hash.ts          |   83.33 |       75 |     100 |     100 | 6                 
Quality Gates	Run coverage gate	2026-03-20T21:11:34.3592339Z   token-parser.ts  |      75 |       75 |     100 |   85.71 | 17                
Quality Gates	Run coverage gate	2026-03-20T21:11:34.3592777Z  ...src/infra/auth |   64.88 |    58.25 |   88.88 |   66.39 |                   
Quality Gates	Run coverage gate	2026-03-20T21:11:34.3593190Z   guards.ts        |   95.83 |    86.95 |     100 |   95.45 | 43                
Quality Gates	Run coverage gate	2026-03-20T21:11:34.3593607Z   password.ts      |    90.9 |       75 |     100 |     100 | 14                
Quality Gates	Run coverage gate	2026-03-20T21:11:34.3594045Z   ...ernal-auth.ts |      50 |    52.17 |     100 |      50 | 43-47,57,70-96    
Quality Gates	Run coverage gate	2026-03-20T21:11:34.3594601Z   roles.ts         |     100 |      100 |     100 |     100 |                   
Quality Gates	Run coverage gate	2026-03-20T21:11:34.3595018Z   session.ts       |   44.68 |    34.37 |      80 |   47.61 | ...6,57,71,79-103 
Quality Gates	Run coverage gate	2026-03-20T21:11:34.3595441Z   ...oute-guard.ts |   71.42 |    58.82 |      80 |   70.37 | 15,31,58-73       
Quality Gates	Run coverage gate	2026-03-20T21:11:34.3595876Z  ...c/infra/config |   65.71 |     54.9 |   65.21 |   69.35 |                   
Quality Gates	Run coverage gate	2026-03-20T21:11:34.3596318Z   ...n-contract.ts |    87.5 |       80 |   81.25 |    86.2 | 38,67,130-131     
Quality Gates	Run coverage gate	2026-03-20T21:11:34.3596743Z   ...rnal-token.ts |   47.36 |    30.76 |   28.57 |   54.54 | 15-22,40,63-79    
Quality Gates	Run coverage gate	2026-03-20T21:11:34.3597171Z  ...c/infra/crypto |     9.3 |        0 |       0 |      10 |                   
Quality Gates	Run coverage gate	2026-03-20T21:11:34.3597593Z   ...key.crypto.ts |     9.3 |        0 |       0 |      10 | 24-98             
Quality Gates	Run coverage gate	2026-03-20T21:11:34.3598022Z  ...ra/diagnostics |   85.71 |    77.77 |     100 |   85.71 |                   
Quality Gates	Run coverage gate	2026-03-20T21:11:34.3598475Z   internal-diag.ts |   85.71 |    77.77 |     100 |   85.71 | 37,44             
Quality Gates	Run coverage gate	2026-03-20T21:11:34.3598921Z  .../src/infra/env |   65.21 |    54.54 |      60 |   68.18 |                   
Quality Gates	Run coverage gate	2026-03-20T21:11:34.3599340Z   devOnly.ts       |      20 |       25 |   33.33 |      20 | 8-22              
Quality Gates	Run coverage gate	2026-03-20T21:11:34.3599749Z   require-env.ts   |   77.77 |    71.42 |     100 |   82.35 | 7-9               
Quality Gates	Run coverage gate	2026-03-20T21:11:34.3600186Z  ...c/infra/events |   85.18 |       70 |     100 |   91.66 |                   
Quality Gates	Run coverage gate	2026-03-20T21:11:34.3600614Z   ...ne.service.ts |   85.18 |       70 |     100 |   91.66 | 40,59             
Quality Gates	Run coverage gate	2026-03-20T21:11:34.3601039Z  ...src/infra/http |   60.97 |       42 |   81.81 |   63.88 |                   
Quality Gates	Run coverage gate	2026-03-20T21:11:34.3601707Z   ...r-response.ts |   60.71 |       30 |     100 |   71.42 | 49-54             
Quality Gates	Run coverage gate	2026-03-20T21:11:34.3602144Z   request-trace.ts |   61.11 |       50 |      75 |   60.78 | 34-36,137-219     
Quality Gates	Run coverage gate	2026-03-20T21:11:34.3602587Z  ...ra/idempotency |   66.66 |    83.33 |     100 |   66.66 |                   
Quality Gates	Run coverage gate	2026-03-20T21:11:34.3603035Z   ...dempotency.ts |   66.66 |    83.33 |     100 |   66.66 | ...45,53-54,60-61 
Quality Gates	Run coverage gate	2026-03-20T21:11:34.3603462Z  .../src/infra/log |    87.5 |     82.5 |   77.77 |   88.57 |                   
Quality Gates	Run coverage gate	2026-03-20T21:11:34.3603876Z   logger.ts        |    87.5 |     82.5 |   77.77 |   88.57 | 69,73,87,107      
Quality Gates	Run coverage gate	2026-03-20T21:11:34.3604432Z  .../observability |    8.72 |     4.83 |      16 |    9.09 |                   
Quality Gates	Run coverage gate	2026-03-20T21:11:34.3604850Z   sentry.ts        |    8.72 |     4.83 |      16 |    9.09 | ...95-302,313-325 
Quality Gates	Run coverage gate	2026-03-20T21:11:34.3605267Z  .../src/infra/pii |   84.41 |    67.64 |     100 |   84.21 |                   
Quality Gates	Run coverage gate	2026-03-20T21:11:34.3605684Z   crypto.ts        |   82.92 |     62.5 |     100 |   82.92 | 16-20,30,58,64    
Quality Gates	Run coverage gate	2026-03-20T21:11:34.3606101Z   phone.ts         |   86.11 |    72.22 |     100 |   85.71 | 11,24,29,51,61    
Quality Gates	Run coverage gate	2026-03-20T21:11:34.3606522Z  ...fra/rate-limit |   87.09 |       85 |     100 |   87.09 |                   
Quality Gates	Run coverage gate	2026-03-20T21:11:34.3606955Z   ...te-limiter.ts |   87.09 |       85 |     100 |   87.09 | 31,34,80-86       
Quality Gates	Run coverage gate	2026-03-20T21:11:34.3607392Z  ...a/repositories |   24.35 |    27.85 |   24.09 |   24.77 |                   
Quality Gates	Run coverage gate	2026-03-20T21:11:34.3607833Z   ...repository.ts |   72.22 |    72.72 |     100 |   68.75 | 44-51,75,114-115  
Quality Gates	Run coverage gate	2026-03-20T21:11:34.3608265Z   ...repository.ts |    2.38 |        0 |       0 |     2.5 | 10-163            
Quality Gates	Run coverage gate	2026-03-20T21:11:34.3608698Z   ...repository.ts |   10.76 |     9.09 |    8.33 |   11.86 | 39-228            
Quality Gates	Run coverage gate	2026-03-20T21:11:34.3609127Z   ...repository.ts |   71.42 |    88.88 |      50 |   71.42 | 56-65,74-75       
Quality Gates	Run coverage gate	2026-03-20T21:11:34.3609559Z   ...repository.ts |   45.71 |     43.9 |   54.54 |   44.77 | ...17-186,241-276 
Quality Gates	Run coverage gate	2026-03-20T21:11:34.3609990Z   ...repository.ts |   23.33 |        8 |      20 |   23.33 | 17,38-131         
Quality Gates	Run coverage gate	2026-03-20T21:11:34.3610409Z   ...repository.ts |   46.93 |       50 |      40 |   47.91 | ...,68,72,129-165 
Quality Gates	Run coverage gate	2026-03-20T21:11:34.3610900Z   ...repository.ts |   11.76 |        0 |   33.33 |   15.38 | 9-39              
Quality Gates	Run coverage gate	2026-03-20T21:11:34.3611698Z   ...repository.ts |    7.69 |        0 |       0 |    7.69 | 8-66              
Quality Gates	Run coverage gate	2026-03-20T21:11:34.3612274Z   ...repository.ts |    7.95 |    13.04 |   11.11 |    8.33 | 29-63,85-288      
Quality Gates	Run coverage gate	2026-03-20T21:11:34.3629080Z   ...repository.ts |   25.64 |     6.25 |   28.57 |   27.02 | ...15-119,133-183 
Quality Gates	Run coverage gate	2026-03-20T21:11:34.3629912Z   ...repository.ts |    4.34 |        0 |       0 |    4.34 | 9-68              
Quality Gates	Run coverage gate	2026-03-20T21:11:34.3630745Z  ...infra/security |   71.42 |    60.71 |      85 |   73.49 |                   
Quality Gates	Run coverage gate	2026-03-20T21:11:34.3631712Z   ...it-breaker.ts |   97.22 |       90 |     100 |     100 | 39,76             
Quality Gates	Run coverage gate	2026-03-20T21:11:34.3632654Z   ...mer-guards.ts |      80 |    85.71 |     100 |      80 | 11                
Quality Gates	Run coverage gate	2026-03-20T21:11:34.3633563Z   ...buted-lock.ts |    72.5 |    65.38 |     100 |   73.68 | ...53,72,76-77,81 
Quality Gates	Run coverage gate	2026-03-20T21:11:34.3634465Z   encryption.ts    |   76.47 |    52.94 |     100 |   81.25 | 12-16,21,63,69    
Quality Gates	Run coverage gate	2026-03-20T21:11:34.3635311Z   rate-limiter.ts  |   68.18 |    56.52 |   81.81 |   70.31 | ...70-372,392-399 
Quality Gates	Run coverage gate	2026-03-20T21:11:34.3636149Z   ...t-resolver.ts |    8.33 |        0 |       0 |    8.33 | 15-44             
Quality Gates	Run coverage gate	2026-03-20T21:11:34.3636961Z  ...src/infra/time |   82.75 |    61.29 |   91.66 |   83.33 |                   
Quality Gates	Run coverage gate	2026-03-20T21:11:34.3637743Z   window.ts        |   82.75 |    61.29 |   91.66 |   83.33 | ...4,74,84,94,108 
Quality Gates	Run coverage gate	2026-03-20T21:11:34.3638509Z  ...dstore/src/lib |      50 |    29.16 |      60 |   46.66 |                   
Quality Gates	Run coverage gate	2026-03-20T21:11:34.3639108Z   phone.ts         |     100 |      100 |     100 |     100 |                   
Quality Gates	Run coverage gate	2026-03-20T21:11:34.3639543Z   utils.ts         |     100 |      100 |     100 |     100 |                   
Quality Gates	Run coverage gate	2026-03-20T21:11:34.3639977Z   validation.ts    |    23.8 |       15 |      20 |    23.8 | 19-56,67,81-87    
Quality Gates	Run coverage gate	2026-03-20T21:11:34.3640430Z  ...rc/lib/actions |   76.54 |    44.82 |   85.71 |   83.78 |                   
Quality Gates	Run coverage gate	2026-03-20T21:11:34.3640893Z   action-engine.ts |   73.23 |    44.82 |   83.33 |   81.25 | ...22-239,269-283 
Quality Gates	Run coverage gate	2026-03-20T21:11:34.3641634Z   action-types.ts  |     100 |      100 |     100 |     100 |                   
Quality Gates	Run coverage gate	2026-03-20T21:11:34.3642117Z  ...src/lib/events |   91.42 |    81.81 |     100 |   91.42 |                   
Quality Gates	Run coverage gate	2026-03-20T21:11:34.3642578Z   event-domains.ts |     100 |      100 |     100 |     100 |                   
Quality Gates	Run coverage gate	2026-03-20T21:11:34.3643231Z   ...-event-bus.ts |   88.46 |    81.81 |     100 |   88.46 | 45,48,65          
Quality Gates	Run coverage gate	2026-03-20T21:11:34.3643695Z  ...lib/formatters |      25 |    33.33 |   18.18 |      25 |                   
Quality Gates	Run coverage gate	2026-03-20T21:11:34.3644158Z   ...p-response.ts |      25 |    33.33 |   18.18 |      25 | 15,25-40,54-88    
Quality Gates	Run coverage gate	2026-03-20T21:11:34.3644609Z  ...lib/governance |   93.75 |    82.85 |   88.88 |   93.75 |                   
Quality Gates	Run coverage gate	2026-03-20T21:11:34.3645061Z   ...ermissions.ts |     100 |      100 |     100 |     100 |                   
Quality Gates	Run coverage gate	2026-03-20T21:11:34.3645508Z   ...a-contract.ts |      90 |    81.81 |   85.71 |      90 | 29-30             
Quality Gates	Run coverage gate	2026-03-20T21:11:34.3645960Z  ...e/src/lib/http |   89.36 |    82.45 |   94.11 |   88.88 |                   
Quality Gates	Run coverage gate	2026-03-20T21:11:34.3646415Z   payload-guard.ts |   93.54 |    85.71 |     100 |   93.33 | 21,90             
Quality Gates	Run coverage gate	2026-03-20T21:11:34.3646865Z   ...ate-schema.ts |     100 |       75 |     100 |     100 | 19                
Quality Gates	Run coverage gate	2026-03-20T21:11:34.3647309Z   ...-audit-log.ts |   73.33 |      100 |     100 |   73.33 | 38-55             
Quality Gates	Run coverage gate	2026-03-20T21:11:34.3647741Z   ...buted-lock.ts |    62.5 |        0 |     100 |   57.14 | 27-30             
Quality Gates	Run coverage gate	2026-03-20T21:11:34.3648177Z   ...dempotency.ts |   94.44 |    71.42 |   66.66 |   94.44 | 43                
Quality Gates	Run coverage gate	2026-03-20T21:11:34.3648611Z   ...-json-body.ts |     100 |      100 |     100 |     100 |                   
Quality Gates	Run coverage gate	2026-03-20T21:11:34.3649040Z   ...protection.ts |     100 |      100 |     100 |     100 |                   
Quality Gates	Run coverage gate	2026-03-20T21:11:34.3649477Z  .../src/lib/infra |   86.73 |    56.81 |   88.88 |   87.77 |                   
Quality Gates	Run coverage gate	2026-03-20T21:11:34.3650059Z   ...buted-lock.ts |   90.47 |      100 |     100 |   90.47 | 34-35             
Quality Gates	Run coverage gate	2026-03-20T21:11:34.3650480Z   errors.ts        |     100 |      100 |     100 |     100 |                   
Quality Gates	Run coverage gate	2026-03-20T21:11:34.3650891Z   lock-keys.ts     |      75 |      100 |      75 |      75 | 6                 
Quality Gates	Run coverage gate	2026-03-20T21:11:34.3651506Z   ...-integrity.ts |   85.71 |     52.5 |     100 |   87.09 | ...20-121,137-142 
Quality Gates	Run coverage gate	2026-03-20T21:11:34.3651948Z  ...rc/lib/metrics |     100 |       75 |     100 |     100 |                   
Quality Gates	Run coverage gate	2026-03-20T21:11:34.3652384Z   ...ics-engine.ts |     100 |       75 |     100 |     100 | 80                
Quality Gates	Run coverage gate	2026-03-20T21:11:34.3652822Z  .../src/lib/phone |   74.19 |    62.85 |     100 |   77.77 |                   
Quality Gates	Run coverage gate	2026-03-20T21:11:34.3653256Z   ...lize-phone.ts |   74.19 |    62.85 |     100 |   77.77 | 32-41             
Quality Gates	Run coverage gate	2026-03-20T21:11:34.3653697Z  ...lib/resilience |   77.27 |    79.48 |   66.66 |   77.27 |                   
Quality Gates	Run coverage gate	2026-03-20T21:11:34.3654153Z   ...it-breaker.ts |   76.19 |    78.37 |   64.28 |   76.19 | 118,139-173       
Quality Gates	Run coverage gate	2026-03-20T21:11:34.3654574Z   errors.ts        |     100 |      100 |     100 |     100 |                   
Quality Gates	Run coverage gate	2026-03-20T21:11:34.3654997Z  ...c/lib/security |   86.72 |    70.88 |   81.25 |   88.07 |                   
Quality Gates	Run coverage gate	2026-03-20T21:11:34.3655439Z   ...y-detector.ts |     100 |    64.28 |     100 |     100 | 37,48-49          
Quality Gates	Run coverage gate	2026-03-20T21:11:34.3655884Z   edge-logger.ts   |   58.33 |    55.55 |      50 |   66.66 | 14,20-21          
Quality Gates	Run coverage gate	2026-03-20T21:11:34.3656324Z   idempotency.ts   |      84 |       75 |     100 |      84 | 62,90-91,126      
Quality Gates	Run coverage gate	2026-03-20T21:11:34.3656794Z   ...protection.ts |   95.45 |       75 |     100 |   95.45 | 46                
Quality Gates	Run coverage gate	2026-03-20T21:11:34.3657233Z   ...-audit-log.ts |     100 |       70 |     100 |     100 | 24-35,47          
Quality Gates	Run coverage gate	2026-03-20T21:11:34.3657672Z   safe-compare.ts  |     100 |      100 |     100 |     100 |                   
Quality Gates	Run coverage gate	2026-03-20T21:11:34.3658112Z   ...ook-dedupe.ts |      75 |      100 |     100 |      75 | 33-39             
Quality Gates	Run coverage gate	2026-03-20T21:11:34.3658534Z   ...k-verifier.ts |   78.57 |       50 |      50 |   78.57 | 12-16,37          
Quality Gates	Run coverage gate	2026-03-20T21:11:34.3658969Z  ...rc/lib/supreme |   80.76 |    57.36 |   82.35 |    88.5 |                   
Quality Gates	Run coverage gate	2026-03-20T21:11:34.3659408Z   ...ark-engine.ts |   83.54 |    68.08 |     100 |   90.76 | ...52-154,157-158 
Quality Gates	Run coverage gate	2026-03-20T21:11:34.3659977Z   ...gmentation.ts |   71.42 |    16.66 |     100 |   66.66 | 25-26             
Quality Gates	Run coverage gate	2026-03-20T21:11:34.3660414Z   ...o-analyzer.ts |   75.64 |       50 |      50 |   84.05 | ...35-137,223-237 
Quality Gates	Run coverage gate	2026-03-20T21:11:34.3660838Z   ...ook-engine.ts |   86.36 |    68.75 |     100 |   97.05 | 54                
Quality Gates	Run coverage gate	2026-03-20T21:11:34.3661460Z  ...ules/analytics |      80 |     87.5 |     100 |      80 |                   
Quality Gates	Run coverage gate	2026-03-20T21:11:34.3661961Z   ...cs.service.ts |      80 |     87.5 |     100 |      80 | 27,58             
Quality Gates	Run coverage gate	2026-03-20T21:11:34.3662395Z  ...es/atendimento |    68.4 |    55.31 |      45 |   70.72 |                   
Quality Gates	Run coverage gate	2026-03-20T21:11:34.3662845Z   ...repository.ts |     7.4 |     4.54 |   13.33 |    7.29 | ...48-287,318-398 
Quality Gates	Run coverage gate	2026-03-20T21:11:34.3663283Z   ...on.service.ts |   51.11 |    53.65 |   13.33 |      50 | 20-140            
Quality Gates	Run coverage gate	2026-03-20T21:11:34.3663719Z   ...te.service.ts |   85.33 |    61.64 |      75 |   88.57 | ...36,282,307,325 
Quality Gates	Run coverage gate	2026-03-20T21:11:34.3664153Z   ...cs.service.ts |   80.64 |    53.33 |   66.66 |   85.18 | 186-193           
Quality Gates	Run coverage gate	2026-03-20T21:11:34.3664593Z   order.service.ts |   87.77 |    66.66 |      50 |   90.58 | ...22,181,262-273 
Quality Gates	Run coverage gate	2026-03-20T21:11:34.3665029Z   ...cs.service.ts |     100 |      100 |     100 |     100 |                   
Quality Gates	Run coverage gate	2026-03-20T21:11:34.3665456Z   ...or.service.ts |   93.75 |    71.53 |     100 |    94.4 | ...13,139-142,268 
Quality Gates	Run coverage gate	2026-03-20T21:11:34.3665889Z   ...ply-policy.ts |     100 |      100 |     100 |     100 |                   
Quality Gates	Run coverage gate	2026-03-20T21:11:34.3666324Z  .../modules/audit |    9.09 |        0 |       0 |    9.09 |                   
Quality Gates	Run coverage gate	2026-03-20T21:11:34.3666885Z   audit.actions.ts |       0 |        0 |       0 |       0 | 11-24             
Quality Gates	Run coverage gate	2026-03-20T21:11:34.3667319Z   audit.service.ts |   16.66 |        0 |       0 |   16.66 | 17-33             
Quality Gates	Run coverage gate	2026-03-20T21:11:34.3667744Z   ...it.service.ts |    12.5 |        0 |       0 |    12.5 | 24-51             
Quality Gates	Run coverage gate	2026-03-20T21:11:34.3668167Z  ...odules/billing |       0 |        0 |       0 |       0 |                   
Quality Gates	Run coverage gate	2026-03-20T21:11:34.3668578Z   index.ts         |       0 |        0 |       0 |       0 |                   
Quality Gates	Run coverage gate	2026-03-20T21:11:34.3668991Z  ...billing/guards |       0 |        0 |       0 |       0 |                   
Quality Gates	Run coverage gate	2026-03-20T21:11:34.3669414Z   ...ActivePlan.ts |       0 |        0 |       0 |       0 | 17-66             
Quality Gates	Run coverage gate	2026-03-20T21:11:34.3669848Z  ...lling/services |    83.7 |    66.66 |   86.66 |   88.34 |                   
Quality Gates	Run coverage gate	2026-03-20T21:11:34.3670284Z   ...ng.service.ts |   69.04 |     62.5 |      60 |   74.35 | 62-96,239-241     
Quality Gates	Run coverage gate	2026-03-20T21:11:34.3670714Z   ...ile-stripe.ts |      96 |       80 |     100 |      96 | 57                
Quality Gates	Run coverage gate	2026-03-20T21:11:34.3671145Z   ...ok.service.ts |   86.48 |    64.15 |     100 |   91.91 | 21,23-32,195-196  
Quality Gates	Run coverage gate	2026-03-20T21:11:34.3671848Z  ...odules/catalog |    3.84 |        0 |       0 |       4 |                   
Quality Gates	Run coverage gate	2026-03-20T21:11:34.3672283Z   ...og.service.ts |    3.84 |        0 |       0 |       4 | 25-62,82-132      
Quality Gates	Run coverage gate	2026-03-20T21:11:34.3672721Z  ...dules/clientes |     100 |      100 |     100 |     100 |                   
Quality Gates	Run coverage gate	2026-03-20T21:11:34.3673137Z   index.ts         |       0 |        0 |       0 |       0 |                   
Quality Gates	Run coverage gate	2026-03-20T21:11:34.3673541Z   mock-data.ts     |     100 |      100 |     100 |     100 |                   
Quality Gates	Run coverage gate	2026-03-20T21:11:34.3673974Z  ...tes/components |       0 |      100 |       0 |       0 |                   
Quality Gates	Run coverage gate	2026-03-20T21:11:34.3674412Z   client-tags.tsx  |       0 |      100 |       0 |       0 | 4-7               
Quality Gates	Run coverage gate	2026-03-20T21:11:34.3674851Z  ...odules/cockpit |     100 |       40 |     100 |     100 |                   
Quality Gates	Run coverage gate	2026-03-20T21:11:34.3675268Z   index.ts         |       0 |        0 |       0 |       0 |                   
Quality Gates	Run coverage gate	2026-03-20T21:11:34.3675676Z   mock-data.ts     |     100 |       40 |     100 |     100 | 24-34             
Quality Gates	Run coverage gate	2026-03-20T21:11:34.3676100Z  ...pit/components |       4 |        0 |       0 |       4 |                   
Quality Gates	Run coverage gate	2026-03-20T21:11:34.3676674Z   action-grid.tsx  |       0 |        0 |       0 |       0 | 8-24              
Quality Gates	Run coverage gate	2026-03-20T21:11:34.3677108Z   action-queue.tsx |      20 |        0 |       0 |      20 | 16-52             
Quality Gates	Run coverage gate	2026-03-20T21:11:34.3677547Z   alerts-panel.tsx |       0 |        0 |       0 |       0 | 7-31              
Quality Gates	Run coverage gate	2026-03-20T21:11:34.3677981Z   event-feed.tsx   |       0 |        0 |       0 |       0 | 6-20              
Quality Gates	Run coverage gate	2026-03-20T21:11:34.3678402Z   kpi-strip.tsx    |       0 |        0 |       0 |       0 | 6                 
Quality Gates	Run coverage gate	2026-03-20T21:11:34.3678819Z   ...em-status.tsx |       0 |        0 |       0 |       0 | 6-48              
Quality Gates	Run coverage gate	2026-03-20T21:11:34.3679259Z  ...s/cockpit/data |   89.47 |    69.23 |      75 |   88.23 |                   
Quality Gates	Run coverage gate	2026-03-20T21:11:34.3679697Z   ...pit-alerts.ts |   89.47 |    69.23 |      75 |   88.23 | 36,106            
Quality Gates	Run coverage gate	2026-03-20T21:11:34.3680136Z  ...ckpit/launcher |    82.5 |    57.69 |   85.71 |   82.85 |                   
Quality Gates	Run coverage gate	2026-03-20T21:11:34.3680580Z   ...s.registry.ts |     100 |      100 |     100 |     100 |                   
Quality Gates	Run coverage gate	2026-03-20T21:11:34.3681018Z   tiles.service.ts |   80.55 |    57.69 |   85.71 |   80.64 | 40-43,49,59,70,73 
Quality Gates	Run coverage gate	2026-03-20T21:11:34.3681679Z  .../cockpit/rooms |     100 |      100 |     100 |     100 |                   
Quality Gates	Run coverage gate	2026-03-20T21:11:34.3682118Z   ...s.registry.ts |     100 |      100 |     100 |     100 |                   
Quality Gates	Run coverage gate	2026-03-20T21:11:34.3682535Z   ...s.registry.ts |     100 |      100 |     100 |     100 |                   
Quality Gates	Run coverage gate	2026-03-20T21:11:34.3682964Z  ...modules/config |      25 |     37.5 |      20 |   25.58 |                   
Quality Gates	Run coverage gate	2026-03-20T21:11:34.3683540Z   ...repository.ts |    4.34 |        0 |       0 |    4.54 | 8-96              
Quality Gates	Run coverage gate	2026-03-20T21:11:34.3683968Z   ...ig.service.ts |      45 |       60 |      40 |      45 | 31-53             
Quality Gates	Run coverage gate	2026-03-20T21:11:34.3684397Z   config.types.ts  |     100 |      100 |     100 |     100 |                   
Quality Gates	Run coverage gate	2026-03-20T21:11:34.3684841Z  ...otacao-publica |     100 |    83.33 |     100 |     100 |                   
Quality Gates	Run coverage gate	2026-03-20T21:11:34.3685295Z   sanitization.ts  |     100 |    83.33 |     100 |     100 | 30,44             
Quality Gates	Run coverage gate	2026-03-20T21:11:34.3685727Z  ...rc/modules/crm |   52.25 |    58.97 |      40 |   53.21 |                   
Quality Gates	Run coverage gate	2026-03-20T21:11:34.3686163Z   ...repository.ts |   36.36 |    47.05 |      36 |   36.36 | ...72-273,292-293 
Quality Gates	Run coverage gate	2026-03-20T21:11:34.3686595Z   crm.service.ts   |   75.55 |    68.18 |      60 |   79.06 | ...78,205-209,267 
Quality Gates	Run coverage gate	2026-03-20T21:11:34.3687007Z   server.ts        |       0 |        0 |       0 |       0 |                   
Quality Gates	Run coverage gate	2026-03-20T21:11:34.3687427Z  .../custom-fields |   34.21 |    27.27 |      30 |   34.28 |                   
Quality Gates	Run coverage gate	2026-03-20T21:11:34.3687865Z   ...ds.service.ts |   26.47 |    27.27 |      30 |    25.8 | 21-73             
Quality Gates	Run coverage gate	2026-03-20T21:11:34.3688294Z   ...elds.types.ts |     100 |      100 |     100 |     100 |                   
Quality Gates	Run coverage gate	2026-03-20T21:11:34.3688733Z  ...ules/customers |   82.05 |    72.72 |     100 |   88.57 |                   
Quality Gates	Run coverage gate	2026-03-20T21:11:34.3689162Z   ...on.service.ts |   82.05 |    72.72 |     100 |   88.57 | 119-123           
Quality Gates	Run coverage gate	2026-03-20T21:11:34.3689599Z  ...ntity-resolver |   73.68 |    54.54 |      75 |   72.22 |                   
Quality Gates	Run coverage gate	2026-03-20T21:11:34.3690032Z   ...er.service.ts |   73.68 |    54.54 |      75 |   72.22 | ...,68-75,137-146 
Quality Gates	Run coverage gate	2026-03-20T21:11:34.3690461Z  ...modules/domine |   72.72 |       70 |     100 |   73.33 |                   
Quality Gates	Run coverage gate	2026-03-20T21:11:34.3690884Z   ...us.service.ts |   94.44 |     87.5 |     100 |   94.11 | 61                
Quality Gates	Run coverage gate	2026-03-20T21:11:34.3691453Z   ...-processor.ts |   46.66 |       50 |     100 |   46.15 | 20-34             
Quality Gates	Run coverage gate	2026-03-20T21:11:34.3691912Z  ...modules/finops |     100 |      100 |     100 |     100 |                   
Quality Gates	Run coverage gate	2026-03-20T21:11:34.3692350Z   cache-keys.ts    |     100 |      100 |     100 |     100 |                   
Quality Gates	Run coverage gate	2026-03-20T21:11:34.3692753Z   index.ts         |       0 |        0 |       0 |       0 |                   
Quality Gates	Run coverage gate	2026-03-20T21:11:34.3693293Z  ...inops/services |   76.42 |    52.38 |   93.33 |   76.69 |                   
Quality Gates	Run coverage gate	2026-03-20T21:11:34.3693731Z   ...et.service.ts |     100 |    68.96 |     100 |     100 | 88,119-143        
Quality Gates	Run coverage gate	2026-03-20T21:11:34.3694149Z   ...et.service.ts |      96 |       50 |     100 |   95.83 | 115               
Quality Gates	Run coverage gate	2026-03-20T21:11:34.3694564Z   ...nt.service.ts |    61.9 |    45.16 |   83.33 |   63.41 | ...82,188,193-194 
Quality Gates	Run coverage gate	2026-03-20T21:11:34.3694997Z  ...finops/workers |    4.08 |        0 |       0 |    4.25 |                   
Quality Gates	Run coverage gate	2026-03-20T21:11:34.3695426Z   ...ion.worker.ts |    4.08 |        0 |       0 |    4.25 | 63-315            
Quality Gates	Run coverage gate	2026-03-20T21:11:34.3695864Z  .../modules/frank |   72.33 |    57.98 |   71.64 |   72.17 |                   
Quality Gates	Run coverage gate	2026-03-20T21:11:34.3696296Z   ...-contracts.ts |      95 |      100 |       0 |      95 | 156               
Quality Gates	Run coverage gate	2026-03-20T21:11:34.3696724Z   ...onse-guard.ts |    87.5 |     87.5 |     100 |    87.5 | 28                
Quality Gates	Run coverage gate	2026-03-20T21:11:34.3697166Z   cep-extractor.ts |   69.23 |       50 |     100 |   77.77 | 18,28             
Quality Gates	Run coverage gate	2026-03-20T21:11:34.3697610Z   ...on-control.ts |   98.03 |    92.45 |     100 |   97.91 | 237               
Quality Gates	Run coverage gate	2026-03-20T21:11:34.3698042Z   ...y-resolver.ts |   97.22 |    86.36 |     100 |     100 | ...37,156,192,195 
Quality Gates	Run coverage gate	2026-03-20T21:11:34.3698469Z   ...cs.service.ts |      80 |    65.59 |    92.1 |   80.15 | ...72,399,466-499 
Quality Gates	Run coverage gate	2026-03-20T21:11:34.3698892Z   ...xt-builder.ts |     100 |    70.27 |     100 |     100 | ...32-146,149-200 
Quality Gates	Run coverage gate	2026-03-20T21:11:34.3699322Z   frank.schema.ts  |     100 |      100 |     100 |     100 |                   
Quality Gates	Run coverage gate	2026-03-20T21:11:34.3699914Z   frank.service.ts |   34.37 |        0 |   33.33 |   34.37 | 69-151            
Quality Gates	Run coverage gate	2026-03-20T21:11:34.3700343Z   ...uggestions.ts |      20 |       25 |       0 |      20 | 33-69             
Quality Gates	Run coverage gate	2026-03-20T21:11:34.3700748Z   index.ts         |       0 |        0 |       0 |       0 |                   
Quality Gates	Run coverage gate	2026-03-20T21:11:34.3701161Z   ...t-resolver.ts |   95.71 |       90 |     100 |   95.45 | 132,177,231       
Quality Gates	Run coverage gate	2026-03-20T21:11:34.3701700Z   ...t-resolver.ts |      75 |     62.5 |     100 |   85.71 | 19                
Quality Gates	Run coverage gate	2026-03-20T21:11:34.3702118Z   server.ts        |       0 |        0 |       0 |       0 |                   
Quality Gates	Run coverage gate	2026-03-20T21:11:34.3702532Z   ...chestrator.ts |   55.65 |       50 |   36.73 |   56.09 | ...1494,1518-1675 
Quality Gates	Run coverage gate	2026-03-20T21:11:34.3702966Z  .../frank/actions |       0 |        0 |       0 |       0 |                   
Quality Gates	Run coverage gate	2026-03-20T21:11:34.3703385Z   ...nd-palette.ts |       0 |        0 |       0 |       0 | 13-91             
Quality Gates	Run coverage gate	2026-03-20T21:11:34.3703797Z   review.ts        |       0 |        0 |       0 |       0 | 23-193            
Quality Gates	Run coverage gate	2026-03-20T21:11:34.3704218Z  .../intent-linker |   90.47 |       75 |     100 |   90.47 |                   
Quality Gates	Run coverage gate	2026-03-20T21:11:34.3704649Z   ...er.service.ts |   89.47 |       75 |     100 |   89.47 | 16,36             
Quality Gates	Run coverage gate	2026-03-20T21:11:34.3705072Z   ...nker.types.ts |     100 |      100 |     100 |     100 |                   
Quality Gates	Run coverage gate	2026-03-20T21:11:34.3705513Z  .../frank/intents |   70.73 |       60 |      50 |   74.35 |                   
Quality Gates	Run coverage gate	2026-03-20T21:11:34.3705950Z   intent.events.ts |     100 |      100 |      50 |     100 |                   
Quality Gates	Run coverage gate	2026-03-20T21:11:34.3706378Z   ...repository.ts |   30.76 |        0 |      25 |   30.76 | 16-60             
Quality Gates	Run coverage gate	2026-03-20T21:11:34.3706798Z   ...nt.service.ts |      88 |    66.66 |      75 |   95.65 | 76                
Quality Gates	Run coverage gate	2026-03-20T21:11:34.3707234Z  ...rank/knowledge |     100 |      100 |   66.66 |     100 |                   
Quality Gates	Run coverage gate	2026-03-20T21:11:34.3707662Z   ...ge.service.ts |     100 |      100 |   66.66 |     100 |                   
Quality Gates	Run coverage gate	2026-03-20T21:11:34.3708098Z  ...s/frank/memory |    90.9 |      100 |     100 |    90.9 |                   
Quality Gates	Run coverage gate	2026-03-20T21:11:34.3708521Z   ...ry.service.ts |    90.9 |      100 |     100 |    90.9 | 61                
Quality Gates	Run coverage gate	2026-03-20T21:11:34.3708952Z  ...rank/playbooks |   91.66 |       80 |     100 |     100 |                   
Quality Gates	Run coverage gate	2026-03-20T21:11:34.3709388Z   ...repository.ts |     100 |     90.9 |     100 |     100 | 47-76             
Quality Gates	Run coverage gate	2026-03-20T21:11:34.3709967Z   ...ok.service.ts |   84.21 |    71.42 |     100 |     100 | 42-55,59-60,62    
Quality Gates	Run coverage gate	2026-03-20T21:11:34.3710396Z  ...frank/services |    1.51 |        0 |       0 |    1.53 |                   
Quality Gates	Run coverage gate	2026-03-20T21:11:34.3710821Z   ...ed.service.ts |    1.51 |        0 |       0 |    1.53 | 27-127,132-163    
Quality Gates	Run coverage gate	2026-03-20T21:11:34.3711369Z  ...nk/suggestions |   91.89 |    77.77 |   58.33 |   97.05 |                   
Quality Gates	Run coverage gate	2026-03-20T21:11:34.3711813Z   ...ion.events.ts |     100 |      100 |      50 |     100 |                   
Quality Gates	Run coverage gate	2026-03-20T21:11:34.3712246Z   ...on.service.ts |   89.65 |    77.77 |      75 |   96.15 | 97                
Quality Gates	Run coverage gate	2026-03-20T21:11:34.3712667Z   ...tion.types.ts |     100 |      100 |     100 |     100 |                   
Quality Gates	Run coverage gate	2026-03-20T21:11:34.3713099Z  ...es/frank/tools |   52.63 |    83.33 |      50 |   52.63 |                   
Quality Gates	Run coverage gate	2026-03-20T21:11:34.3713525Z   ...quote.tool.ts |       0 |      100 |       0 |       0 | 25-56             
Quality Gates	Run coverage gate	2026-03-20T21:11:34.3713949Z   tool-guard.ts    |    90.9 |    83.33 |      75 |    90.9 | 28                
Quality Gates	Run coverage gate	2026-03-20T21:11:34.3714377Z  ...ools/read-only |       0 |        0 |       0 |       0 |                   
Quality Gates	Run coverage gate	2026-03-20T21:11:34.3714797Z   ...uotes.tool.ts |       0 |        0 |       0 |       0 | 23-92             
Quality Gates	Run coverage gate	2026-03-20T21:11:34.3715219Z  .../frank/workers |      90 |    64.28 |     100 |      90 |                   
Quality Gates	Run coverage gate	2026-03-20T21:11:34.3715656Z   frank-worker.ts  |      90 |    64.28 |     100 |      90 | 33,110-111        
Quality Gates	Run coverage gate	2026-03-20T21:11:34.3716095Z  ...odules/freight |    4.57 |        2 |    7.14 |     4.6 |                   
Quality Gates	Run coverage gate	2026-03-20T21:11:34.3716680Z   ...ier-router.ts |      20 |        0 |       0 |      20 | 47-87             
Quality Gates	Run coverage gate	2026-03-20T21:11:34.3717114Z   freight-audit.ts |       0 |        0 |       0 |       0 | 17-283            
Quality Gates	Run coverage gate	2026-03-20T21:11:34.3717545Z   ...ht.service.ts |    1.44 |        0 |       0 |    1.44 | 30-326            
Quality Gates	Run coverage gate	2026-03-20T21:11:34.3717982Z   freight.types.ts |     100 |      100 |     100 |     100 |                   
Quality Gates	Run coverage gate	2026-03-20T21:11:34.3718417Z   ...g-resolver.ts |       0 |        0 |       0 |       0 | 60-213            
Quality Gates	Run coverage gate	2026-03-20T21:11:34.3718839Z   ...repository.ts |       0 |        0 |       0 |       0 | 9-44              
Quality Gates	Run coverage gate	2026-03-20T21:11:34.3719270Z   quote-engine.ts  |   10.41 |        0 |   16.66 |   11.62 | ...3,53-67,80-163 
Quality Gates	Run coverage gate	2026-03-20T21:11:34.3719684Z   server.ts        |       0 |        0 |       0 |       0 |                   
Quality Gates	Run coverage gate	2026-03-20T21:11:34.3720099Z   ...repository.ts |   22.22 |    57.14 |   14.28 |   22.22 | 11-38,66-72       
Quality Gates	Run coverage gate	2026-03-20T21:11:34.3720531Z   ...en-adapter.ts |       0 |        0 |       0 |       0 | 47-257            
Quality Gates	Run coverage gate	2026-03-20T21:11:34.3720962Z  ...eight/adapters |    1.96 |        0 |       0 |    2.12 |                   
Quality Gates	Run coverage gate	2026-03-20T21:11:34.3721551Z   ...o-shipment.ts |    1.96 |        0 |       0 |    2.12 | 57-241            
Quality Gates	Run coverage gate	2026-03-20T21:11:34.3722022Z  ...modules/funnel |     100 |    94.44 |     100 |     100 |                   
Quality Gates	Run coverage gate	2026-03-20T21:11:34.3722485Z   ...repository.ts |     100 |    94.44 |     100 |     100 | 75                
Quality Gates	Run coverage gate	2026-03-20T21:11:34.3722942Z  ...nance/analysis |   73.68 |       50 |     100 |    87.5 |                   
Quality Gates	Run coverage gate	2026-03-20T21:11:34.3723382Z   ...recurrence.ts |   73.68 |       50 |     100 |    87.5 | 32,54             
Quality Gates	Run coverage gate	2026-03-20T21:11:34.3723825Z  ...ules/knowledge |   71.17 |    63.63 |   85.71 |   71.96 |                   
Quality Gates	Run coverage gate	2026-03-20T21:11:34.3724264Z   ...er-builder.ts |   59.09 |    66.66 |     100 |   57.14 | 23-24,47-69,76-77 
Quality Gates	Run coverage gate	2026-03-20T21:11:34.3724697Z   chunker.ts       |   96.29 |     62.5 |     100 |     100 | 31-34,69-76       
Quality Gates	Run coverage gate	2026-03-20T21:11:34.3725121Z   ...tion-guard.ts |     100 |      100 |     100 |     100 |                   
Quality Gates	Run coverage gate	2026-03-20T21:11:34.3725535Z   rbac.ts          |   22.22 |    16.66 |      50 |   22.22 | 55-75             
Quality Gates	Run coverage gate	2026-03-20T21:11:34.3725942Z   ...al.service.ts |    61.9 |    69.23 |     100 |      65 | 56,64-68,82-83    
Quality Gates	Run coverage gate	2026-03-20T21:11:34.3726486Z   storage.ts       |   68.18 |    71.42 |   66.66 |   68.18 | 42,49,82-93       
Quality Gates	Run coverage gate	2026-03-20T21:11:34.3726913Z  ...owledge/vector |   50.98 |       50 |   45.45 |   51.06 |                   
Quality Gates	Run coverage gate	2026-03-20T21:11:34.3727348Z   ...ne-adapter.ts |   83.87 |    69.23 |   71.42 |   85.71 | 26,93-99          
Quality Gates	Run coverage gate	2026-03-20T21:11:34.3727769Z   ...or-adapter.ts |       0 |        0 |       0 |       0 | 13-97             
Quality Gates	Run coverage gate	2026-03-20T21:11:34.3728204Z  ...ules/logistica |     100 |      100 |     100 |     100 |                   
Quality Gates	Run coverage gate	2026-03-20T21:11:34.3728641Z   mock-data.ts     |     100 |      100 |     100 |     100 |                   
Quality Gates	Run coverage gate	2026-03-20T21:11:34.3729081Z  ...ules/logistics |    64.7 |    44.11 |   35.71 |   63.82 |                   
Quality Gates	Run coverage gate	2026-03-20T21:11:34.3729501Z   server.ts        |       0 |        0 |       0 |       0 |                   
Quality Gates	Run coverage gate	2026-03-20T21:11:34.3729908Z   ...ent.events.ts |   16.66 |        0 |       0 |   16.66 | 11-35             
Quality Gates	Run coverage gate	2026-03-20T21:11:34.3730335Z   ...repository.ts |      40 |        0 |   33.33 |      40 | 13-18,39-49,62-63 
Quality Gates	Run coverage gate	2026-03-20T21:11:34.3730759Z   ...nt.service.ts |   86.66 |    57.69 |      50 |   88.46 | 90-108            
Quality Gates	Run coverage gate	2026-03-20T21:11:34.3731300Z  ...odules/metrics |   80.68 |    62.68 |   85.91 |   82.46 |                   
Quality Gates	Run coverage gate	2026-03-20T21:11:34.3731750Z   ...-breakdown.ts |   84.61 |    66.66 |     100 |   81.81 | 18,53-56          
Quality Gates	Run coverage gate	2026-03-20T21:11:34.3732169Z   ...he.metrics.ts |   72.72 |      100 |   66.66 |   72.72 | 56,64,72          
Quality Gates	Run coverage gate	2026-03-20T21:11:34.3732595Z   ...repository.ts |      70 |     37.5 |   66.66 |   73.07 | 41-42,62-97,154   
Quality Gates	Run coverage gate	2026-03-20T21:11:34.3733148Z   ...repository.ts |   41.02 |    31.03 |   57.14 |   41.66 | 61-69,87-181      
Quality Gates	Run coverage gate	2026-03-20T21:11:34.3733582Z   ...up.service.ts |   81.15 |    59.45 |     100 |   84.61 | ...,62,75,128,144 
Quality Gates	Run coverage gate	2026-03-20T21:11:34.3734011Z   ...ly.service.ts |   90.96 |    77.52 |   96.77 |   92.72 | ...40-144,426,467 
Quality Gates	Run coverage gate	2026-03-20T21:11:34.3734452Z  ...les/navigation |   20.51 |        0 |       0 |   22.22 |                   
Quality Gates	Run coverage gate	2026-03-20T21:11:34.3734866Z   index.ts         |       0 |        0 |       0 |       0 |                   
Quality Gates	Run coverage gate	2026-03-20T21:11:34.3735276Z   query-state.ts   |   28.57 |        0 |       0 |   29.62 | 23-102            
Quality Gates	Run coverage gate	2026-03-20T21:11:34.3735697Z   ...tion-utils.ts |       0 |        0 |       0 |       0 | 16-30             
Quality Gates	Run coverage gate	2026-03-20T21:11:34.3736125Z  ...odules/pedidos |   20.73 |    28.42 |   14.28 |   22.07 |                   
Quality Gates	Run coverage gate	2026-03-20T21:11:34.3736541Z   index.ts         |       0 |        0 |       0 |       0 |                   
Quality Gates	Run coverage gate	2026-03-20T21:11:34.3736951Z   mock-data.ts     |     100 |      100 |     100 |     100 |                   
Quality Gates	Run coverage gate	2026-03-20T21:11:34.3737372Z   order.loader.ts  |       0 |        0 |       0 |       0 | 8-39              
Quality Gates	Run coverage gate	2026-03-20T21:11:34.3737797Z   ...repository.ts |       0 |        0 |       0 |       0 | 10-104            
Quality Gates	Run coverage gate	2026-03-20T21:11:34.3738220Z   order.service.ts |       0 |        0 |       0 |       0 | 34-130            
Quality Gates	Run coverage gate	2026-03-20T21:11:34.3738656Z   orders-view.tsx  |       0 |        0 |       0 |       0 | 35-486            
Quality Gates	Run coverage gate	2026-03-20T21:11:34.3739063Z   server.ts        |       0 |        0 |       0 |       0 |                   
Quality Gates	Run coverage gate	2026-03-20T21:11:34.3739471Z  ...edidos/actions |       0 |        0 |       0 |       0 |                   
Quality Gates	Run coverage gate	2026-03-20T21:11:34.3739882Z   bulk.ts          |       0 |        0 |       0 |       0 | 21-66             
Quality Gates	Run coverage gate	2026-03-20T21:11:34.3740293Z  ...dos/components |       0 |        0 |       0 |       0 |                   
Quality Gates	Run coverage gate	2026-03-20T21:11:34.3740725Z   ...r-actions.tsx |       0 |      100 |       0 |       0 | 8                 
Quality Gates	Run coverage gate	2026-03-20T21:11:34.3741157Z   ...r-context.tsx |       0 |      100 |       0 |       0 | 8-17              
Quality Gates	Run coverage gate	2026-03-20T21:11:34.3741707Z   order-detail.tsx |       0 |      100 |       0 |       0 | 7-50              
Quality Gates	Run coverage gate	2026-03-20T21:11:34.3742138Z   ...s-context.tsx |       0 |        0 |       0 |       0 | 7-29              
Quality Gates	Run coverage gate	2026-03-20T21:11:34.3742675Z   ...-timeline.tsx |       0 |        0 |       0 |       0 | 4-20              
Quality Gates	Run coverage gate	2026-03-20T21:11:34.3743100Z   ...r-summary.tsx |       0 |        0 |       0 |       0 | 5-30              
Quality Gates	Run coverage gate	2026-03-20T21:11:34.3743534Z  ...ules/playbooks |      40 |    23.07 |   33.33 |   45.94 |                   
Quality Gates	Run coverage gate	2026-03-20T21:11:34.3743966Z   ...ok.service.ts |   54.16 |       50 |   28.57 |    61.9 | 9-25,59           
Quality Gates	Run coverage gate	2026-03-20T21:11:34.3744390Z   ...oks.events.ts |   66.66 |      100 |   66.66 |   66.66 | 30                
Quality Gates	Run coverage gate	2026-03-20T21:11:34.3744824Z   ...repository.ts |    3.03 |        0 |       0 |    3.84 | 8-68              
Quality Gates	Run coverage gate	2026-03-20T21:11:34.3745252Z   ...ks.service.ts |      65 |    57.14 |   57.14 |   68.42 | 28-40             
Quality Gates	Run coverage gate	2026-03-20T21:11:34.3745675Z   ...ooks.types.ts |     100 |      100 |     100 |     100 |                   
Quality Gates	Run coverage gate	2026-03-20T21:11:34.3746104Z  ...g/quote-engine |    87.5 |     65.3 |     100 |   88.73 |                   
Quality Gates	Run coverage gate	2026-03-20T21:11:34.3746548Z   ...uoteEngine.ts |   97.05 |    66.66 |     100 |     100 | 41,73-76          
Quality Gates	Run coverage gate	2026-03-20T21:11:34.3746981Z   normalize.ts     |   56.25 |    66.66 |     100 |   56.25 | ...24-25,29-30,46 
Quality Gates	Run coverage gate	2026-03-20T21:11:34.3747391Z   rank.ts          |   93.33 |     62.5 |     100 |   96.15 | 92                
Quality Gates	Run coverage gate	2026-03-20T21:11:34.3747812Z  ...ping/simulated |   86.11 |    48.14 |   83.33 |   89.65 |                   
Quality Gates	Run coverage gate	2026-03-20T21:11:34.3748256Z   ...ierAdapter.ts |   86.11 |    48.14 |   83.33 |   89.65 | 18-19,81          
Quality Gates	Run coverage gate	2026-03-20T21:11:34.3748729Z  ...dules/timeline |      35 |    29.88 |      75 |   35.35 |                   
Quality Gates	Run coverage gate	2026-03-20T21:11:34.3749281Z   ...ine.mapper.ts |   24.41 |    19.17 |      50 |    24.7 | 23-59,69-127      
Quality Gates	Run coverage gate	2026-03-20T21:11:34.3749703Z   ...ne.service.ts |     100 |    85.71 |     100 |     100 | 30-34             
Quality Gates	Run coverage gate	2026-03-20T21:11:34.3750131Z  .../src/providers |    1.94 |        0 |       0 |    2.02 |                   
Quality Gates	Run coverage gate	2026-03-20T21:11:34.3750561Z   ...o.provider.ts |    2.04 |        0 |       0 |    2.12 | 53-226            
Quality Gates	Run coverage gate	2026-03-20T21:11:34.3750992Z   ...o.provider.ts |    1.85 |        0 |       0 |    1.92 | 73-283            
Quality Gates	Run coverage gate	2026-03-20T21:11:34.3751552Z  .../server/twilio |   88.88 |       88 |     100 |   88.88 |                   
Quality Gates	Run coverage gate	2026-03-20T21:11:34.3751995Z   verifyWebhook.ts |   88.88 |       88 |     100 |   88.88 | 30,99-104         
Quality Gates	Run coverage gate	2026-03-20T21:11:34.3752437Z  ...e/src/services |    27.5 |     7.14 |      25 |   32.35 |                   
Quality Gates	Run coverage gate	2026-03-20T21:11:34.3752869Z   ...ts.service.ts |    27.5 |     7.14 |      25 |   32.35 | 69,72-88,108-141  
Quality Gates	Run coverage gate	2026-03-20T21:11:34.3753292Z  ...re/src/ui/auth |    12.5 |        0 |      50 |   14.28 |                   
Quality Gates	Run coverage gate	2026-03-20T21:11:34.3753718Z   ...ents-logic.ts |    12.5 |        0 |      50 |   14.28 | 19-35             
Quality Gates	Run coverage gate	2026-03-20T21:11:34.3754144Z  ...src/ui/cockpit |       0 |        0 |       0 |       0 |                   
Quality Gates	Run coverage gate	2026-03-20T21:11:34.3754572Z   ...nge-panel.tsx |       0 |        0 |       0 |       0 | 8-29              
Quality Gates	Run coverage gate	2026-03-20T21:11:34.3755016Z   module-link.tsx  |       0 |      100 |       0 |       0 | 8-12              
Quality Gates	Run coverage gate	2026-03-20T21:11:34.3755442Z   room-card.tsx    |       0 |      100 |       0 |       0 | 14                
Quality Gates	Run coverage gate	2026-03-20T21:11:34.3755873Z  .../ui/components |   23.07 |    19.28 |   29.41 |   23.86 |                   
Quality Gates	Run coverage gate	2026-03-20T21:11:34.3756289Z   Logo.tsx         |       0 |        0 |       0 |       0 | 13-20             
Quality Gates	Run coverage gate	2026-03-20T21:11:34.3756696Z   PageHeader.tsx   |       0 |        0 |       0 |       0 | 10                
Quality Gates	Run coverage gate	2026-03-20T21:11:34.3757149Z   badge.tsx        |     100 |    63.63 |     100 |     100 | 15-17,21-23       
Quality Gates	Run coverage gate	2026-03-20T21:11:34.3757569Z   button.tsx       |     100 |    68.42 |     100 |     100 | 26-32,34-35       
Quality Gates	Run coverage gate	2026-03-20T21:11:34.3757978Z   card.tsx         |      25 |    35.71 |      25 |      25 | 38-57             
Quality Gates	Run coverage gate	2026-03-20T21:11:34.3758395Z   ...f-section.tsx |     100 |      100 |     100 |     100 |                   
Quality Gates	Run coverage gate	2026-03-20T21:11:34.3758947Z   ...s-section.tsx |     100 |      100 |     100 |     100 |                   
Quality Gates	Run coverage gate	2026-03-20T21:11:34.3759361Z   icon.tsx         |   33.33 |        0 |       0 |   33.33 | 14-20             
Quality Gates	Run coverage gate	2026-03-20T21:11:34.3759751Z   index.ts         |       0 |        0 |       0 |       0 |                   
Quality Gates	Run coverage gate	2026-03-20T21:11:34.3760161Z   list-group.tsx   |       0 |        0 |       0 |       0 | 5-56              
Quality Gates	Run coverage gate	2026-03-20T21:11:34.3760584Z   ...readcrumb.tsx |       0 |        0 |       0 |       0 | 9-44              
Quality Gates	Run coverage gate	2026-03-20T21:11:34.3761000Z   nav-item.tsx     |       0 |        0 |       0 |       0 | 27                
Quality Gates	Run coverage gate	2026-03-20T21:11:34.3761524Z   progress.tsx     |      40 |        0 |       0 |      40 | 12-15             
Quality Gates	Run coverage gate	2026-03-20T21:11:34.3761950Z   ...alculator.tsx |   16.66 |      100 |   11.11 |   17.64 | 18-94             
Quality Gates	Run coverage gate	2026-03-20T21:11:34.3762387Z   route-guard.tsx  |   14.28 |        0 |      50 |   15.38 | 21-71             
Quality Gates	Run coverage gate	2026-03-20T21:11:34.3762822Z   text-field.tsx   |   16.66 |        0 |       0 |   16.66 | 14-19             
Quality Gates	Run coverage gate	2026-03-20T21:11:34.3763251Z  ...nts/data-table |    1.92 |        0 |       0 |    1.96 |                   
Quality Gates	Run coverage gate	2026-03-20T21:11:34.3763678Z   DataTable.tsx    |     2.7 |        0 |       0 |    2.77 | 77-212            
Quality Gates	Run coverage gate	2026-03-20T21:11:34.3764101Z   ...ableEmpty.tsx |       0 |        0 |       0 |       0 | 20                
Quality Gates	Run coverage gate	2026-03-20T21:11:34.3764524Z   ...ableError.tsx |       0 |        0 |       0 |       0 | 23                
Quality Gates	Run coverage gate	2026-03-20T21:11:34.3764947Z   ...agination.tsx |       0 |      100 |       0 |       0 | 13-71             
Quality Gates	Run coverage gate	2026-03-20T21:11:34.3765490Z   ...eSkeleton.tsx |       0 |        0 |       0 |       0 | 15-26             
Quality Gates	Run coverage gate	2026-03-20T21:11:34.3765909Z   ...leToolbar.tsx |       0 |        0 |       0 |       0 | 19-32             
Quality Gates	Run coverage gate	2026-03-20T21:11:34.3766312Z   index.ts         |       0 |        0 |       0 |       0 |                   
Quality Gates	Run coverage gate	2026-03-20T21:11:34.3766718Z  ...onents/filters |    0.65 |        0 |       0 |     0.7 |                   
Quality Gates	Run coverage gate	2026-03-20T21:11:34.3767149Z   FilterBar.tsx    |       0 |        0 |       0 |       0 | 33-150            
Quality Gates	Run coverage gate	2026-03-20T21:11:34.3767582Z   FilterDrawer.tsx |       0 |        0 |       0 |       0 | 17-43             
Quality Gates	Run coverage gate	2026-03-20T21:11:34.3768018Z   SavedViews.tsx   |    1.33 |        0 |       0 |    1.47 | 30-201            
Quality Gates	Run coverage gate	2026-03-20T21:11:34.3768451Z   filter-schema.ts |       0 |        0 |       0 |       0 |                   
Quality Gates	Run coverage gate	2026-03-20T21:11:34.3768861Z   index.ts         |       0 |        0 |       0 |       0 |                   
Quality Gates	Run coverage gate	2026-03-20T21:11:34.3769257Z   url-state.ts     |       0 |        0 |       0 |       0 | 8-57              
Quality Gates	Run coverage gate	2026-03-20T21:11:34.3769688Z  ...ilters/schemas |     100 |      100 |     100 |     100 |                   
Quality Gates	Run coverage gate	2026-03-20T21:11:34.3770098Z   core.ts          |     100 |      100 |     100 |     100 |                   
Quality Gates	Run coverage gate	2026-03-20T21:11:34.3770505Z  ...src/ui/context |   16.66 |        0 |       0 |   16.66 |                   
Quality Gates	Run coverage gate	2026-03-20T21:11:34.3770941Z   ...onContext.tsx |   16.66 |        0 |       0 |   16.66 | 22-30             
Quality Gates	Run coverage gate	2026-03-20T21:11:34.3771484Z  .../ui/foundation |    0.92 |        0 |       0 |    1.02 |                   
Quality Gates	Run coverage gate	2026-03-20T21:11:34.3771914Z   ...ction-bar.tsx |       0 |        0 |       0 |       0 | 20-22             
Quality Gates	Run coverage gate	2026-03-20T21:11:34.3772333Z   ...iew-modal.tsx |       0 |        0 |       0 |       0 | 40-147            
Quality Gates	Run coverage gate	2026-03-20T21:11:34.3772753Z   ...d-palette.tsx |       0 |        0 |       0 |       0 | 11-168            
Quality Gates	Run coverage gate	2026-03-20T21:11:34.3773166Z   index.tsx        |    4.08 |        0 |       0 |    4.16 | 11-443,466-538    
Quality Gates	Run coverage gate	2026-03-20T21:11:34.3773581Z   ...r-widgets.tsx |       0 |        0 |       0 |       0 | 10-169            
Quality Gates	Run coverage gate	2026-03-20T21:11:34.3773995Z   kanban.tsx       |       0 |        0 |       0 |       0 | 15-188            
Quality Gates	Run coverage gate	2026-03-20T21:11:34.3774404Z   ...rsal-list.tsx |       0 |        0 |       0 |       0 | 39-96             
Quality Gates	Run coverage gate	2026-03-20T21:11:34.3774963Z  ...e/src/ui/frank |       0 |        0 |       0 |       0 |                   
Quality Gates	Run coverage gate	2026-03-20T21:11:34.3775392Z   ...layground.tsx |       0 |        0 |       0 |       0 | 24-134            
Quality Gates	Run coverage gate	2026-03-20T21:11:34.3775819Z  ...ore/src/ui/lib |   26.08 |    28.57 |   17.64 |   27.64 |                   
Quality Gates	Run coverage gate	2026-03-20T21:11:34.3776251Z   safe-fetch.ts    |   55.55 |    63.88 |   33.33 |   59.18 | ...,90-92,106-123 
Quality Gates	Run coverage gate	2026-03-20T21:11:34.3776678Z   track-app.ts     |       0 |        0 |       0 |       0 | 9-27              
Quality Gates	Run coverage gate	2026-03-20T21:11:34.3777098Z   track-client.tsx |       0 |        0 |       0 |       0 | 26-77             
Quality Gates	Run coverage gate	2026-03-20T21:11:34.3777530Z   track.ts         |   13.63 |     4.54 |   33.33 |   12.19 | 19-89             
Quality Gates	Run coverage gate	2026-03-20T21:11:34.3777951Z  ...rc/ui/settings |   11.11 |     3.84 |   33.33 |   11.11 |                   
Quality Gates	Run coverage gate	2026-03-20T21:11:34.3778369Z   index.ts         |       0 |        0 |       0 |       0 |                   
Quality Gates	Run coverage gate	2026-03-20T21:11:34.3778775Z   ...ings-page.tsx |       0 |        0 |       0 |       0 | 19                
Quality Gates	Run coverage gate	2026-03-20T21:11:34.3779213Z   settings-row.tsx |       0 |        0 |       0 |       0 | 30-86             
Quality Gates	Run coverage gate	2026-03-20T21:11:34.3779647Z   ...s-section.tsx |     100 |       50 |     100 |     100 | 25                
Quality Gates	Run coverage gate	2026-03-20T21:11:34.3780079Z  ...e/src/ui/shell |   88.88 |     87.5 |     100 |    87.5 |                   
Quality Gates	Run coverage gate	2026-03-20T21:11:34.3780502Z   ...status-ui.tsx |   88.88 |     87.5 |     100 |    87.5 | 56                
Quality Gates	Run coverage gate	2026-03-20T21:11:34.3780930Z  ...e/src/ui/theme |    8.51 |        0 |       0 |    8.88 |                   
Quality Gates	Run coverage gate	2026-03-20T21:11:34.3781437Z   index.ts         |       0 |        0 |       0 |       0 |                   
Quality Gates	Run coverage gate	2026-03-20T21:11:34.3781976Z   ...-provider.tsx |    4.87 |        0 |       0 |    5.12 | 19-88             
Quality Gates	Run coverage gate	2026-03-20T21:11:34.3782414Z   theme-script.tsx |      50 |      100 |       0 |      50 | 18                
Quality Gates	Run coverage gate	2026-03-20T21:11:34.3782855Z   theme-toggle.tsx |      25 |        0 |       0 |      25 | 14-18             
Quality Gates	Run coverage gate	2026-03-20T21:11:34.3783334Z -------------------|---------|----------|---------|---------|-------------------
Quality Gates	Run coverage gate	2026-03-20T21:11:34.6551685Z ERROR: Coverage for branches (46.88%) does not meet global threshold (46.9%)
Quality Gates	Run coverage gate	2026-03-20T21:11:34.7197022Z ##[error]Process completed with exit code 1.
Quality Gates	Upload coverage artifacts	﻿2026-03-20T21:11:34.7272514Z ##[group]Run actions/upload-artifact@v4
Quality Gates	Upload coverage artifacts	2026-03-20T21:11:34.7272812Z with:
Quality Gates	Upload coverage artifacts	2026-03-20T21:11:34.7272992Z   name: coverage-report
Quality Gates	Upload coverage artifacts	2026-03-20T21:11:34.7273219Z   if-no-files-found: ignore
Quality Gates	Upload coverage artifacts	2026-03-20T21:11:34.7273582Z   path: coverage/coverage-summary.json
Quality Gates	Upload coverage artifacts	coverage/lcov.info
Quality Gates	Upload coverage artifacts	coverage/lcov-report
Quality Gates	Upload coverage artifacts	
Quality Gates	Upload coverage artifacts	2026-03-20T21:11:34.7274005Z   compression-level: 6
Quality Gates	Upload coverage artifacts	2026-03-20T21:11:34.7274210Z   overwrite: false
Quality Gates	Upload coverage artifacts	2026-03-20T21:11:34.7274403Z   include-hidden-files: false
Quality Gates	Upload coverage artifacts	2026-03-20T21:11:34.7274621Z ##[endgroup]
Quality Gates	Upload coverage artifacts	2026-03-20T21:11:35.1167645Z Multiple search paths detected. Calculating the least common ancestor of all paths
Quality Gates	Upload coverage artifacts	2026-03-20T21:11:35.1171136Z The least common ancestor is /home/runner/work/projeto-condstore/projeto-condstore/coverage. This will be the root directory of the artifact
Quality Gates	Upload coverage artifacts	2026-03-20T21:11:35.1172754Z With the provided path, there will be 602 files uploaded
Quality Gates	Upload coverage artifacts	2026-03-20T21:11:35.1177359Z Artifact name is valid!
Quality Gates	Upload coverage artifacts	2026-03-20T21:11:35.1178525Z Root directory input is valid!
Quality Gates	Upload coverage artifacts	2026-03-20T21:11:35.3264190Z Beginning upload of artifact content to blob storage
Quality Gates	Upload coverage artifacts	2026-03-20T21:11:36.3822447Z Uploaded bytes 1912768
Quality Gates	Upload coverage artifacts	2026-03-20T21:11:36.4358396Z Finished uploading artifact content to blob storage!
Quality Gates	Upload coverage artifacts	2026-03-20T21:11:36.4362206Z SHA256 digest of uploaded artifact zip is 9ce0ac3a08de27b93e9dfda58790df0e46cded191d314af384f59410dad1aea8
Quality Gates	Upload coverage artifacts	2026-03-20T21:11:36.4363799Z Finalizing artifact upload
Quality Gates	Upload coverage artifacts	2026-03-20T21:11:36.5568850Z Artifact coverage-report.zip successfully finalized. Artifact ID 6033680755
Quality Gates	Upload coverage artifacts	2026-03-20T21:11:36.5570177Z Artifact coverage-report has been successfully uploaded! Final size is 1912768 bytes. Artifact ID is 6033680755
Quality Gates	Upload coverage artifacts	2026-03-20T21:11:36.5579061Z Artifact download URL: https://github.com/catcaio/projeto-condstore/actions/runs/23362285739/artifacts/6033680755
Quality Gates	Upload QA Artifacts	﻿2026-03-20T21:11:36.5781540Z ##[group]Run actions/upload-artifact@v4
Quality Gates	Upload QA Artifacts	2026-03-20T21:11:36.5781848Z with:
Quality Gates	Upload QA Artifacts	2026-03-20T21:11:36.5782043Z   name: qa-snapshots-artifacts
Quality Gates	Upload QA Artifacts	2026-03-20T21:11:36.5782284Z   path: .qa/artifacts
Quality Gates	Upload QA Artifacts	2026-03-20T21:11:36.5782499Z   if-no-files-found: warn
Quality Gates	Upload QA Artifacts	2026-03-20T21:11:36.5782720Z   compression-level: 6
Quality Gates	Upload QA Artifacts	2026-03-20T21:11:36.5782919Z   overwrite: false
Quality Gates	Upload QA Artifacts	2026-03-20T21:11:36.5783117Z   include-hidden-files: false
Quality Gates	Upload QA Artifacts	2026-03-20T21:11:36.5783345Z ##[endgroup]
Quality Gates	Upload QA Artifacts	2026-03-20T21:11:36.7909408Z ##[warning]No files were found with the provided path: .qa/artifacts. No artifacts will be uploaded.
Quality Gates	Post Checkout Repository	﻿2026-03-20T21:11:36.8056197Z Post job cleanup.
Quality Gates	Post Checkout Repository	2026-03-20T21:11:36.9003752Z [command]/usr/bin/git version
Quality Gates	Post Checkout Repository	2026-03-20T21:11:36.9041376Z git version 2.53.0
Quality Gates	Post Checkout Repository	2026-03-20T21:11:36.9085654Z Temporarily overriding HOME='/home/runner/work/_temp/6bb971ca-aff0-45b0-80b5-fffb0dee9fed' before making global git config changes
Quality Gates	Post Checkout Repository	2026-03-20T21:11:36.9087237Z Adding repository directory to the temporary git global config as a safe directory
Quality Gates	Post Checkout Repository	2026-03-20T21:11:36.9100515Z [command]/usr/bin/git config --global --add safe.directory /home/runner/work/projeto-condstore/projeto-condstore
Quality Gates	Post Checkout Repository	2026-03-20T21:11:36.9136364Z [command]/usr/bin/git config --local --name-only --get-regexp core\.sshCommand
Quality Gates	Post Checkout Repository	2026-03-20T21:11:36.9170216Z [command]/usr/bin/git submodule foreach --recursive sh -c "git config --local --name-only --get-regexp 'core\.sshCommand' && git config --local --unset-all 'core.sshCommand' || :"
Quality Gates	Post Checkout Repository	2026-03-20T21:11:36.9414664Z [command]/usr/bin/git config --local --name-only --get-regexp http\.https\:\/\/github\.com\/\.extraheader
Quality Gates	Post Checkout Repository	2026-03-20T21:11:36.9436260Z http.https://github.com/.extraheader
Quality Gates	Post Checkout Repository	2026-03-20T21:11:36.9450173Z [command]/usr/bin/git config --local --unset-all http.https://github.com/.extraheader
Quality Gates	Post Checkout Repository	2026-03-20T21:11:36.9482740Z [command]/usr/bin/git submodule foreach --recursive sh -c "git config --local --name-only --get-regexp 'http\.https\:\/\/github\.com\/\.extraheader' && git config --local --unset-all 'http.https://github.com/.extraheader' || :"
Quality Gates	Post Checkout Repository	2026-03-20T21:11:36.9719210Z [command]/usr/bin/git config --local --name-only --get-regexp ^includeIf\.gitdir:
Quality Gates	Post Checkout Repository	2026-03-20T21:11:36.9751779Z [command]/usr/bin/git submodule foreach --recursive git config --local --show-origin --name-only --get-regexp remote.origin.url
Quality Gates	Complete job	﻿2026-03-20T21:11:37.0093773Z Cleaning up orphan processes
Quality Gates	Complete job	2026-03-20T21:11:37.0402361Z ##[warning]Node.js 20 actions are deprecated. The following actions are running on Node.js 20 and may not work as expected: actions/checkout@v4, actions/setup-node@v4, actions/upload-artifact@v4. Actions will be forced to run with Node.js 24 by default starting June 2nd, 2026. Please check if updated versions of these actions are available that support Node.js 24. To opt into Node.js 24 now, set the FORCE_JAVASCRIPT_ACTIONS_TO_NODE24=true environment variable on the runner or in your workflow file. Once Node.js 24 becomes the default, you can temporarily opt out by setting ACTIONS_ALLOW_USE_UNSECURE_NODE_VERSION=true. For more information see: https://github.blog/changelog/2025-09-19-deprecation-of-node-20-on-github-actions-runners/
